-------------------------------------------------------------------------- 
                   Lithosphere and Mantle Evolution Model                   
     Compiled: Date: Oct  2 2024 - Time: 12:03:10 	    
     Version : 2.1.4 
-------------------------------------------------------------------------- 
        STAGGERED-GRID FINITE DIFFERENCE CANONICAL IMPLEMENTATION           
-------------------------------------------------------------------------- 
Parsing input file : Subduction_VEP.dat 
   Adding PETSc option: -snes_monitor
   Adding PETSc option: -snes_atol 1e-4
   Adding PETSc option: -snes_rtol 1e-6
   Adding PETSc option: -snes_stol 1e-16
   Adding PETSc option: -snes_max_it 50
   Adding PETSc option: -snes_max_funcs 500000
   Adding PETSc option: -snes_max_linear_solve_fail 10000
   Adding PETSc option: -snes_Picard_max_it 10
   Adding PETSc option: -snes_PicardSwitchToNewton_rtol 1e-3
   Adding PETSc option: -snes_NewtonSwitchToPicard_it 10
   Adding PETSc option: -snes_NewtonSwitchToPicard_rtol 1.1
   Adding PETSc option: -snes_linesearch_monitor
   Adding PETSc option: -snes_linesearch_type l2
   Adding PETSc option: -snes_linesearch_maxstep 1.1
   Adding PETSc option: -js_ksp_type fgmres
   Adding PETSc option: -js_ksp_max_it 40
   Adding PETSc option: -js_ksp_converged_reason
   Adding PETSc option: -js_ksp_monitor
   Adding PETSc option: -js_ksp_rtol 1e-4
   Adding PETSc option: -js_ksp_atol 1e-8
   Adding PETSc option: -jp_type mg
   Adding PETSc option: -gmg_pc_type mg
   Adding PETSc option: -gmg_pc_mg_levels 2
   Adding PETSc option: -gmg_pc_mg_galerkin
   Adding PETSc option: -gmg_pc_mg_type multiplicative
   Adding PETSc option: -gmg_pc_mg_cycle_type v
   Adding PETSc option: -gmg_mg_levels_ksp_type richardson
   Adding PETSc option: -gmg_mg_levels_ksp_richardson_scale 0.5
   Adding PETSc option: -gmg_mg_levels_ksp_max_it 20
   Adding PETSc option: -gmg_mg_levels_pc_type jacobi
   Adding PETSc option: -crs_ksp_type preonly
   Adding PETSc option: -crs_pc_type lu
   Adding PETSc option: -crs_pc_factor_mat_solver_type mumps
   Adding PETSc option: -da_refine_y 1
   Adding PETSc option: -objects_dump
Finished parsing input file 
--------------------------------------------------------------------------
Scaling parameters:
   Temperature : 1000. [C/K] 
   Length      : 1e+06 [m] 
   Viscosity   : 1e+20 [Pa*s] 
   Stress      : 1e+10 [Pa] 
--------------------------------------------------------------------------
Time stepping parameters:
   Simulation end time          : 0.06 [Myr] 
   Maximum number of steps      : 2 
   Time step                    : 0.0001 [Myr] 
   Minimum time step            : 1e-06 [Myr] 
   Maximum time step            : 0.03 [Myr] 
   Time step increase factor    : 0.1 
   CFL criterion                : 0.5 
   CFLMAX (fixed time steps)    : 0.8 
   Output every [n] steps       : 1 
   Output [n] initial steps     : 1 
--------------------------------------------------------------------------
Grid parameters:
   Total number of cpu                  : 2 
   Processor grid  [nx, ny, nz]         : [1, 1, 2]
   Fine grid cells [nx, ny, nz]         : [64, 2, 128]
   Number of cells                      :  16384
   Number of faces                      :  57728
   Maximum cell aspect ratio            :  7.81250
   Lower coordinate bounds [bx, by, bz] : [-1000., -30., -660.]
   Upper coordinate bounds [ex, ey, ez] : [1000., 30., 20.]
--------------------------------------------------------------------------
--------------------------------------------------------------------------
Material parameters: 
--------------------------------------------------------------------------
   Phase ID : 0   
   (dens)   : rho = 100. [kg/m^3]  
   (elast)  : G = 7.4e+10 [Pa]  Vs = 27202.9 [m/s]  
   (diff)   : eta = 1e+18 [Pa*s]  Bd = 5e-19 [1/Pa/s]  
   (temp)   : Cp = 1e+06 [J/kg/K]  k = 100. [W/m/k]  

   Phase ID : 1   
   diffusion creep profile  : Dry_Olivine_diff_creep-Hirth_Kohlstedt_2003
   dislocation creep profile: Dry_Olivine_disl_creep-Hirth_Kohlstedt_2003
   (dens)   : rho = 3300. [kg/m^3]  
   (elast)  : G = 7.4e+10 [Pa]  Vs = 4735.42 [m/s]  
   (diff)   : Bd = 1.5e-09 [1/Pa/s]  Ed = 375000. [J/mol]  Vd = 5e-06 [m^3/mol]  
   (disl)   : Bn = 6.22254e-16 [1/Pa^n/s]  En = 530000. [J/mol]  Vn = 1.5e-05 [m^3/mol]  n = 3.5 [ ]  
   (plast)  : ch = 2e+07 [Pa]  fr = 30. [deg]  
   (temp)   : alpha = 1e-05 [1/K]  Cp = 1200. [J/kg/K]  k = 2.5 [W/m/k]  

   Phase ID : 2   
   dislocation creep profile: Wet_Olivine-Ranalli_1995
   (dens)   : rho = 3200. [kg/m^3]  
   (elast)  : G = 7.4e+10 [Pa]  Vs = 4808.85 [m/s]  
   (disl)   : Bn = 1.55885e-20 [1/Pa^n/s]  En = 471000. [J/mol]  n = 4. [ ]  
   (plast)  : ch = 1e+07 [Pa]  fr = 5. [deg]  
   (temp)   : alpha = 1e-05 [1/K]  Cp = 1200. [J/kg/K]  k = 2.5 [W/m/k]  

   Phase ID : 3   
   dislocation creep profile: Wet_Quarzite-Ranalli_1995
   (dens)   : rho = 2900. [kg/m^3]  
   (elast)  : G = 3.6e+10 [Pa]  Vs = 3523.32 [m/s]  
   (disl)   : Bn = 1.55371e-17 [1/Pa^n/s]  En = 154000. [J/mol]  n = 2.3 [ ]  
   (plast)  : ch = 2e+07 [Pa]  fr = 5. [deg]  
   (temp)   : alpha = 1e-05 [1/K]  Cp = 1200. [J/kg/K]  k = 2.5 [W/m/k]  

   Phase ID : 4   
   dislocation creep profile: Dry_Olivine_disl_creep-Hirth_Kohlstedt_2003
   (dens)   : rho = 3300. [kg/m^3]  
   (elast)  : G = 7.4e+10 [Pa]  Vs = 4735.42 [m/s]  
   (disl)   : Bn = 6.22254e-16 [1/Pa^n/s]  En = 530000. [J/mol]  Vn = 1.5e-05 [m^3/mol]  n = 3.5 [ ]  
   (plast)  : ch = 2e+07 [Pa]  fr = 30. [deg]  
   (temp)   : alpha = 1e-05 [1/K]  Cp = 1200. [J/kg/K]  k = 2.5 [W/m/k]  

   Phase ID : 5   
   dislocation creep profile: Dry_Olivine_disl_creep-Hirth_Kohlstedt_2003
   (dens)   : rho = 3300. [kg/m^3]  
   (elast)  : G = 7.4e+10 [Pa]  Vs = 4735.42 [m/s]  
   (disl)   : Bn = 6.22254e-16 [1/Pa^n/s]  En = 530000. [J/mol]  Vn = 1.5e-05 [m^3/mol]  n = 3.5 [ ]  
   (plast)  : ch = 2e+07 [Pa]  fr = 30. [deg]  
   (temp)   : alpha = 1e-05 [1/K]  Cp = 1200. [J/kg/K]  k = 2.5 [W/m/k]  

--------------------------------------------------------------------------
--------------------------------------------------------------------------
Free surface parameters: 
   Sticky air phase ID       : 0 
   Initial surface level     : 0. [km] 
   Erosion model             : none
   Sedimentation model       : none
   Correct marker phases     @ 
--------------------------------------------------------------------------
Boundary condition parameters: 
   No-slip boundary mask [lt rt ft bk bm tp]  : 0 0 0 0 0 0 
   Number of Bezier blocks                    : 1 
   Open top boundary                          @ 
   Top boundary temperature                   : 0. [C] 
   Bottom boundary temperature                : 1478. [C] 
--------------------------------------------------------------------------
Solution parameters & controls:
   Gravity [gx, gy, gz]                    : [0., 0., -10.] [m/s^2] 
   Surface stabilization (FSSA)            :  1. 
   Activate temperature diffusion          @ 
   Compute initial guess                   @ 
   Use lithostatic pressure for creep      @ 
   Limit pressure at first iteration       @ 
   Minimum viscosity                       : 1e+18 [Pa*s] 
   Maximum viscosity                       : 1e+24 [Pa*s] 
   Reference viscosity (initial guess)     : 1e+22 [Pa*s] 
   Universal gas constant                  : 8.31446 [J/mol/K] 
   Max. melt fraction (viscosity, density) : 1.    
   Rheology iteration number               : 25  
   Rheology iteration tolerance            : 1e-06    
   Ground water level type                 : none 
--------------------------------------------------------------------------
Advection parameters:
   Advection scheme              : Euler 1-st order (basic implementation)
   Periodic marker advection     : 0 0 0 
   Marker setup scheme           : binary files (MATLAB)
   Velocity interpolation scheme : STAG (linear)
   Marker control type           : subgrid 
   Markers per cell [nx, ny, nz] : [3, 3, 3] 
   Marker distribution type      : uniform
--------------------------------------------------------------------------
Loading markers in parallel from file(s) <./markers/mdb> ... done (0.0336309 sec)
--------------------------------------------------------------------------
Output parameters:
   Output file name                        : subduction 
   Write .pvd file                         : yes 
   Phase                                   @ 
   Density                                 @ 
   Total effective viscosity               @ 
   Creep effective viscosity               @ 
   Velocity                                @ 
   Pressure                                @ 
   Temperature                             @ 
   Deviatoric stress tensor                @ 
   Deviatoric stress second invariant      @ 
   Deviatoric strain rate tensor           @ 
   Deviatoric strain rate second invariant @ 
   Accumulated Plastic Strain (APS)        @ 
   Total displacements                     @ 
   Momentum residual                       @ 
   Continuity residual                     @ 
   energy residual                         @ 
--------------------------------------------------------------------------
Surface output parameters:
   Write .pvd file : yes 
   Velocity        @ 
   Topography      @ 
   Amplitude       @ 
--------------------------------------------------------------------------
Preconditioner parameters: 
   Matrix type                   : monolithic
   Schur preconditioner type     : inv_eta 
   Preconditioner type           : coupled Galerkin geometric multigrid
   Global coarse grid [nx,ny,nz] : [32, 2, 64]
   Local coarse grid  [nx,ny,nz] : [32, 2, 32]
   Number of multigrid levels    :  2
--------------------------------------------------------------------------
Solver parameters specified: 
   Outermost Krylov solver       : fgmres 
   Solver type                   : multigrid 
   Multigrid refinement in x/z 
   Multigrid smoother levels KSP : richardson 
   Multigrid dampening parameter : 0.500000 
   Multigrid smoother levels PC  : jacobi 
   Number of smoothening steps   : 20 
   Coarse level KSP              : preonly 
   Coarse level PC               : lu 
   Coarse level solver package   : mumps 
--------------------------------------------------------------------------
============================== INITIAL GUESS =============================
--------------------------------------------------------------------------
  0 SNES Function norm 4.666886252576e+02 
  0 PICARD ||F||/||F0||=1.000000e+00 
    Residual norms for js_ solve.
    0 KSP Residual norm 4.666886252576e+02 
    1 KSP Residual norm 4.496573027352e+02 
    2 KSP Residual norm 1.718853201134e+02 
    3 KSP Residual norm 6.169599249154e+01 
    4 KSP Residual norm 2.157149443471e+01 
    5 KSP Residual norm 7.053691541542e+00 
    6 KSP Residual norm 2.571451510310e+00 
    7 KSP Residual norm 1.376574690764e+00 
    8 KSP Residual norm 1.031046067252e+00 
    9 KSP Residual norm 8.434937814300e-01 
   10 KSP Residual norm 6.047099399815e-01 
   11 KSP Residual norm 3.180818533535e-01 
   12 KSP Residual norm 1.627084953474e-01 
   13 KSP Residual norm 8.016111272089e-02 
   14 KSP Residual norm 3.957709123037e-02 
  Linear js_ solve converged due to CONVERGED_RTOL iterations 14
      Line search: lambdas = [1., 0.5, 0.], fnorms = [0.0395771, 233.344, 466.689]
      Line search terminated: lambda = 1., fnorms = 0.0395771
  1 SNES Function norm 3.957709125885e-02 
  1 MMFD   ||F||/||F0||=8.480406e-05 
    Residual norms for js_ solve.
    0 KSP Residual norm 3.957709125885e-02 
    1 KSP Residual norm 3.957708018244e-02 
    2 KSP Residual norm 3.957704203836e-02 
    3 KSP Residual norm 3.957692196126e-02 
    4 KSP Residual norm 3.940007396892e-02 
    5 KSP Residual norm 3.916904017856e-02 
    6 KSP Residual norm 3.807031950605e-02 
    7 KSP Residual norm 3.310935629498e-02 
    8 KSP Residual norm 1.756431976729e-02 
    9 KSP Residual norm 1.645540597450e-02 
   10 KSP Residual norm 1.231746376175e-02 
   11 KSP Residual norm 9.082711811138e-03 
   12 KSP Residual norm 5.111779562078e-03 
   13 KSP Residual norm 2.141608082746e-03 
   14 KSP Residual norm 9.723709145826e-04 
   15 KSP Residual norm 3.961283261282e-04 
   16 KSP Residual norm 2.172447825439e-04 
   17 KSP Residual norm 1.066682919679e-04 
   18 KSP Residual norm 6.843233726406e-05 
   19 KSP Residual norm 3.926613785152e-05 
   20 KSP Residual norm 2.098761042434e-05 
   21 KSP Residual norm 1.347609116234e-05 
   22 KSP Residual norm 8.641076015826e-06 
   23 KSP Residual norm 4.721974828013e-06 
   24 KSP Residual norm 2.855855915905e-06 
  Linear js_ solve converged due to CONVERGED_RTOL iterations 24
      Line search: lambdas = [1., 0.5, 0.], fnorms = [7.24887, 3.62448, 0.0395771]
      Line search terminated: lambda = 3.21225e-05, fnorms = 0.0395764
  2 SNES Function norm 3.957638893946e-02 
  2 MMFD   ||F||/||F0||=8.480256e-05 
    Residual norms for js_ solve.
    0 KSP Residual norm 3.957638893946e-02 
    1 KSP Residual norm 3.957375989814e-02 
    2 KSP Residual norm 3.956765609755e-02 
    3 KSP Residual norm 3.921453352687e-02 
    4 KSP Residual norm 3.889087618349e-02 
    5 KSP Residual norm 3.382145170793e-02 
    6 KSP Residual norm 2.089357583946e-02 
    7 KSP Residual norm 9.205720699723e-03 
    8 KSP Residual norm 3.474394997566e-03 
    9 KSP Residual norm 1.534332550546e-03 
   10 KSP Residual norm 6.543819406156e-04 
   11 KSP Residual norm 2.963739199829e-04 
   12 KSP Residual norm 1.852477853015e-04 
   13 KSP Residual norm 1.254496007452e-04 
   14 KSP Residual norm 7.730940260746e-05 
   15 KSP Residual norm 4.832429893261e-05 
   16 KSP Residual norm 2.650157981553e-05 
   17 KSP Residual norm 1.366946053431e-05 
   18 KSP Residual norm 8.649973433746e-06 
   19 KSP Residual norm 4.528097008482e-06 
   20 KSP Residual norm 2.101049817156e-06 
  Linear js_ solve converged due to CONVERGED_RTOL iterations 20
      Line search: lambdas = [1., 0.5, 0.], fnorms = [2.34657e-05, 0.0197881, 0.0395764]
      Line search terminated: lambda = 0.999996, fnorms = 2.34651e-05
  3 SNES Function norm 2.346513909203e-05 
--------------------------------------------------------------------------
SNES Convergence Reason : ||F|| < atol 
Number of iterations    : 3
SNES solution time      : 2.55106 (sec)
--------------------------------------------------------------------------
Residual summary: 
   Continuity: 
      |Div|_inf = 3.923180704832e-10 
      |Div|_2   = 2.522319788311e-08 
   Momentum: 
      |mRes|_2  = 2.346512553553e-05 
   Energy: 
      |eRes|_2  = 3.412137337074e-15 
--------------------------------------------------------------------------
Saving output ... done (0.0061643 sec)
--------------------------------------------------------------------------
================================= STEP 1 =================================
--------------------------------------------------------------------------
Current time        : 0.00000000 [Myr] 
Tentative time step : 0.00010000 [Myr] 
--------------------------------------------------------------------------
  0 SNES Function norm 2.437710409402e+01 
  0 PICARD ||F||/||F0||=1.000000e+00 
    Residual norms for js_ solve.
    0 KSP Residual norm 2.437710409402e+01 
    1 KSP Residual norm 6.467079535764e+00 
    2 KSP Residual norm 3.143047115171e+00 
    3 KSP Residual norm 1.350727135425e+00 
    4 KSP Residual norm 8.569224439825e-01 
    5 KSP Residual norm 7.061226896407e-01 
    6 KSP Residual norm 4.860655397633e-01 
    7 KSP Residual norm 2.295945131814e-01 
    8 KSP Residual norm 1.181558318132e-01 
    9 KSP Residual norm 5.776331544913e-02 
   10 KSP Residual norm 3.072111432747e-02 
   11 KSP Residual norm 1.084832599089e-02 
   12 KSP Residual norm 5.804953537739e-03 
   13 KSP Residual norm 2.983070529267e-03 
   14 KSP Residual norm 1.232722454164e-03 
  Linear js_ solve converged due to CONVERGED_RTOL iterations 14
      Line search: lambdas = [1., 0.5, 0.], fnorms = [0.204359, 12.188, 24.3771]
      Line search terminated: lambda = 0.999853, fnorms = 0.204337
  1 SNES Function norm 2.043372584152e-01 
  1 PICARD ||F||/||F0||=8.382343e-03 
    Residual norms for js_ solve.
    0 KSP Residual norm 2.043372584152e-01 
    1 KSP Residual norm 5.880864049831e-02 
    2 KSP Residual norm 3.213981679889e-02 
    3 KSP Residual norm 1.742701115511e-02 
    4 KSP Residual norm 6.563216087551e-03 
    5 KSP Residual norm 4.454849418080e-03 
    6 KSP Residual norm 1.996871074146e-03 
    7 KSP Residual norm 1.014015480850e-03 
    8 KSP Residual norm 5.807971439764e-04 
    9 KSP Residual norm 2.384395350825e-04 
   10 KSP Residual norm 1.320862461588e-04 
   11 KSP Residual norm 6.870013945715e-05 
   12 KSP Residual norm 2.754715484948e-05 
   13 KSP Residual norm 1.605306706551e-05 
  Linear js_ solve converged due to CONVERGED_RTOL iterations 13
      Line search: lambdas = [1., 0.5, 0.], fnorms = [0.166021, 0.151572, 0.204337]
      Line search terminated: lambda = 0.651814, fnorms = 0.146509
  2 SNES Function norm 1.465093403291e-01 
  2 PICARD ||F||/||F0||=6.010121e-03 
    Residual norms for js_ solve.
    0 KSP Residual norm 1.465093403291e-01 
    1 KSP Residual norm 4.075204691214e-02 
    2 KSP Residual norm 2.196024327063e-02 
    3 KSP Residual norm 1.204848334969e-02 
    4 KSP Residual norm 3.902327888849e-03 
    5 KSP Residual norm 2.640460823852e-03 
    6 KSP Residual norm 1.212629982934e-03 
    7 KSP Residual norm 6.555232666115e-04 
    8 KSP Residual norm 3.725138690995e-04 
    9 KSP Residual norm 1.529617942300e-04 
   10 KSP Residual norm 8.760584226695e-05 
   11 KSP Residual norm 4.341500321870e-05 
   12 KSP Residual norm 1.906442819428e-05 
   13 KSP Residual norm 1.163081898248e-05 
  Linear js_ solve converged due to CONVERGED_RTOL iterations 13
      Line search: lambdas = [1., 0.5, 0.], fnorms = [0.123289, 0.119338, 0.146509]
      Line search terminated: lambda = 0.691408, fnorms = 0.116211
  3 SNES Function norm 1.162109499772e-01 
  3 PICARD ||F||/||F0||=4.767217e-03 
    Residual norms for js_ solve.
    0 KSP Residual norm 1.162109499772e-01 
    1 KSP Residual norm 2.544572263895e-02 
    2 KSP Residual norm 1.318789976913e-02 
    3 KSP Residual norm 7.447865021233e-03 
    4 KSP Residual norm 2.161044702202e-03 
    5 KSP Residual norm 1.360663015985e-03 
    6 KSP Residual norm 6.503784135898e-04 
    7 KSP Residual norm 3.488291986593e-04 
    8 KSP Residual norm 2.008157165350e-04 
    9 KSP Residual norm 8.717126472192e-05 
   10 KSP Residual norm 4.641241926379e-05 
   11 KSP Residual norm 2.328156952765e-05 
   12 KSP Residual norm 1.003948022726e-05 
  Linear js_ solve converged due to CONVERGED_RTOL iterations 12
      Line search: lambdas = [1., 0.5, 0.], fnorms = [0.0814301, 0.0936004, 0.116211]
      Line search terminated: lambda = 1., fnorms = 0.0814301
  4 SNES Function norm 8.143005245216e-02 
  4 PICARD ||F||/||F0||=3.340432e-03 
    Residual norms for js_ solve.
    0 KSP Residual norm 8.143005245216e-02 
    1 KSP Residual norm 1.184166597095e-02 
    2 KSP Residual norm 5.660237359146e-03 
    3 KSP Residual norm 3.389433099513e-03 
    4 KSP Residual norm 1.030182965841e-03 
    5 KSP Residual norm 5.851941402792e-04 
    6 KSP Residual norm 2.893050785985e-04 
    7 KSP Residual norm 1.476967664368e-04 
    8 KSP Residual norm 8.822246060084e-05 
    9 KSP Residual norm 3.850208172749e-05 
   10 KSP Residual norm 2.030545308195e-05 
   11 KSP Residual norm 1.083048395332e-05 
   12 KSP Residual norm 5.104898101621e-06 
  Linear js_ solve converged due to CONVERGED_RTOL iterations 12
      Line search: lambdas = [1., 0.5, 0.], fnorms = [0.0406163, 0.0599997, 0.0814301]
      Line search terminated: lambda = 1., fnorms = 0.0406163
  5 SNES Function norm 4.061632967569e-02 
  5 PICARD ||F||/||F0||=1.666167e-03 
    Residual norms for js_ solve.
    0 KSP Residual norm 4.061632967569e-02 
    1 KSP Residual norm 5.887621937592e-03 
    2 KSP Residual norm 2.771528554745e-03 
    3 KSP Residual norm 1.707907518403e-03 
    4 KSP Residual norm 5.831931083820e-04 
    5 KSP Residual norm 3.431792337482e-04 
    6 KSP Residual norm 1.756494765177e-04 
    7 KSP Residual norm 9.149864649388e-05 
    8 KSP Residual norm 5.461600866698e-05 
    9 KSP Residual norm 2.280072588234e-05 
   10 KSP Residual norm 1.252697696031e-05 
   11 KSP Residual norm 6.184246915008e-06 
   12 KSP Residual norm 3.120115673322e-06 
  Linear js_ solve converged due to CONVERGED_RTOL iterations 12
      Line search: lambdas = [1., 0.5, 0.], fnorms = [0.0201737, 0.0301118, 0.0406163]
      Line search terminated: lambda = 1., fnorms = 0.0201737
  6 SNES Function norm 2.017367995054e-02 
  6 MMFD   ||F||/||F0||=8.275667e-04 
    Residual norms for js_ solve.
    0 KSP Residual norm 2.017367995054e-02 
    1 KSP Residual norm 7.038109540570e-03 
    2 KSP Residual norm 3.710770827523e-03 
    3 KSP Residual norm 2.442604289854e-03 
    4 KSP Residual norm 1.378666831087e-03 
    5 KSP Residual norm 7.722879687353e-04 
    6 KSP Residual norm 4.018989223096e-04 
    7 KSP Residual norm 2.538158345563e-04 
    8 KSP Residual norm 1.416257738475e-04 
    9 KSP Residual norm 7.959883065200e-05 
   10 KSP Residual norm 4.514918841200e-05 
   11 KSP Residual norm 2.505943743169e-05 
   12 KSP Residual norm 1.664044127104e-05 
   13 KSP Residual norm 9.008786672655e-06 
   14 KSP Residual norm 5.551758072672e-06 
   15 KSP Residual norm 3.319594843863e-06 
   16 KSP Residual norm 1.884074021484e-06 
  Linear js_ solve converged due to CONVERGED_RTOL iterations 16
      Line search: lambdas = [1., 0.5, 0.], fnorms = [0.00410272, 0.0104614, 0.0201737]
      Line search terminated: lambda = 0.975949, fnorms = 0.0041012
  7 SNES Function norm 4.101200290825e-03 
  7 MMFD   ||F||/||F0||=1.682398e-04 
    Residual norms for js_ solve.
    0 KSP Residual norm 4.101200290825e-03 
    1 KSP Residual norm 8.840768031668e-04 
    2 KSP Residual norm 4.207431996821e-04 
    3 KSP Residual norm 1.811290310646e-04 
    4 KSP Residual norm 9.617672205622e-05 
    5 KSP Residual norm 5.410623600916e-05 
    6 KSP Residual norm 3.032884687674e-05 
    7 KSP Residual norm 1.802081468600e-05 
    8 KSP Residual norm 1.064054394646e-05 
    9 KSP Residual norm 5.840282950923e-06 
   10 KSP Residual norm 3.266182451398e-06 
   11 KSP Residual norm 1.804490698625e-06 
   12 KSP Residual norm 1.172806151747e-06 
   13 KSP Residual norm 6.834872929719e-07 
   14 KSP Residual norm 3.744766357128e-07 
  Linear js_ solve converged due to CONVERGED_RTOL iterations 14
      Line search: lambdas = [1., 0.5, 0.], fnorms = [0.000176636, 0.00204847, 0.0041012]
      Line search terminated: lambda = 0.996203, fnorms = 0.000176335
  8 SNES Function norm 1.763354290052e-04 
  8 MMFD   ||F||/||F0||=7.233650e-06 
    Residual norms for js_ solve.
    0 KSP Residual norm 1.763354290052e-04 
    1 KSP Residual norm 2.834907603891e-05 
    2 KSP Residual norm 1.273614198367e-05 
    3 KSP Residual norm 4.806487210104e-06 
    4 KSP Residual norm 1.697175691305e-06 
    5 KSP Residual norm 9.788619438128e-07 
    6 KSP Residual norm 4.414714899194e-07 
    7 KSP Residual norm 2.663089013695e-07 
    8 KSP Residual norm 1.485861715547e-07 
    9 KSP Residual norm 9.423474049597e-08 
   10 KSP Residual norm 4.995106781688e-08 
   11 KSP Residual norm 2.660135937089e-08 
   12 KSP Residual norm 1.631106130954e-08 
  Linear js_ solve converged due to CONVERGED_RTOL iterations 12
      Line search: lambdas = [1., 0.5, 0.], fnorms = [3.87283e-06, 8.80458e-05, 0.000176335]
      Line search terminated: lambda = 0.997902, fnorms = 3.8574e-06
  9 SNES Function norm 3.857399755889e-06 
--------------------------------------------------------------------------
SNES Convergence Reason : ||F|| < atol 
Number of iterations    : 9
SNES solution time      : 8.17966 (sec)
--------------------------------------------------------------------------
Residual summary: 
   Continuity: 
      |Div|_inf = 1.342225566803e-10 
      |Div|_2   = 8.386853148011e-10 
   Momentum: 
      |mRes|_2  = 3.857399664714e-06 
   Energy: 
      |eRes|_2  = 3.412137337074e-15 
--------------------------------------------------------------------------
Actual time step : 0.00010 [Myr] 
--------------------------------------------------------------------------
Performing marker control (subgrid algorithm)
Marker control [0]: (subgrid) cloned 0 markers and merged 0 markers in 1.1011e-02 s
--------------------------------------------------------------------------
Saving output ... done (0.0058726 sec)
--------------------------------------------------------------------------
================================= STEP 2 =================================
--------------------------------------------------------------------------
Current time        : 0.00010000 [Myr] 
Tentative time step : 0.00011000 [Myr] 
--------------------------------------------------------------------------
  0 SNES Function norm 1.267203071394e+00 
  0 PICARD ||F||/||F0||=1.000000e+00 
    Residual norms for js_ solve.
    0 KSP Residual norm 1.267203071394e+00 
    1 KSP Residual norm 1.176686904782e-01 
    2 KSP Residual norm 8.048684206812e-02 
    3 KSP Residual norm 4.383233079604e-02 
    4 KSP Residual norm 1.754440422171e-02 
    5 KSP Residual norm 8.489992034168e-03 
    6 KSP Residual norm 4.644168625333e-03 
    7 KSP Residual norm 2.904280748602e-03 
    8 KSP Residual norm 1.735894109019e-03 
    9 KSP Residual norm 7.513662338463e-04 
   10 KSP Residual norm 4.551412203516e-04 
   11 KSP Residual norm 1.890434724859e-04 
   12 KSP Residual norm 1.075883295841e-04 
  Linear js_ solve converged due to CONVERGED_RTOL iterations 12
      Line search: lambdas = [1., 0.5, 0.], fnorms = [0.117565, 0.628075, 1.2672]
      Line search terminated: lambda = 0.979127, fnorms = 0.114491
  1 SNES Function norm 1.144909175695e-01 
  1 PICARD ||F||/||F0||=9.034931e-02 
    Residual norms for js_ solve.
    0 KSP Residual norm 1.144909175695e-01 
    1 KSP Residual norm 1.303889655807e-02 
    2 KSP Residual norm 7.646074251036e-03 
    3 KSP Residual norm 5.200011735358e-03 
    4 KSP Residual norm 2.341586523198e-03 
    5 KSP Residual norm 1.332025014499e-03 
    6 KSP Residual norm 6.059317258507e-04 
    7 KSP Residual norm 3.214977201306e-04 
    8 KSP Residual norm 1.658384266417e-04 
    9 KSP Residual norm 7.938962500847e-05 
   10 KSP Residual norm 4.752054997312e-05 
   11 KSP Residual norm 2.378131918681e-05 
   12 KSP Residual norm 1.530418840181e-05 
   13 KSP Residual norm 9.231692588489e-06 
  Linear js_ solve converged due to CONVERGED_RTOL iterations 13
      Line search: lambdas = [1., 0.5, 0.], fnorms = [0.0402429, 0.0754121, 0.114491]
      Line search terminated: lambda = 1., fnorms = 0.0402429
  2 SNES Function norm 4.024288236511e-02 
  2 PICARD ||F||/||F0||=3.175725e-02 
    Residual norms for js_ solve.
    0 KSP Residual norm 4.024288236511e-02 
    1 KSP Residual norm 4.419443557220e-03 
    2 KSP Residual norm 2.118433739989e-03 
    3 KSP Residual norm 1.361828604367e-03 
    4 KSP Residual norm 6.331715726465e-04 
    5 KSP Residual norm 3.895137294872e-04 
    6 KSP Residual norm 1.850582503671e-04 
    7 KSP Residual norm 1.032988418349e-04 
    8 KSP Residual norm 4.772372826437e-05 
    9 KSP Residual norm 2.376651511155e-05 
   10 KSP Residual norm 1.519036739762e-05 
   11 KSP Residual norm 7.250672117299e-06 
   12 KSP Residual norm 4.752919223686e-06 
   13 KSP Residual norm 2.659764804312e-06 
  Linear js_ solve converged due to CONVERGED_RTOL iterations 13
      Line search: lambdas = [1., 0.5, 0.], fnorms = [0.0163566, 0.0279829, 0.0402429]
      Line search terminated: lambda = 1., fnorms = 0.0163566
  3 SNES Function norm 1.635661234396e-02 
  3 PICARD ||F||/||F0||=1.290765e-02 
    Residual norms for js_ solve.
    0 KSP Residual norm 1.635661234396e-02 
    1 KSP Residual norm 1.912725806208e-03 
    2 KSP Residual norm 8.812350469277e-04 
    3 KSP Residual norm 5.250879172379e-04 
    4 KSP Residual norm 2.219336659334e-04 
    5 KSP Residual norm 1.346281555435e-04 
    6 KSP Residual norm 6.690199127290e-05 
    7 KSP Residual norm 3.669354080074e-05 
    8 KSP Residual norm 1.721852843833e-05 
    9 KSP Residual norm 8.507667980151e-06 
   10 KSP Residual norm 5.172442045937e-06 
   11 KSP Residual norm 2.709580046963e-06 
   12 KSP Residual norm 1.635024222641e-06 
  Linear js_ solve converged due to CONVERGED_RTOL iterations 12
      Line search: lambdas = [1., 0.5, 0.], fnorms = [0.00775424, 0.0119498, 0.0163566]
      Line search terminated: lambda = 1., fnorms = 0.00775424
  4 SNES Function norm 7.754241083169e-03 
  4 PICARD ||F||/||F0||=6.119178e-03 
    Residual norms for js_ solve.
    0 KSP Residual norm 7.754241083169e-03 
    1 KSP Residual norm 8.959228657515e-04 
    2 KSP Residual norm 4.000061720511e-04 
    3 KSP Residual norm 2.302480773543e-04 
    4 KSP Residual norm 9.217452415630e-05 
    5 KSP Residual norm 5.488538936068e-05 
    6 KSP Residual norm 2.783548179107e-05 
    7 KSP Residual norm 1.496636473672e-05 
    8 KSP Residual norm 6.688667590733e-06 
    9 KSP Residual norm 3.429473895826e-06 
   10 KSP Residual norm 2.009061609644e-06 
   11 KSP Residual norm 1.138476222441e-06 
   12 KSP Residual norm 6.398581423426e-07 
  Linear js_ solve converged due to CONVERGED_RTOL iterations 12
      Line search: lambdas = [1., 0.5, 0.], fnorms = [0.0040124, 0.00584837, 0.00775424]
      Line search terminated: lambda = 1., fnorms = 0.0040124
  5 SNES Function norm 4.012395523940e-03 
  5 PICARD ||F||/||F0||=3.166340e-03 
    Residual norms for js_ solve.
    0 KSP Residual norm 4.012395523940e-03 
    1 KSP Residual norm 4.400059607990e-04 
    2 KSP Residual norm 1.925155085519e-04 
    3 KSP Residual norm 1.098106873384e-04 
    4 KSP Residual norm 4.365700197054e-05 
    5 KSP Residual norm 2.565373382825e-05 
    6 KSP Residual norm 1.320246066797e-05 
    7 KSP Residual norm 7.077555134353e-06 
    8 KSP Residual norm 3.117709118321e-06 
    9 KSP Residual norm 1.633528988134e-06 
   10 KSP Residual norm 9.550248242471e-07 
   11 KSP Residual norm 5.296945657309e-07 
   12 KSP Residual norm 3.066579755776e-07 
  Linear js_ solve converged due to CONVERGED_RTOL iterations 12
      Line search: lambdas = [1., 0.5, 0.], fnorms = [0.00219349, 0.00308913, 0.0040124]
      Line search terminated: lambda = 1., fnorms = 0.00219349
  6 SNES Function norm 2.193488618007e-03 
  6 PICARD ||F||/||F0||=1.730969e-03 
    Residual norms for js_ solve.
    0 KSP Residual norm 2.193488618007e-03 
    1 KSP Residual norm 2.232413303785e-04 
    2 KSP Residual norm 9.678556371173e-05 
    3 KSP Residual norm 5.543573782645e-05 
    4 KSP Residual norm 2.247740166099e-05 
    5 KSP Residual norm 1.310511225781e-05 
    6 KSP Residual norm 6.822159297592e-06 
    7 KSP Residual norm 3.700863043755e-06 
    8 KSP Residual norm 1.733032090503e-06 
    9 KSP Residual norm 8.784260094665e-07 
   10 KSP Residual norm 5.200923589147e-07 
   11 KSP Residual norm 2.696585780585e-07 
   12 KSP Residual norm 1.662177856434e-07 
  Linear js_ solve converged due to CONVERGED_RTOL iterations 12
      Line search: lambdas = [1., 0.5, 0.], fnorms = [0.00124937, 0.00171545, 0.00219349]
      Line search terminated: lambda = 1., fnorms = 0.00124937
  7 SNES Function norm 1.249370008149e-03 
  7 MMFD   ||F||/||F0||=9.859272e-04 
    Residual norms for js_ solve.
    0 KSP Residual norm 1.249370008149e-03 
    1 KSP Residual norm 3.784102102179e-04 
    2 KSP Residual norm 1.914885940949e-04 
    3 KSP Residual norm 1.108424568490e-04 
    4 KSP Residual norm 5.887303846420e-05 
    5 KSP Residual norm 3.174512538868e-05 
    6 KSP Residual norm 1.649110033387e-05 
    7 KSP Residual norm 1.027286536575e-05 
    8 KSP Residual norm 6.140597061045e-06 
    9 KSP Residual norm 3.367221482562e-06 
   10 KSP Residual norm 2.042446881490e-06 
   11 KSP Residual norm 1.165649907306e-06 
   12 KSP Residual norm 7.319117867187e-07 
   13 KSP Residual norm 4.269775653435e-07 
   14 KSP Residual norm 2.264284766199e-07 
   15 KSP Residual norm 1.443100396272e-07 
   16 KSP Residual norm 9.066587358715e-08 
  Linear js_ solve converged due to CONVERGED_RTOL iterations 16
      Line search: lambdas = [1., 0.5, 0.], fnorms = [0.000161702, 0.000625478, 0.00124937]
      Line search terminated: lambda = 0.97686, fnorms = 0.000159036
  8 SNES Function norm 1.590364363843e-04 
  8 MMFD   ||F||/||F0||=1.255019e-04 
    Residual norms for js_ solve.
    0 KSP Residual norm 1.590364363843e-04 
    1 KSP Residual norm 2.785160306606e-05 
    2 KSP Residual norm 1.351498965240e-05 
    3 KSP Residual norm 4.753856725238e-06 
    4 KSP Residual norm 2.115642364792e-06 
    5 KSP Residual norm 1.180692006541e-06 
    6 KSP Residual norm 4.963803666114e-07 
    7 KSP Residual norm 2.762111061346e-07 
    8 KSP Residual norm 1.409523235220e-07 
    9 KSP Residual norm 8.578888491681e-08 
   10 KSP Residual norm 4.586554816640e-08 
   11 KSP Residual norm 2.825474982397e-08 
   12 KSP Residual norm 1.674983005185e-08 
   13 KSP Residual norm 9.916151689227e-09 
  Linear js_ solve converged due to CONVERGED_ATOL iterations 13
      Line search: lambdas = [1., 0.5, 0.], fnorms = [4.63734e-06, 7.92939e-05, 0.000159036]
      Line search terminated: lambda = 0.995937, fnorms = 4.5885e-06
  9 SNES Function norm 4.588499528763e-06 
--------------------------------------------------------------------------
SNES Convergence Reason : ||F|| < atol 
Number of iterations    : 9
SNES solution time      : 7.45429 (sec)
--------------------------------------------------------------------------
Residual summary: 
   Continuity: 
      |Div|_inf = 3.337521612432e-11 
      |Div|_2   = 1.961787731851e-10 
   Momentum: 
      |mRes|_2  = 4.588499524570e-06 
   Energy: 
      |eRes|_2  = 8.929259632051e-15 
--------------------------------------------------------------------------
Actual time step : 0.00011 [Myr] 
--------------------------------------------------------------------------
Performing marker control (subgrid algorithm)
Marker control [0]: (subgrid) cloned 0 markers and merged 0 markers in 1.1313e-02 s
--------------------------------------------------------------------------
Saving output ... done (0.00584927 sec)
--------------------------------------------------------------------------
=========================== SOLUTION IS DONE! ============================
--------------------------------------------------------------------------
Total solution time : 18.4928 (sec) 
--------------------------------------------------------------------------
