-------------------------------------------------------------------------- 
                   Lithosphere and Mantle Evolution Model                   
     Compiled: Date: Jan 22 2018 - Time: 16:52:15 	    
-------------------------------------------------------------------------- 
        STAGGERED-GRID FINITE DIFFERENCE CANONICAL IMPLEMENTATION           
-------------------------------------------------------------------------- 
Parsing input file : ./BuildInSetups/FallingSpheres_Multigrid.dat 
   Adding PETSc option: -snes_type ksponly
   Adding PETSc option: -js_ksp_monitor
   Adding PETSc option: -js_ksp_rtol 1e-6
Finished parsing input file : ./BuildInSetups/FallingSpheres_Multigrid.dat 
--------------------------------------------------------------------------
Time stepping parameters:
   Simulation end time          : 100. [ ] 
   Maximum number of steps      : 1 
   Time step                    : 10. [ ] 
   Minimum time step            : 1e-05 [ ] 
   Maximum time step            : 100. [ ] 
   Time step increase factor    : 0.1 
   CFL criterion                : 0.5 
   CFLMAX (fixed time steps)    : 0.5 
   Output time step             : 0.2 [ ] 
   Output every [n] steps       : 1 
   Output [n] initial steps     : 1 
--------------------------------------------------------------------------
Material parameters: 
   Phase ID : 0
   (dens)   : rho = 1. [ ]  
   (diff)   : eta = 1. [ ]  Bd = 0.5 [ ]  

   Phase ID : 1
   (dens)   : rho = 2. [ ]  
   (diff)   : eta = 1000. [ ]  Bd = 0.0005 [ ]  

--------------------------------------------------------------------------
Grid parameters:
   Total number of cpu                  : 2 
   Processor grid  [nx, ny, nz]         : [1, 1, 2]
   Fine grid cells [nx, ny, nz]         : [32, 32, 32]
   Number of cells                      :  32768
   Number of faces                      :  101376
   Maximum cell aspect ratio            :  1.00000
   Lower coordinate bounds [bx, by, bz] : [0., 0., 0.]
   Upper coordinate bounds [ex, ey, ez] : [1., 1., 1.]
--------------------------------------------------------------------------
Boundary condition parameters: 
   No-slip boundary mask [lt rt ft bk bm tp]  : 0 0 0 0 0 0 
--------------------------------------------------------------------------
Solution parameters & controls:
   Gravity [gx, gy, gz]                    : [0., 0., -1.] [ ] 
   Surface stabilization (FSSA)            :  1. 
   Use lithostatic pressure for creep      @ 
   Minimum viscosity                       : 0.001 [ ] 
   Maximum viscosity                       : 1e+12 [ ] 
   Ground water level type                 : none 
--------------------------------------------------------------------------
Advection parameters:
   Advection scheme              : Runge-Kutta 2-nd order
   Marker setup scheme           : geometric primitives
   Velocity interpolation scheme : empirical STAGP (STAG + pressure points)
   Marker control type           : pure AVD for all control volumes
   Markers per cell [nx, ny, nz] : [3, 3, 3] 
   Marker distribution type      : random noise
   Background phase ID           : 0 
   Interpolation constant        : 0.7 
--------------------------------------------------------------------------
Reading geometric primitives ... done (0.0231471 sec)
--------------------------------------------------------------------------
Output parameters:
   Output file name                        : Spheres_multigrid 
   Write .pvd file                         : yes 
   Phase                                   @ 
   Total effective viscosity               @ 
   Creep effective viscosity               @ 
   Viscoplastic viscosity                  @ 
   Velocity                                @ 
   Pressure                                @ 
   Deviatoric stress second invariant      @ 
   Deviatoric strain rate tensor           @ 
   Deviatoric strain rate second invariant @ 
--------------------------------------------------------------------------
AVD output parameters:
   Write .pvd file       : yes 
   AVD refinement factor : 3 
--------------------------------------------------------------------------
Preconditioner parameters: 
   Matrix type                   : monolithic
   Preconditioner type           : coupled Galerkin geometric multigrid
   Global coarse grid [nx,ny,nz] : [4, 4, 4]
   Local coarse grid  [nx,ny,nz] : [4, 4, 2]
   Number of multigrid levels    :  4
--------------------------------------------------------------------------
Solver parameters specified: 
   Outermost Krylov solver       : gmres 
   Solver type                   : multigrid 
   Multigrid smoother levels KSP : richardson 
   Multigrid dampening parameter : 0.500000 
   Multigrid smoother levels PC  : jacobi 
   Number of smoothening steps   : 10 
   Coarse level KSP              : preonly 
   Coarse level PC               : lu 
   Coarse level solver package   : mumps 
--------------------------------------------------------------------------
Saving output ... done (0.502995 sec)
--------------------------------------------------------------------------
================================= STEP 1 =================================
--------------------------------------------------------------------------
Current time        : 0.00000 [ ] 
Tentative time step : 10.00000 [ ] 
--------------------------------------------------------------------------
  0 PICARD ||F||/||F0||=1.000000e+00 
    Residual norms for js_ solve.
    0 KSP Residual norm 2.283740312238e+02 
    1 KSP Residual norm 4.570481487529e+01 
    2 KSP Residual norm 2.107734296189e+01 
    3 KSP Residual norm 1.393596723891e+01 
    4 KSP Residual norm 1.013874673195e+01 
    5 KSP Residual norm 8.062907379538e+00 
    6 KSP Residual norm 6.775007291851e+00 
    7 KSP Residual norm 5.092528323819e+00 
    8 KSP Residual norm 2.959615052759e+00 
    9 KSP Residual norm 1.853557622147e+00 
   10 KSP Residual norm 1.476811076100e+00 
   11 KSP Residual norm 1.251085259924e+00 
   12 KSP Residual norm 8.757059310254e-01 
   13 KSP Residual norm 4.694206585205e-01 
   14 KSP Residual norm 2.950581677957e-01 
   15 KSP Residual norm 2.301325342693e-01 
   16 KSP Residual norm 1.910507115361e-01 
   17 KSP Residual norm 1.428748633920e-01 
   18 KSP Residual norm 1.020178614517e-01 
   19 KSP Residual norm 8.309498249584e-02 
   20 KSP Residual norm 6.737596332778e-02 
   21 KSP Residual norm 5.449738606272e-02 
   22 KSP Residual norm 4.433566772724e-02 
   23 KSP Residual norm 3.900477800382e-02 
   24 KSP Residual norm 3.140774719042e-02 
   25 KSP Residual norm 2.762469429679e-02 
   26 KSP Residual norm 2.274698919855e-02 
   27 KSP Residual norm 1.811672809484e-02 
   28 KSP Residual norm 1.516724858161e-02 
   29 KSP Residual norm 1.281346502706e-02 
   30 KSP Residual norm 9.844893819240e-03 
   31 KSP Residual norm 9.599520131781e-03 
   32 KSP Residual norm 9.009995990121e-03 
   33 KSP Residual norm 8.795518629515e-03 
   34 KSP Residual norm 8.461721931011e-03 
   35 KSP Residual norm 7.204167504570e-03 
   36 KSP Residual norm 5.634709704953e-03 
   37 KSP Residual norm 4.976826157968e-03 
   38 KSP Residual norm 4.259888995547e-03 
   39 KSP Residual norm 3.467449220265e-03 
   40 KSP Residual norm 2.752992722282e-03 
   41 KSP Residual norm 2.353529730430e-03 
   42 KSP Residual norm 2.039687677024e-03 
   43 KSP Residual norm 1.835664905278e-03 
   44 KSP Residual norm 1.622935619526e-03 
   45 KSP Residual norm 1.291761748487e-03 
   46 KSP Residual norm 1.097181849930e-03 
   47 KSP Residual norm 9.623180878727e-04 
   48 KSP Residual norm 9.234061511625e-04 
   49 KSP Residual norm 8.954703620389e-04 
   50 KSP Residual norm 8.362803087790e-04 
   51 KSP Residual norm 7.613541152747e-04 
   52 KSP Residual norm 6.258652273590e-04 
   53 KSP Residual norm 4.877341602133e-04 
   54 KSP Residual norm 4.084979268014e-04 
   55 KSP Residual norm 3.575436121741e-04 
   56 KSP Residual norm 3.226530600971e-04 
   57 KSP Residual norm 2.471312360714e-04 
   58 KSP Residual norm 1.895233826891e-04 
  Linear js_ solve converged due to CONVERGED_RTOL iterations 58
--------------------------------------------------------------------------
SNES Convergence Reason : maximum iterations reached
Number of iterations    : 1
SNES solution time      : 2.70644 (sec)
--------------------------------------------------------------------------
Residual summary: 
   Continuity: 
      |Div|_inf = 5.965923718963e-05 
      |Div|_2   = 9.835187800525e-05 
   Momentum: 
      |mRes|_2  = 2.566540246477e-02 
--------------------------------------------------------------------------
Actual time step : 11.00000 [ ] 
--------------------------------------------------------------------------
Performing marker control (updated algorithm)
Marker control [0]: (AVD YZED) injected 9 markers and deleted 0 markers in 1.4249e-03 s
Marker control [0]: (AVD XZED) injected 3 markers and deleted 0 markers in 3.7666e-04 s
Marker control [0]: (AVD XYED) injected 5 markers and deleted 0 markers in 7.7506e-04 s
--------------------------------------------------------------------------
Saving output ... done (0.660481 sec)
--------------------------------------------------------------------------
=========================== SOLUTION IS DONE! ============================
--------------------------------------------------------------------------
Total solution time : 4.51974 (sec) 
--------------------------------------------------------------------------
