-------------------------------------------------------------------------- 
                   Lithosphere and Mantle Evolution Model                   
     Compiled: Date: Jan 11 2019 - Time: 16:03:49 	    
-------------------------------------------------------------------------- 
        STAGGERED-GRID FINITE DIFFERENCE CANONICAL IMPLEMENTATION           
-------------------------------------------------------------------------- 
Parsing input file : ../BuildInSetups/FallingBlock_DirectSolver.dat 
   Adding PETSc option: -snes_type ksponly
   Adding PETSc option: -js_ksp_monitor
Finished parsing input file : ../BuildInSetups/FallingBlock_DirectSolver.dat 
--------------------------------------------------------------------------
Time stepping parameters:
   Simulation end time          : 100. [ ] 
   Maximum number of steps      : 3 
   Time step                    : 10. [ ] 
   Minimum time step            : 1e-05 [ ] 
   Maximum time step            : 100. [ ] 
   Time step increase factor    : 0.1 
   CFL criterion                : 0.5 
   CFLMAX (fixed time steps)    : 0.5 
   Output every [n] steps       : 1000 
--------------------------------------------------------------------------
Material parameters: 
   Phase ID : 0
   (dens)   : rho = 1. [ ]  
   (diff)   : eta = 1. [ ]  Bd = 0.5 [ ]  

   Phase ID : 1
   (dens)   : rho = 2. [ ]  
   (diff)   : eta = 100. [ ]  Bd = 0.005 [ ]  

--------------------------------------------------------------------------
Grid parameters:
   Total number of cpu                  : 1 
   Processor grid  [nx, ny, nz]         : [1, 1, 1]
   Fine grid cells [nx, ny, nz]         : [16, 16, 16]
   Number of cells                      :  4096
   Number of faces                      :  13056
   Maximum cell aspect ratio            :  1.00000
   Lower coordinate bounds [bx, by, bz] : [0., 0., 0.]
   Upper coordinate bounds [ex, ey, ez] : [1., 1., 1.]
--------------------------------------------------------------------------
Boundary condition parameters: 
   No-slip boundary mask [lt rt ft bk bm tp]  : 0 0 0 0 0 0 
--------------------------------------------------------------------------
Solution parameters & controls:
   Gravity [gx, gy, gz]                    : [0., 0., -1.] [ ] 
   Surface stabilization (FSSA)            :  1. 
   Use lithostatic pressure for creep      @ 
   Minimum viscosity                       : 0.001 [ ] 
   Maximum viscosity                       : 1e+12 [ ] 
   Ground water level type                 : none 
--------------------------------------------------------------------------
Advection parameters:
   Advection scheme              : Runge-Kutta 2-nd order
   Marker setup scheme           : geometric primitives
   Velocity interpolation scheme : empirical STAGP (STAG + pressure points)
   Marker control type           : pure AVD for all control volumes
   Markers per cell [nx, ny, nz] : [3, 3, 3] 
   Marker distribution type      : random noise
   Background phase ID           : 0 
   Interpolation constant        : 0.7 
--------------------------------------------------------------------------
Reading geometric primitives ... done (0.0018017 sec)
--------------------------------------------------------------------------
Output parameters:
   Output file name                        : FB_direct 
   Write .pvd file                         : yes 
   Phase                                   @ 
   Total effective viscosity               @ 
   Creep effective viscosity               @ 
   Viscoplastic viscosity                  @ 
   Velocity                                @ 
   Pressure                                @ 
--------------------------------------------------------------------------
AVD output parameters:
   Write .pvd file       : yes 
   AVD refinement factor : 3 
--------------------------------------------------------------------------
Preconditioner parameters: 
   Matrix type                   : monolithic
   Penalty parameter (pgamma)    : 1.000000e+05
   Preconditioner type           : user-defined
--------------------------------------------------------------------------
Solver parameters specified: 
   Outermost Krylov solver       : gmres 
   Solver type                   : serial direct/lu 
   Solver package                : petsc 
--------------------------------------------------------------------------
Saving output ... done (0.135424 sec)
--------------------------------------------------------------------------
================================= STEP 1 =================================
--------------------------------------------------------------------------
Current time        : 0.00000 [ ] 
Tentative time step : 10.00000 [ ] 
--------------------------------------------------------------------------
  0 SNES Function norm 7.310266752999e+01 
  0 PICARD ||F||/||F0||=1.000000e+00 
    Residual norms for js_ solve.
    0 KSP Residual norm 2.136378316691e+01 
    1 KSP Residual norm 1.865921602148e-04 
  Linear js_ solve converged due to CONVERGED_RTOL iterations 1
  1 SNES Function norm 1.005112528386e-03 
--------------------------------------------------------------------------
SNES Convergence Reason : maximum iterations reached
Number of iterations    : 1
SNES solution time      : 1.12181 (sec)
--------------------------------------------------------------------------
Residual summary: 
   Continuity: 
      |Div|_inf = 5.556809309987e-06 
      |Div|_2   = 2.110475546306e-04 
   Momentum: 
      |mRes|_2  = 9.827055125531e-04 
--------------------------------------------------------------------------
Actual time step : 7.70160 [ ] 
--------------------------------------------------------------------------
Performing marker control (updated algorithm)
Marker control [0]: (AVD CELL) injected 1 markers and deleted 0 markers in 2.6140e-04 s
Marker control [0]: (AVD YZED) injected 6 markers and deleted 0 markers in 9.8492e-04 s
Marker control [0]: (AVD XZED) injected 8 markers and deleted 0 markers in 1.5444e-03 s
Marker control [0]: (AVD XYED) injected 2 markers and deleted 0 markers in 4.1521e-04 s
--------------------------------------------------------------------------
================================= STEP 2 =================================
--------------------------------------------------------------------------
Current time        : 7.70160 [ ] 
Tentative time step : 7.70160 [ ] 
--------------------------------------------------------------------------
  0 SNES Function norm 1.309906111512e+02 
  0 PICARD ||F||/||F0||=1.000000e+00 
    Residual norms for js_ solve.
    0 KSP Residual norm 1.191855853601e+00 
    1 KSP Residual norm 1.080441426055e-05 
  Linear js_ solve converged due to CONVERGED_RTOL iterations 1
  1 SNES Function norm 2.267336761221e-03 
--------------------------------------------------------------------------
SNES Convergence Reason : maximum iterations reached
Number of iterations    : 1
SNES solution time      : 0.92706 (sec)
--------------------------------------------------------------------------
Residual summary: 
   Continuity: 
      |Div|_inf = 4.494665188566e-07 
      |Div|_2   = 3.417641147060e-06 
   Momentum: 
      |mRes|_2  = 2.267334185451e-03 
--------------------------------------------------------------------------
Actual time step : 8.25374 [ ] 
--------------------------------------------------------------------------
Performing marker control (updated algorithm)
Marker control [0]: (AVD YZED) injected 6 markers and deleted 0 markers in 9.1171e-04 s
Marker control [0]: (AVD XZED) injected 4 markers and deleted 0 markers in 5.8215e-04 s
Marker control [0]: (AVD XYED) injected 7 markers and deleted 0 markers in 1.0204e-03 s
--------------------------------------------------------------------------
================================= STEP 3 =================================
--------------------------------------------------------------------------
Current time        : 15.95535 [ ] 
Tentative time step : 8.25374 [ ] 
--------------------------------------------------------------------------
  0 SNES Function norm 4.883929625650e+01 
  0 PICARD ||F||/||F0||=1.000000e+00 
    Residual norms for js_ solve.
    0 KSP Residual norm 9.814573745536e-01 
    1 KSP Residual norm 9.974001778491e-06 
    2 KSP Residual norm 2.059780487487e-10 
  Linear js_ solve converged due to CONVERGED_RTOL iterations 2
  1 SNES Function norm 1.712780273817e-08 
--------------------------------------------------------------------------
SNES Convergence Reason : maximum iterations reached
Number of iterations    : 1
SNES solution time      : 0.930715 (sec)
--------------------------------------------------------------------------
Residual summary: 
   Continuity: 
      |Div|_inf = 1.071478669679e-11 
      |Div|_2   = 5.146867735318e-11 
   Momentum: 
      |mRes|_2  = 1.712772540686e-08 
--------------------------------------------------------------------------
Actual time step : 8.52782 [ ] 
--------------------------------------------------------------------------
Performing marker control (updated algorithm)
Marker control [0]: (AVD YZED) injected 1 markers and deleted 0 markers in 2.3158e-04 s
Marker control [0]: (AVD XYED) injected 1 markers and deleted 0 markers in 2.5883e-04 s
--------------------------------------------------------------------------
=========================== SOLUTION IS DONE! ============================
--------------------------------------------------------------------------
Total solution time : 3.42869 (sec) 
--------------------------------------------------------------------------
