-------------------------------------------------------------------------- 
                   Lithosphere and Mantle Evolution Model                   
     Compiled: Date: Nov  8 2020 - Time: 20:41:54 	    
-------------------------------------------------------------------------- 
        STAGGERED-GRID FINITE DIFFERENCE CANONICAL IMPLEMENTATION           
-------------------------------------------------------------------------- 
Parsing input file : ./BuildInSetups/PlumeLithosphereInteraction.dat 
   Adding PETSc option: -snes_ksp_ew
   Adding PETSc option: -js_ksp_monitor
Finished parsing input file : ./BuildInSetups/PlumeLithosphereInteraction.dat 
--------------------------------------------------------------------------
Scaling parameters:
   Temperature : 1000. [C/K] 
   Length      : 1000. [m] 
   Viscosity   : 1e+20 [Pa*s] 
   Stress      : 1e+09 [Pa] 
--------------------------------------------------------------------------
Time stepping parameters:
   Simulation end time          : 100. [Myr] 
   Maximum number of steps      : 3 
   Time step                    : 0.1 [Myr] 
   Minimum time step            : 1e-05 [Myr] 
   Maximum time step            : 0.1 [Myr] 
   Time step increase factor    : 0.1 
   CFL criterion                : 0.5 
   CFLMAX (fixed time steps)    : 0.8 
   Output every [n] steps       : 5 
   Save restart every [n] steps : 100 
--------------------------------------------------------------------------
--------------------------------------------------------------------------
Material parameters: 
--------------------------------------------------------------------------
   Phase ID : 1
   (dens)   : rho = 3300. [kg/m^3]  
   (diff)   : eta = 1e+21 [Pa*s]  Bd = 5e-22 [1/Pa/s]  
   (temp)   : alpha = 3e-05 [1/K]  Cp = 1050. [J/kg/K]  k = 3. [W/m/k]  

   Phase ID : 0
   diffusion creep profile  : Dry_Olivine_diff_creep-Hirth_Kohlstedt_2003
   dislocation creep profile: Dry_Olivine_disl_creep-Hirth_Kohlstedt_2003
   (dens)   : rho = 3300. [kg/m^3]  
   (elast)  : G = 5e+10 [Pa]  Vs = 3892.49 [m/s]  
   (diff)   : Bd = 1.5e-09 [1/Pa/s]  Ed = 375000. [J/mol]  Vd = 8e-06 [m^3/mol]  
   (disl)   : Bn = 6.22254e-16 [1/Pa^n/s]  En = 530000. [J/mol]  Vn = 8e-06 [m^3/mol]  n = 3.5 [ ]  
   (plast)  : ch = 1e+07 [Pa]  fr = 30. [deg]  
   (temp)   : alpha = 3e-05 [1/K]  Cp = 1050. [J/kg/K]  k = 3. [W/m/k]  

   Phase ID : 2
   (dens)   : rho = 1. [kg/m^3]  
   (diff)   : eta = 1e+18 [Pa*s]  Bd = 5e-19 [1/Pa/s]  
   (temp)   : alpha = 3e-05 [1/K]  Cp = 1e+06 [J/kg/K]  k = 100. [W/m/k]  

   Phase ID : 3
   (dens)   : rho = 3300. [kg/m^3]  
   (diff)   : eta = 1e+19 [Pa*s]  Bd = 5e-20 [1/Pa/s]  
   (temp)   : alpha = 3e-05 [1/K]  Cp = 1050. [J/kg/K]  k = 3. [W/m/k]  

--------------------------------------------------------------------------
--------------------------------------------------------------------------
Grid parameters:
   Total number of cpu                  : 2 
   Processor grid  [nx, ny, nz]         : [1, 1, 2]
   Fine grid cells [nx, ny, nz]         : [32, 2, 32]
   Number of cells                      :  2048
   Number of faces                      :  7296
   Maximum cell aspect ratio            :  9.37500
   Lower coordinate bounds [bx, by, bz] : [-1500., -10., -660.]
   Upper coordinate bounds [ex, ey, ez] : [1500., 10., 40.]
--------------------------------------------------------------------------
Free surface parameters: 
   Sticky air phase ID       : 2 
   Initial surface level     : 0. [km] 
   Erosion model             : none
   Sedimentation model       : none
   Correct marker phases     @ 
   Maximum surface slope     : 10. [deg]
--------------------------------------------------------------------------
Boundary condition parameters: 
   No-slip boundary mask [lt rt ft bk bm tp]  : 0 0 0 0 0 0 
   Number of x-background strain rate periods : 1 
   Top boundary temperature                   : 0. [C] 
   Bottom boundary temperature                : 1300. [C] 
--------------------------------------------------------------------------
Solution parameters & controls:
   Gravity [gx, gy, gz]                    : [0., 0., -9.81] [m/s^2] 
   Surface stabilization (FSSA)            :  1. 
   Use lithostatic pressure for creep      @ 
   Use lithostatic pressure for plasticity @ 
   Enforce zero average pressure on top    @ 
   Limit pressure at first iteration       @ 
   Minimum viscosity                       : 1e+18 [Pa*s] 
   Maximum viscosity                       : 1e+25 [Pa*s] 
   Reference viscosity (initial guess)     : 1e+20 [Pa*s] 
   Universal gas constant                  : 8.31446 [J/mol/K] 
   Maximum melt fraction (viscosity)       : 0.15    
   Rheology iteration number               : 25  
   Rheology iteration tolerance            : 1e-06    
   Ground water level type                 : none 
--------------------------------------------------------------------------
Advection parameters:
   Advection scheme              : Runge-Kutta 2-nd order
   Marker setup scheme           : geometric primitives
   Velocity interpolation scheme : MINMOD (correction + MINMOD)
   Marker control type           : AVD for cells + corner insertion
   Markers per cell [nx, ny, nz] : [3, 3, 3] 
   Marker distribution type      : uniform
   Background phase ID           : 0 
--------------------------------------------------------------------------
Reading geometric primitives ... done (0.00180078 sec)
--------------------------------------------------------------------------
Output parameters:
   Output file name                        : PlumeLithosphereInteraction 
   Write .pvd file                         : yes 
   Phase                                   @ 
   Density                                 @ 
   Total effective viscosity               @ 
   Creep effective viscosity               @ 
   Velocity                                @ 
   Pressure                                @ 
   Temperature                             @ 
   Deviatoric stress tensor                @ 
   Deviatoric stress second invariant      @ 
   Deviatoric strain rate tensor           @ 
   Deviatoric strain rate second invariant @ 
   Yield stress                            @ 
   Accumulated Plastic Strain (APS)        @ 
   Plastic dissipation                     @ 
   Total displacements                     @ 
   Momentum residual                       @ 
   Continuity residual                     @ 
--------------------------------------------------------------------------
Surface output parameters:
   Write .pvd file : yes 
   Velocity        @ 
   Topography      @ 
   Amplitude       @ 
--------------------------------------------------------------------------
AVD output parameters:
   Write .pvd file       : yes 
   AVD refinement factor : 3 
--------------------------------------------------------------------------
Preconditioner parameters: 
   Matrix type                   : monolithic
   Penalty parameter (pgamma)    : 1.000000e+05
   Preconditioner type           : user-defined
--------------------------------------------------------------------------
Solver parameters specified: 
   Outermost Krylov solver       : gmres 
   Solver type                   : parallel direct/lu 
   Solver package                : mumps 
--------------------------------------------------------------------------
Saving output ... done (0.0387919 sec)
--------------------------------------------------------------------------
================================= STEP 1 =================================
--------------------------------------------------------------------------
Current time        : 0.00000 [Myr] 
Tentative time step : 0.10000 [Myr] 
--------------------------------------------------------------------------
  0 SNES Function norm 1.352776364028e+00 
  0 PICARD ||F||/||F0||=1.000000e+00 
    Residual norms for js_ solve.
    0 KSP Residual norm 5.011123503152e+02 
    1 KSP Residual norm 2.588638550210e-01 
  Linear js_ solve converged due to CONVERGED_RTOL iterations 1
  1 SNES Function norm 5.621580136477e-03 
  1 MMFD   ||F||/||F0||=4.155587e-03 
    Residual norms for js_ solve.
    0 KSP Residual norm 2.853456875211e-01 
    1 KSP Residual norm 1.424984194309e-02 
  Linear js_ solve converged due to CONVERGED_RTOL iterations 1
  2 SNES Function norm 7.868779914955e-04 
  2 MMFD   ||F||/||F0||=5.816763e-04 
    Residual norms for js_ solve.
    0 KSP Residual norm 1.052706925231e-02 
    1 KSP Residual norm 1.960985379736e-03 
    2 KSP Residual norm 4.201343021748e-04 
  Linear js_ solve converged due to CONVERGED_RTOL iterations 2
  3 SNES Function norm 1.727133823654e-04 
  3 MMFD   ||F||/||F0||=1.276733e-04 
    Residual norms for js_ solve.
    0 KSP Residual norm 1.545179115874e-03 
    1 KSP Residual norm 6.962563553587e-04 
    2 KSP Residual norm 1.192908641920e-04 
  Linear js_ solve converged due to CONVERGED_RTOL iterations 2
  4 SNES Function norm 2.324687748649e-05 
--------------------------------------------------------------------------
SNES Convergence Reason : ||F|| < rtol*||F_initial|| 
Number of iterations    : 4
SNES solution time      : 1.21261 (sec)
--------------------------------------------------------------------------
Residual summary: 
   Continuity: 
      |Div|_inf = 2.978991511293e-10 
      |Div|_2   = 1.751885772666e-09 
   Momentum: 
      |mRes|_2  = 2.324687742048e-05 
--------------------------------------------------------------------------
Actual time step : 0.10000 [Myr] 
--------------------------------------------------------------------------
Performing marker control (standard algorithm)
--------------------------------------------------------------------------
================================= STEP 2 =================================
--------------------------------------------------------------------------
Current time        : 0.10000 [Myr] 
Tentative time step : 0.10000 [Myr] 
--------------------------------------------------------------------------
  0 SNES Function norm 1.380138583654e-02 
  0 PICARD ||F||/||F0||=1.000000e+00 
    Residual norms for js_ solve.
    0 KSP Residual norm 3.932534347659e-01 
    1 KSP Residual norm 1.319289646835e-04 
  Linear js_ solve converged due to CONVERGED_RTOL iterations 1
  1 SNES Function norm 9.041791491184e-04 
  1 PICARD ||F||/||F0||=6.551365e-02 
    Residual norms for js_ solve.
    0 KSP Residual norm 1.423738444186e-02 
    1 KSP Residual norm 9.841453146193e-07 
  Linear js_ solve converged due to CONVERGED_RTOL iterations 1
  2 SNES Function norm 1.266404508885e-04 
  2 MMFD   ||F||/||F0||=9.175923e-03 
    Residual norms for js_ solve.
    0 KSP Residual norm 2.203543549079e-03 
    1 KSP Residual norm 6.753698538741e-04 
    2 KSP Residual norm 1.511235215434e-04 
    3 KSP Residual norm 3.031288226214e-05 
  Linear js_ solve converged due to CONVERGED_RTOL iterations 3
  3 SNES Function norm 1.236508543614e-05 
  3 MMFD   ||F||/||F0||=8.959307e-04 
    Residual norms for js_ solve.
    0 KSP Residual norm 1.383536141243e-04 
    1 KSP Residual norm 6.816805216214e-05 
    2 KSP Residual norm 1.969917633743e-05 
    3 KSP Residual norm 4.920122794362e-06 
    4 KSP Residual norm 1.396902240594e-06 
  Linear js_ solve converged due to CONVERGED_RTOL iterations 4
  4 SNES Function norm 8.486414678140e-07 
--------------------------------------------------------------------------
SNES Convergence Reason : ||F|| < rtol*||F_initial|| 
Number of iterations    : 4
SNES solution time      : 1.40814 (sec)
--------------------------------------------------------------------------
Residual summary: 
   Continuity: 
      |Div|_inf = 8.325091511345e-13 
      |Div|_2   = 3.047583440623e-12 
   Momentum: 
      |mRes|_2  = 8.486414678086e-07 
--------------------------------------------------------------------------
Actual time step : 0.10000 [Myr] 
--------------------------------------------------------------------------
Performing marker control (standard algorithm)
--------------------------------------------------------------------------
================================= STEP 3 =================================
--------------------------------------------------------------------------
Current time        : 0.20000 [Myr] 
Tentative time step : 0.10000 [Myr] 
--------------------------------------------------------------------------
  0 SNES Function norm 1.463821759803e-02 
  0 PICARD ||F||/||F0||=1.000000e+00 
    Residual norms for js_ solve.
    0 KSP Residual norm 3.775955290539e-01 
    1 KSP Residual norm 1.003375453559e-04 
  Linear js_ solve converged due to CONVERGED_RTOL iterations 1
  1 SNES Function norm 1.154822106595e-03 
  1 PICARD ||F||/||F0||=7.889090e-02 
    Residual norms for js_ solve.
    0 KSP Residual norm 1.835969591513e-02 
    1 KSP Residual norm 1.380660365077e-06 
  Linear js_ solve converged due to CONVERGED_RTOL iterations 1
  2 SNES Function norm 1.832062235211e-04 
  2 PICARD ||F||/||F0||=1.251561e-02 
    Residual norms for js_ solve.
    0 KSP Residual norm 3.185364855893e-03 
    1 KSP Residual norm 3.784510200630e-07 
  Linear js_ solve converged due to CONVERGED_RTOL iterations 1
  3 SNES Function norm 3.606211409290e-05 
  3 MMFD   ||F||/||F0||=2.463559e-03 
    Residual norms for js_ solve.
    0 KSP Residual norm 6.116660374999e-04 
    1 KSP Residual norm 2.909762776808e-04 
    2 KSP Residual norm 7.793283143821e-05 
    3 KSP Residual norm 3.952022526942e-05 
  Linear js_ solve converged due to CONVERGED_RTOL iterations 3
  4 SNES Function norm 3.773029937946e-06 
  4 MMFD   ||F||/||F0||=2.577520e-04 
    Residual norms for js_ solve.
    0 KSP Residual norm 5.185534166669e-05 
    1 KSP Residual norm 2.265955355099e-05 
    2 KSP Residual norm 1.131522688917e-05 
    3 KSP Residual norm 4.879636339530e-06 
    4 KSP Residual norm 1.656126157221e-06 
    5 KSP Residual norm 7.751401125564e-07 
  Linear js_ solve converged due to CONVERGED_RTOL iterations 5
  5 SNES Function norm 3.231658280655e-07 
--------------------------------------------------------------------------
SNES Convergence Reason : ||F|| < rtol*||F_initial|| 
Number of iterations    : 5
SNES solution time      : 1.63322 (sec)
--------------------------------------------------------------------------
Residual summary: 
   Continuity: 
      |Div|_inf = 4.799980095197e-13 
      |Div|_2   = 2.418331284818e-12 
   Momentum: 
      |mRes|_2  = 3.231658280564e-07 
--------------------------------------------------------------------------
Actual time step : 0.10000 [Myr] 
--------------------------------------------------------------------------
Performing marker control (standard algorithm)
--------------------------------------------------------------------------
=========================== SOLUTION IS DONE! ============================
--------------------------------------------------------------------------
Total solution time : 4.37104 (sec) 
--------------------------------------------------------------------------
