-------------------------------------------------------------------------- 
                   Lithosphere and Mantle Evolution Model                   
     Compiled: Date: Jul  1 2020 - Time: 18:31:41 	    
-------------------------------------------------------------------------- 
        STAGGERED-GRID FINITE DIFFERENCE CANONICAL IMPLEMENTATION           
-------------------------------------------------------------------------- 
Parsing input file : ./BuildInSetups/Subduction2D_FreeSlip_DirectSolver.dat 
   Adding PETSc option: -snes_ksp_ew
   Adding PETSc option: -js_ksp_monitor
Finished parsing input file : ./BuildInSetups/Subduction2D_FreeSlip_DirectSolver.dat 
--------------------------------------------------------------------------
Scaling parameters:
   Temperature : 1000. [C/K] 
   Length      : 1000. [m] 
   Viscosity   : 1e+20 [Pa*s] 
   Stress      : 1e+09 [Pa] 
--------------------------------------------------------------------------
Time stepping parameters:
   Simulation end time          : 100. [Myr] 
   Maximum number of steps      : 3 
   Time step                    : 0.1 [Myr] 
   Minimum time step            : 1e-05 [Myr] 
   Maximum time step            : 100. [Myr] 
   Time step increase factor    : 0.1 
   CFL criterion                : 0.5 
   CFLMAX (fixed time steps)    : 0.5 
   Output every [n] steps       : 5 
--------------------------------------------------------------------------
Material parameters: 
   Phase ID : 0
   (dens)   : rho = 3200. [kg/m^3]  
   (diff)   : eta = 1e+21 [Pa*s]  Bd = 5e-22 [1/Pa/s]  

   Phase ID : 1
   (dens)   : rho = 3300. [kg/m^3]  
   (diff)   : eta = 1e+23 [Pa*s]  Bd = 5e-24 [1/Pa/s]  

   Phase ID : 2
   (dens)   : rho = 3300. [kg/m^3]  
   (diff)   : eta = 1e+23 [Pa*s]  Bd = 5e-24 [1/Pa/s]  
   (plast)  : ch = 5e+06 [Pa]  fr = 5. [deg]  

--------------------------------------------------------------------------
Grid parameters:
   Total number of cpu                  : 2 
   Processor grid  [nx, ny, nz]         : [2, 1, 1]
   Fine grid cells [nx, ny, nz]         : [64, 2, 16]
   Number of cells                      :  2048
   Number of faces                      :  7328
   Maximum cell aspect ratio            :  4.68750
   Lower coordinate bounds [bx, by, bz] : [-1500., -10., -660.]
   Upper coordinate bounds [ex, ey, ez] : [1500., 10., 0.]
--------------------------------------------------------------------------
Boundary condition parameters: 
   No-slip boundary mask [lt rt ft bk bm tp]  : 0 0 0 0 1 0 
--------------------------------------------------------------------------
Solution parameters & controls:
   Gravity [gx, gy, gz]                    : [0., 0., -9.81] [m/s^2] 
   Surface stabilization (FSSA)            :  1. 
   Compute initial guess                   @ 
   Use lithostatic pressure for creep      @ 
   Use lithostatic pressure for plasticity @ 
   Minimum viscosity                       : 1e+18 [Pa*s] 
   Maximum viscosity                       : 1e+23 [Pa*s] 
   Reference viscosity (initial guess)     : 1e+20 [Pa*s] 
   Maximum melt fraction (viscosity)       : 0.15    
   Rheology iteration number               : 25  
   Rheology iteration tolerance            : 1e-06    
   Ground water level type                 : none 
--------------------------------------------------------------------------
Advection parameters:
   Advection scheme              : Runge-Kutta 2-nd order
   Marker setup scheme           : geometric primitives
   Velocity interpolation scheme : empirical STAGP (STAG + pressure points)
   Marker control type           : AVD for cells + corner insertion
   Markers per cell [nx, ny, nz] : [3, 3, 3] 
   Marker distribution type      : uniform
   Background phase ID           : 0 
   Interpolation constant        : 0.7 
--------------------------------------------------------------------------
Reading geometric primitives ... done (0.000669003 sec)
--------------------------------------------------------------------------
Output parameters:
   Output file name                        : Subduction2D_direct 
   Write .pvd file                         : yes 
   Phase                                   @ 
   Density                                 @ 
   Total effective viscosity               @ 
   Creep effective viscosity               @ 
   Velocity                                @ 
   Pressure                                @ 
   Temperature                             @ 
   Deviatoric stress tensor                @ 
   Deviatoric stress second invariant      @ 
   Deviatoric strain rate tensor           @ 
   Deviatoric strain rate second invariant @ 
   Yield stress                            @ 
   Accumulated Plastic Strain (APS)        @ 
   Plastic dissipation                     @ 
   Total displacements                     @ 
   Momentum residual                       @ 
   Continuity residual                     @ 
--------------------------------------------------------------------------
AVD output parameters:
   Write .pvd file       : yes 
   AVD refinement factor : 3 
--------------------------------------------------------------------------
Preconditioner parameters: 
   Matrix type                   : monolithic
   Penalty parameter (pgamma)    : 1.000000e+05
   Preconditioner type           : user-defined
--------------------------------------------------------------------------
Solver parameters specified: 
   Outermost Krylov solver       : gmres 
   Solver type                   : parallel direct/lu 
   Solver package                : mumps 
--------------------------------------------------------------------------
============================== INITIAL GUESS =============================
--------------------------------------------------------------------------
  0 SNES Function norm 1.377727977756e+00 
  0 PICARD ||F||/||F0||=1.000000e+00 
    Residual norms for js_ solve.
    0 KSP Residual norm 2.708429476446e+02 
    1 KSP Residual norm 5.704304623078e-01 
  Linear js_ solve converged due to CONVERGED_RTOL iterations 1
  1 SNES Function norm 2.703856928682e-03 
  1 MMFD   ||F||/||F0||=1.962548e-03 
    Residual norms for js_ solve.
    0 KSP Residual norm 5.704304623077e-01 
    1 KSP Residual norm 4.483505166600e-06 
  Linear js_ solve converged due to CONVERGED_RTOL iterations 1
  2 SNES Function norm 2.435715904600e-08 
--------------------------------------------------------------------------
SNES Convergence Reason : ||F|| < atol 
Number of iterations    : 2
SNES solution time      : 0.501044 (sec)
--------------------------------------------------------------------------
Residual summary: 
   Continuity: 
      |Div|_inf = 2.726928164179e-09 
      |Div|_2   = 2.435135571877e-08 
   Momentum: 
      |mRes|_2  = 5.316685530817e-10 
--------------------------------------------------------------------------
Saving output ... done (0.032022 sec)
--------------------------------------------------------------------------
================================= STEP 1 =================================
--------------------------------------------------------------------------
Current time        : 0.00000 [Myr] 
Tentative time step : 0.10000 [Myr] 
--------------------------------------------------------------------------
  0 SNES Function norm 1.003182340346e+00 
  0 PICARD ||F||/||F0||=1.000000e+00 
    Residual norms for js_ solve.
    0 KSP Residual norm 1.501500202546e+01 
    1 KSP Residual norm 4.938586672232e-05 
  Linear js_ solve converged due to CONVERGED_RTOL iterations 1
  1 SNES Function norm 8.587903724825e-03 
  1 MMFD   ||F||/||F0||=8.560661e-03 
    Residual norms for js_ solve.
    0 KSP Residual norm 1.363814829664e-01 
    1 KSP Residual norm 4.681849713642e-02 
    2 KSP Residual norm 5.187591940503e-03 
  Linear js_ solve converged due to CONVERGED_RTOL iterations 2
  2 SNES Function norm 5.859167974859e-03 
  2 MMFD   ||F||/||F0||=5.840581e-03 
    Residual norms for js_ solve.
    0 KSP Residual norm 8.730461859923e-02 
    1 KSP Residual norm 1.132639773474e-02 
  Linear js_ solve converged due to CONVERGED_RTOL iterations 1
  3 SNES Function norm 3.390138467879e-03 
  3 MMFD   ||F||/||F0||=3.379384e-03 
    Residual norms for js_ solve.
    0 KSP Residual norm 4.734729822948e-02 
    1 KSP Residual norm 1.839621214435e-02 
  Linear js_ solve converged due to CONVERGED_RTOL iterations 1
  4 SNES Function norm 2.053747379144e-03 
  4 MMFD   ||F||/||F0||=2.047232e-03 
    Residual norms for js_ solve.
    0 KSP Residual norm 2.270644554425e-02 
    1 KSP Residual norm 8.430729612747e-04 
  Linear js_ solve converged due to CONVERGED_RTOL iterations 1
  5 SNES Function norm 4.905717078933e-05 
--------------------------------------------------------------------------
SNES Convergence Reason : ||F|| < rtol*||F_initial|| 
Number of iterations    : 5
SNES solution time      : 1.13994 (sec)
--------------------------------------------------------------------------
Residual summary: 
   Continuity: 
      |Div|_inf = 3.266177157511e-09 
      |Div|_2   = 6.216886062384e-09 
   Momentum: 
      |mRes|_2  = 4.905717039541e-05 
--------------------------------------------------------------------------
Actual time step : 0.11000 [Myr] 
--------------------------------------------------------------------------
Performing marker control (standard algorithm)
--------------------------------------------------------------------------
================================= STEP 2 =================================
--------------------------------------------------------------------------
Current time        : 0.11000 [Myr] 
Tentative time step : 0.11000 [Myr] 
--------------------------------------------------------------------------
  0 SNES Function norm 1.393400206433e-03 
  0 PICARD ||F||/||F0||=1.000000e+00 
    Residual norms for js_ solve.
    0 KSP Residual norm 2.617932852707e-02 
    1 KSP Residual norm 1.086474965749e-06 
  Linear js_ solve converged due to CONVERGED_RTOL iterations 1
  1 SNES Function norm 2.211154635357e-05 
  1 PICARD ||F||/||F0||=1.586877e-02 
    Residual norms for js_ solve.
    0 KSP Residual norm 3.539575117508e-04 
    1 KSP Residual norm 9.007812761288e-09 
  Linear js_ solve converged due to CONVERGED_RTOL iterations 1
  2 SNES Function norm 6.118299864009e-06 
  2 MMFD   ||F||/||F0||=4.390914e-03 
    Residual norms for js_ solve.
    0 KSP Residual norm 9.979404560713e-05 
    1 KSP Residual norm 1.695476977649e-06 
  Linear js_ solve converged due to CONVERGED_RTOL iterations 1
  3 SNES Function norm 8.895529528027e-08 
--------------------------------------------------------------------------
SNES Convergence Reason : ||F|| < atol 
Number of iterations    : 3
SNES solution time      : 0.640951 (sec)
--------------------------------------------------------------------------
Residual summary: 
   Continuity: 
      |Div|_inf = 7.555353153006e-12 
      |Div|_2   = 1.122897539435e-11 
   Momentum: 
      |mRes|_2  = 8.895529457155e-08 
--------------------------------------------------------------------------
Actual time step : 0.12100 [Myr] 
--------------------------------------------------------------------------
Performing marker control (standard algorithm)
--------------------------------------------------------------------------
================================= STEP 3 =================================
--------------------------------------------------------------------------
Current time        : 0.23100 [Myr] 
Tentative time step : 0.12100 [Myr] 
--------------------------------------------------------------------------
  0 SNES Function norm 1.318733376071e-04 
  0 PICARD ||F||/||F0||=1.000000e+00 
    Residual norms for js_ solve.
    0 KSP Residual norm 3.358475352266e-03 
    1 KSP Residual norm 1.584502113933e-07 
  Linear js_ solve converged due to CONVERGED_RTOL iterations 1
  1 SNES Function norm 2.896219308395e-06 
  1 PICARD ||F||/||F0||=2.196213e-02 
    Residual norms for js_ solve.
    0 KSP Residual norm 4.860788031085e-05 
    1 KSP Residual norm 9.231054672748e-10 
  Linear js_ solve converged due to CONVERGED_RTOL iterations 1
  2 SNES Function norm 3.537386492888e-07 
  2 MMFD   ||F||/||F0||=2.682412e-03 
    Residual norms for js_ solve.
    0 KSP Residual norm 6.093000357902e-06 
    1 KSP Residual norm 7.723996589157e-07 
    2 KSP Residual norm 1.244309234549e-08 
  Linear js_ solve converged due to CONVERGED_RTOL iterations 2
  3 SNES Function norm 6.765333962640e-10 
--------------------------------------------------------------------------
SNES Convergence Reason : ||F|| < atol 
Number of iterations    : 3
SNES solution time      : 0.722006 (sec)
--------------------------------------------------------------------------
Residual summary: 
   Continuity: 
      |Div|_inf = 1.732375094071e-13 
      |Div|_2   = 2.547980148348e-13 
   Momentum: 
      |mRes|_2  = 6.765333482826e-10 
--------------------------------------------------------------------------
Actual time step : 0.13310 [Myr] 
--------------------------------------------------------------------------
Performing marker control (standard algorithm)
--------------------------------------------------------------------------
=========================== SOLUTION IS DONE! ============================
--------------------------------------------------------------------------
Total solution time : 3.11264 (sec) 
--------------------------------------------------------------------------
