-------------------------------------------------------------------------- 
                   Lithosphere and Mantle Evolution Model                   
     Compiled: Date: Apr 10 2017 - Time: 18:43:15 	    
-------------------------------------------------------------------------- 
        STAGGERED-GRID FINITE DIFFERENCE CANONICAL IMPLEMENTATION           
-------------------------------------------------------------------------- 
Parsing input file : ./t2_FB2_MG/FallingBlock_mono_CoupledMG_RedundantCoarse.dat 
   Adding PETSc option: -snes_type ksponly
   Adding PETSc option: -js_ksp_type gmres
   Adding PETSc option: -js_ksp_max_it 150
   Adding PETSc option: -js_ksp_min_it 1
   Adding PETSc option: -js_ksp_converged_reason
   Adding PETSc option: -js_ksp_monitor
   Adding PETSc option: -js_ksp_rtol 1e-3
   Adding PETSc option: -js_ksp_atol 1e-5
   Adding PETSc option: -pstokes mg
   Adding PETSc option: -pcmat_type mono
   Adding PETSc option: -jp_type mg
   Adding PETSc option: -gmg_pc_type mg
   Adding PETSc option: -gmg_pc_mg_levels 3
   Adding PETSc option: -gmg_pc_mg_galerkin
   Adding PETSc option: -gmg_pc_mg_type multiplicative
   Adding PETSc option: -gmg_pc_mg_cycle_type v
   Adding PETSc option: -gmg_pc_mg_log
   Adding PETSc option: -gmg_mg_levels_ksp_type richardson
   Adding PETSc option: -gmg_mg_levels_ksp_richardson_scale 0.5
   Adding PETSc option: -gmg_mg_levels_pc_type jacobi
   Adding PETSc option: -gmg_mg_levels_ksp_max_it 20
   Adding PETSc option: -crs_ksp_type preonly
   Adding PETSc option: -crs_pc_type redundant
   Adding PETSc option: -crs_pc_redundant_number 1
   Adding PETSc option: -crs_redundant_pc_factor_mat_solver_package superlu_dist
   Adding PETSc option: -objects_dump
--------------------------------------------------------------------------
Time stepping parameters:
   Simulation end time          : 1. [ ] 
   Maximum number of steps      : 2 
   Time step                    : 0.01 [ ] 
   Minimum time step            : 1e-05 [ ] 
   Maximum time step            : 0.1 [ ] 
   Time step increase factor    : 0.1 
   CFL criterion                : 0.5 
   CFLMAX (fixed time steps)    : 0.5 
   Output time step             : 0.2 [ ] 
   Output every [n] steps       : 1 
   Output [n] initial steps     : 1 
--------------------------------------------------------------------------
Material parameters: 
   Phase ID : 0
   (dens)   : rho = 1. [ ]  
   (diff)   : eta = 1. [ ]  Bd = 0.5 [ ]  
   Phase ID : 1
   (dens)   : rho = 2. [ ]  
   (diff)   : eta = 100. [ ]  Bd = 0.005 [ ]  
--------------------------------------------------------------------------
Grid parameters:
   Total number of cpu                  : 1 
   Processor grid  [nx, ny, nz]         : [1, 1, 1]
   Fine grid cells [nx, ny, nz]         : [32, 32, 32]
   Number of cells                      :  32768
   Number of faces                      :  101376
   Maximum cell aspect ratio            :  1.00000
   Lower coordinate bounds [bx, by, bz] : [0., 0., 0.]
   Upper coordinate bounds [ex, ey, ez] : [1., 1., 1.]
--------------------------------------------------------------------------
Boundary condition parameters: 
   No-slip boundary mask [lt rt ft bk bm tp]  : 0 0 0 0 0 0 
--------------------------------------------------------------------------
Solution parameters & controls:
   Gravity [gx, gy, gz]                    : [0., 0., -1.] [ ] 
   Surface stabilization (FSSA)            :  1. 
   Use lithostatic pressure for creep      @ 
   Minimum viscosity                       : 0.001 [ ] 
   Maximum viscosity                       : 1e+12 [ ] 
   Ground water level type                 : none 
--------------------------------------------------------------------------
Advection parameters:
   Marker setup scheme           : geometric primitives
   Advection scheme              : Euler 1-st order (basic implementation)
   Velocity interpolation scheme : STAG (Linear)
   Marker control type           : no marker control
   Markers per cell [nx, ny, nz] : [2, 2, 2] 
   Marker distribution type type : random noise
   Background phase ID           : 0 
--------------------------------------------------------------------------
Reading geometric primitives ... done (0.0111296 sec)
--------------------------------------------------------------------------
Output parameters:
   Output file name                        : FB_test 
   Write .pvd file                         : yes 
   Phase                                   @ 
   Total effective viscosity               @ 
   Creep effective viscosity               @ 
   Viscoplastic viscosity                  @ 
   Velocity                                @ 
   Pressure                                @ 
--------------------------------------------------------------------------
AVD output parameters:
   Write .pvd file       : yes 
   AVD refinement factor : 3 
--------------------------------------------------------------------------
Preconditioner parameters: 
   Matrix type                   : monolithic
   Preconditioner type           : coupled Galerkin geometric multigrid
--------------------------------------------------------------------------
 Total coarse grid size    [nx, ny, nz] : [8, 8, 8]
 Coarse grid per processor [nx, ny, nz] : [8, 8, 8]
 Number of multigrid levels             : 3
Saving output ... done (0.441469 sec)
--------------------------------------------------------------------------
================================= STEP 1 =================================
--------------------------------------------------------------------------
Current time        : 0.00000 [ ] 
Tentative time step : 0.01000 [ ] 
--------------------------------------------------------------------------
  0 PICARD ||F||/||F0||=1.000000e+00 
    Residual norms for js_ solve.
    0 KSP Residual norm 2.891214005054e+01 
    1 KSP Residual norm 1.579968379458e+01 
    2 KSP Residual norm 3.786577469937e+00 
    3 KSP Residual norm 7.687166151061e-01 
    4 KSP Residual norm 4.550457695952e-01 
    5 KSP Residual norm 2.129321325036e-01 
    6 KSP Residual norm 5.250292538129e-02 
    7 KSP Residual norm 2.477545066741e-02 
  Linear js_ solve converged due to CONVERGED_RTOL iterations 7
--------------------------------------------------------------------------
SNES Convergence Reason : maximum iterations reached
Number of iterations    : 1
SNES solution time      : 3.30205 (sec)
--------------------------------------------------------------------------
Residual summary: 
   Continuity: 
      |Div|_inf = 1.201806360407e-03 
      |Div|_2   = 2.373839458928e-02 
   Momentum: 
      |mRes|_2  = 1.949058843468e+00 
--------------------------------------------------------------------------
Actual time step : 0.01100 [ ] 
--------------------------------------------------------------------------
Saving output ... done (0.543509 sec)
--------------------------------------------------------------------------
================================= STEP 2 =================================
--------------------------------------------------------------------------
Current time        : 0.01100 [ ] 
Tentative time step : 0.01100 [ ] 
--------------------------------------------------------------------------
  0 PICARD ||F||/||F0||=1.000000e+00 
    Residual norms for js_ solve.
    0 KSP Residual norm 2.477601084651e-02 
    1 KSP Residual norm 1.700911132335e-02 
    2 KSP Residual norm 9.981487750195e-03 
    3 KSP Residual norm 3.705627133037e-03 
    4 KSP Residual norm 1.447819642786e-03 
    5 KSP Residual norm 4.596883784320e-04 
    6 KSP Residual norm 2.379971765627e-04 
    7 KSP Residual norm 1.133602742669e-04 
    8 KSP Residual norm 3.865933700597e-05 
    9 KSP Residual norm 1.512657309626e-05 
  Linear js_ solve converged due to CONVERGED_RTOL iterations 9
--------------------------------------------------------------------------
SNES Convergence Reason : maximum iterations reached
Number of iterations    : 1
SNES solution time      : 3.30772 (sec)
--------------------------------------------------------------------------
Residual summary: 
   Continuity: 
      |Div|_inf = 8.956264717884e-07 
      |Div|_2   = 1.297491022828e-05 
   Momentum: 
      |mRes|_2  = 1.245071435188e-03 
--------------------------------------------------------------------------
Actual time step : 0.01210 [ ] 
--------------------------------------------------------------------------
Saving output ... done (0.543266 sec)
--------------------------------------------------------------------------
=========================== SOLUTION IS DONE! ============================
--------------------------------------------------------------------------
Total solution time : 8.73986 (sec) 
--------------------------------------------------------------------------
