| ------------------------------------------------------------------------- 
|                                      LaMEM                                
|                        Adjoint Gradient Framework Active                  
| ------------------------------------------------------------------------- 
| Adjoint parameters:  
|    Adjoint mode                             : Gradient descent (or Quasi-Newton) inversion  
|    Use Tao BLMVM (or LaMEM steepest descent): 0    
|    Gradient evaluation points               : several observation points  
|    Advect evaluation points with flow       : 0    
|    Objective function type                  : 0    
|    Objective function defined in input      : 1    
|    Maximum gradient descent iterations      : 200    
|    Maximum linesearch iterations            : 100    
|    Apply bounds                             : 0    
|    Tolerance (F/Fini)                       : 4.60000e-02  
|    Not employing TAO, but instead our build-in gradient algorithm, with the following parameters: 
|     Linesearch factor (successful update)    : 2.00000e+00  
|     Linesearch factor (overstep)             : 2.00000e-01  
|     Maximum linesearch factor                : 1.00000e+30  
|     Scale for initial parameter update       : 1.00000e-01  
|   1 : adjoint          rho[1 ] = 1        ; bnd=[-        ; -        ]   
|   Total number of adjoint gradients      : 1   
|   Total number of FD gradients           : 0   
| 
|   Total number of observation points     : 1   
|       [0.600000,0.500000,0.990000] has target PSD=157.11300
| 
-------------------------------------------------------------------------- 
                   Lithosphere and Mantle Evolution Model                   
     Compiled: Date: Apr 16 2023 - Time: 22:17:59 	    
-------------------------------------------------------------------------- 
        STAGGERED-GRID FINITE DIFFERENCE CANONICAL IMPLEMENTATION           
-------------------------------------------------------------------------- 
Parsing input file : t7_PSDInversionPaper.dat 
   Adding PETSc option: -js_ksp_type gmres
   Adding PETSc option: -js_ksp_max_it 50
   Adding PETSc option: -js_ksp_rtol 1e-10
   Adding PETSc option: -js_ksp_atol 1e-15
   Adding PETSc option: -snes_max_it 20
   Adding PETSc option: -snes_atol 1e-12
   Adding PETSc option: -snes_rtol 1e-20
   Adding PETSc option: -snes_stol 1e-20
Finished parsing input file : t7_PSDInversionPaper.dat 
--------------------------------------------------------------------------
Time stepping parameters:
   Simulation end time          : 1. [ ] 
   Maximum number of steps      : 1 
   Time step                    : 0.01 [ ] 
   Minimum time step            : 1e-05 [ ] 
   Maximum time step            : 0.1 [ ] 
   Time step increase factor    : 0.1 
   CFL criterion                : 0.5 
   CFLMAX (fixed time steps)    : 0.5 
   Output time step             : 0.2 [ ] 
   Output every [n] steps       : 10 
   Output [n] initial steps     : 1 
--------------------------------------------------------------------------
--------------------------------------------------------------------------
Material parameters: 
--------------------------------------------------------------------------
- Melt factor mfc = 0.000000   Phase ID : 0     --   Matrix 
   (dens)   : rho = 1. [ ]  
   (disl)   : eta0 = 1. [ ]  e0 = 1e-06 [ ]  Bn = 250000. [ ]  n = 2. [ ]  

- Melt factor mfc = 0.000000   Phase ID : 1     --   Block1 
   (dens)   : rho = 1. [ ]  
   (disl)   : eta0 = 100. [ ]  e0 = 1e-06 [ ]  Bn = 25. [ ]  n = 2. [ ]  

- Melt factor mfc = 0.000000   Phase ID : 2     --   Block2 
   (dens)   : rho = 2. [ ]  
   (disl)   : eta0 = 100. [ ]  e0 = 1e-06 [ ]  Bn = 25. [ ]  n = 2. [ ]  

--------------------------------------------------------------------------
--------------------------------------------------------------------------
Grid parameters:
   Total number of cpu                  : 2 
   Processor grid  [nx, ny, nz]         : [2, 1, 1]
   Fine grid cells [nx, ny, nz]         : [16, 8, 8]
   Number of cells                      :  1024
   Number of faces                      :  3392
   Maximum cell aspect ratio            :  2.00000
   Lower coordinate bounds [bx, by, bz] : [0., 0., 0.]
   Upper coordinate bounds [ex, ey, ez] : [1., 1., 1.]
--------------------------------------------------------------------------
Boundary condition parameters: 
   No-slip boundary mask [lt rt ft bk bm tp]  : 0 0 0 0 0 0 
--------------------------------------------------------------------------
Solution parameters & controls:
   Gravity [gx, gy, gz]                    : [0., 0., -1.] [ ] 
   Surface stabilization (FSSA)            :  1. 
   Compute initial guess                   @ 
   Use lithostatic pressure for creep      @ 
   Minimum viscosity                       : 0.001 [ ] 
   Maximum viscosity                       : 1e+06 [ ] 
   Reference viscosity (initial guess)     : 10. [ ] 
   Max. melt fraction (viscosity, density) : 0.15    
   Rheology iteration number               : 25    
   Rheology iteration tolerance            : 1e-06    
   Ground water level type                 : none 
--------------------------------------------------------------------------
Advection parameters:
   Advection scheme              : Euler 1-st order (basic implementation)
   Periodic marker advection     : 0 0 0 
   Marker setup scheme           : geometric primitives
   Velocity interpolation scheme : STAG (linear)
   Marker control type           : no marker control
   Markers per cell [nx, ny, nz] : [5, 5, 5] 
   Marker distribution type      : uniform
   Background phase ID           : 0 
--------------------------------------------------------------------------
Reading geometric primitives ... done (0.00283324 sec)
--------------------------------------------------------------------------
Output parameters:
   Output file name                        : AdjointInversion_Fig9 
   Write .pvd file                         : yes 
   Phase                                   @ 
   Density                                 @ 
   Total effective viscosity               @ 
   Creep effective viscosity               @ 
   Velocity                                @ 
   Pressure                                @ 
   Deviatoric strain rate tensor           @ 
   Maximum horizontal stress               @ 
   Principal stress angle                  @ 
--------------------------------------------------------------------------
AVD output parameters:
   Write .pvd file       : yes 
   AVD refinement factor : 3 
--------------------------------------------------------------------------
Preconditioner parameters: 
   Matrix type                   : monolithic
   Preconditioner type           : user-defined
--------------------------------------------------------------------------
Solver parameters specified: 
   Outermost Krylov solver       : gmres 
   Solver type                   : parallel direct/lu 
   Solver package                : mumps 
--------------------------------------------------------------------------
============================== INITIAL GUESS =============================
--------------------------------------------------------------------------
  0 SNES Function norm 3.286335345031e+01 
  0 PICARD ||F||/||F0||=1.000000e+00 
  Linear js_ solve converged due to CONVERGED_RTOL iterations 3
  1 SNES Function norm 7.150240791582e-11 
  1 MMFD   ||F||/||F0||=2.175749e-12 
  Linear js_ solve converged due to CONVERGED_ATOL iterations 3
  2 SNES Function norm 1.968131313295e-14 
--------------------------------------------------------------------------
SNES Convergence Reason : ||F|| < atol 
Number of iterations    : 2
SNES solution time      : 0.643761 (sec)
--------------------------------------------------------------------------
Residual summary: 
   Continuity: 
      |Div|_inf = 8.673617379884e-19 
      |Div|_2   = 6.149798992562e-18 
   Momentum: 
      |mRes|_2  = 1.968131217214e-14 
--------------------------------------------------------------------------
Saving output ... done (0.22377 sec)
--------------------------------------------------------------------------
================================= STEP 1 =================================
--------------------------------------------------------------------------
Current time        : 0.00000000 [ ] 
Tentative time step : 0.01000000 [ ] 
--------------------------------------------------------------------------
  0 SNES Function norm 5.856357286976e+00 
  0 PICARD ||F||/||F0||=1.000000e+00 
  Linear js_ solve converged due to CONVERGED_RTOL iterations 27
  1 SNES Function norm 1.286099512610e+01 
  1 PICARD ||F||/||F0||=2.196074e+00 
  Linear js_ solve converged due to CONVERGED_RTOL iterations 24
  2 SNES Function norm 1.138893144711e+01 
  2 PICARD ||F||/||F0||=1.944713e+00 
  Linear js_ solve converged due to CONVERGED_RTOL iterations 23
  3 SNES Function norm 5.146749736195e+00 
  3 PICARD ||F||/||F0||=8.788312e-01 
  Linear js_ solve converged due to CONVERGED_RTOL iterations 23
  4 SNES Function norm 1.829845787204e+00 
  4 PICARD ||F||/||F0||=3.124546e-01 
  Linear js_ solve converged due to CONVERGED_RTOL iterations 23
  5 SNES Function norm 6.494388547768e-01 
  5 PICARD ||F||/||F0||=1.108947e-01 
  Linear js_ solve converged due to CONVERGED_RTOL iterations 24
  6 SNES Function norm 2.493415786763e-01 
  6 PICARD ||F||/||F0||=4.257622e-02 
  Linear js_ solve converged due to CONVERGED_RTOL iterations 24
  7 SNES Function norm 9.960030477989e-02 
  7 PICARD ||F||/||F0||=1.700721e-02 
  Linear js_ solve converged due to CONVERGED_RTOL iterations 24
  8 SNES Function norm 4.032469653285e-02 
  8 MMFD   ||F||/||F0||=6.885628e-03 
  Linear js_ solve converged due to CONVERGED_RTOL iterations 29
  9 SNES Function norm 8.737508775374e-05 
  9 MMFD   ||F||/||F0||=1.491970e-05 
  Linear js_ solve converged due to CONVERGED_ATOL iterations 29
 10 SNES Function norm 4.054823696556e-10 
 10 MMFD   ||F||/||F0||=6.923798e-11 
  Linear js_ solve converged due to CONVERGED_ATOL iterations 12
 11 SNES Function norm 1.031379512315e-13 
--------------------------------------------------------------------------
SNES Convergence Reason : ||F|| < atol 
Number of iterations    : 11
SNES solution time      : 6.4724 (sec)
--------------------------------------------------------------------------
Residual summary: 
   Continuity: 
      |Div|_inf = 7.660538869914e-15 
      |Div|_2   = 3.902505078785e-14 
   Momentum: 
      |mRes|_2  = 9.546979834081e-14 
--------------------------------------------------------------------------
| IOparam->mfit = 1.804856e-02 
| grad=4.145454e-02, aop->CurScal=1.000000e+00 vel-scale =1.000000e+00
Actual time step : 0.01100 [ ] 
--------------------------------------------------------------------------
Saving output ... done (0.223277 sec)
--------------------------------------------------------------------------
=========================== SOLUTION IS DONE! ============================
--------------------------------------------------------------------------
Total solution time : 8.36127 (sec) 
--------------------------------------------------------------------------
| ************************************************************************
|                       COMPUTATION OF THE COST FUNCTION                    
| ************************************************************************
| Current Cost function = 1.8048555625e-02
| ************************************************************************ 
|                       COMPUTATION OF THE GRADIENTS                       
| ************************************************************************ 
| 
| Gradients: 
|                    Parameter             |  Gradient (dimensional)  
|                  -----------------------   ------------------------ 
|  adjoint     1:          rho[ 1]           -4.145454e-02 
| 
| 
| Observation points: 
|                                                    Center values         
|                       Location         |      Target         Value     
|       --------------------------------- --- ------------- ------------- 
| 1   : [    0.600;     0.500;     0.990] PSD   1.57113e+02   1.67999e+02
| 
| AdjointOptimisation: Gradients. [0]=-4.145454e-02, [1]=0.000000e+00 

| ------------------------------------------------------------------------ 
| 1. IT INVERSION RESULT: line search its = 0 ; F / FINI = 1.00000e+00
| 
| Fold = 1.00000e+100 
|    F = 1.80486e-02
| 
| 1 Diff parameter value = 1.00000e-01
| 
| 1 Parameter value = 1.00000e+00
| -------------------------------------------------------------------------

| LS factor for 1.Parameter = 4.82456e+00
| 
| ------------------------------------------------------------------------- 
| *                         INVERSION RESULT SUMMARY                      * 
| ------------------------------------------------------------------------- 
| Number of inversion iterations: 2
| F/Fini:
| 1.00000e+00
| 
| Final cost function:
| 1.80486e-02
| 
| Final Parameters: 
| rho[1] = 1.00000e+00
| ------------------------------------------------------------------------- 

| Adjoint computation was successful & took 8.36478 s                         	 
| ************************************************************************ 
