-------------------------------------------------------------------------- 
                   Lithosphere and Mantle Evolution Model                   
     Compiled: Date: Nov 11 2020 - Time: 21:41:25 	    
-------------------------------------------------------------------------- 
        STAGGERED-GRID FINITE DIFFERENCE CANONICAL IMPLEMENTATION           
-------------------------------------------------------------------------- 
Parsing input file : ./SubductionWithParticles/Subduction2D_FreeSurface_Particles_Nonlinear_DirectSolver.dat 
   Adding PETSc option: -snes_ksp_ew
   Adding PETSc option: -snes_ksp_ew_rtolmax 1e-4
   Adding PETSc option: -snes_rtol 1e-3
   Adding PETSc option: -snes_atol 1e-4
   Adding PETSc option: -snes_max_it 200
   Adding PETSc option: -snes_PicardSwitchToNewton_rtol 5e-2
   Adding PETSc option: -snes_NewtonSwitchToPicard_it 20
   Adding PETSc option: -js_ksp_monitor
Finished parsing input file : ./SubductionWithParticles/Subduction2D_FreeSurface_Particles_Nonlinear_DirectSolver.dat 
--------------------------------------------------------------------------
Scaling parameters:
   Temperature : 1000. [C/K] 
   Length      : 10000. [m] 
   Viscosity   : 1e+21 [Pa*s] 
   Stress      : 1e+08 [Pa] 
--------------------------------------------------------------------------
Time stepping parameters:
   Simulation end time          : 100. [Myr] 
   Maximum number of steps      : 2 
   Time step                    : 0.001 [Myr] 
   Minimum time step            : 1e-05 [Myr] 
   Maximum time step            : 0.1 [Myr] 
   Time step increase factor    : 0.1 
   CFL criterion                : 0.5 
   CFLMAX (fixed time steps)    : 0.9 
   Output every [n] steps       : 5 
   Output [n] initial steps     : 1 
   Save restart every [n] steps : 100 
--------------------------------------------------------------------------
Softening laws: 
--------------------------------------------------------------------------
   SoftLaw [0] : A = 0.9, APS1 = 0.01, APS2 = 0.1
--------------------------------------------------------------------------
Material parameters: 
--------------------------------------------------------------------------
   Phase ID : 0
   (dens)   : rho = 1000. [kg/m^3]  
   (diff)   : eta = 1e+18 [Pa*s]  Bd = 5e-19 [1/Pa/s]  
   (temp)   : alpha = 3e-05 [1/K]  Cp = 1e+06 [J/kg/K]  k = 100. [W/m/k]  

   Phase ID : 1
   diffusion creep profile  : Dry_Olivine_diff_creep-Hirth_Kohlstedt_2003
   dislocation creep profile: Dry_Olivine_disl_creep-Hirth_Kohlstedt_2003
   (dens)   : rho = 3200. [kg/m^3]  
   (elast)  : G = 5e+10 [Pa]  Vs = 3952.85 [m/s]  
   (diff)   : Bd = 1.5e-09 [1/Pa/s]  Ed = 375000. [J/mol]  Vd = 5e-06 [m^3/mol]  
   (disl)   : Bn = 6.22254e-16 [1/Pa^n/s]  En = 530000. [J/mol]  Vn = 5e-06 [m^3/mol]  n = 3.5 [ ]  
   (plast)  : ch = 1e+07 [Pa]  fr = 30. [deg]  
   (temp)   : alpha = 3e-05 [1/K]  Cp = 1050. [J/kg/K]  k = 3. [W/m/k]  

   Phase ID : 2
   dislocation creep profile: Maryland_strong_diabase-Mackwell_et_al_1998
   (dens)   : rho = 2900. [kg/m^3]  
   (elast)  : G = 5e+10 [Pa]  Vs = 4152.27 [m/s]  
   (disl)   : Bn = 5.77904e-27 [1/Pa^n/s]  En = 485000. [J/mol]  n = 4.7 [ ]  
   (plast)  : ch = 1e+07 [Pa]  fr = 10. [deg]  frSoftID = 0 chSoftID = 0 
   (temp)   : alpha = 3e-05 [1/K]  Cp = 1050. [J/kg/K]  k = 3. [W/m/k]  

   Phase ID : 3
   diffusion creep profile  : Dry_Olivine_diff_creep-Hirth_Kohlstedt_2003
   dislocation creep profile: Dry_Olivine_disl_creep-Hirth_Kohlstedt_2003
   (dens)   : rho = 3200. [kg/m^3]  
   (elast)  : G = 5e+10 [Pa]  Vs = 3952.85 [m/s]  
   (diff)   : Bd = 1.5e-09 [1/Pa/s]  Ed = 375000. [J/mol]  Vd = 8e-06 [m^3/mol]  
   (disl)   : Bn = 6.22254e-16 [1/Pa^n/s]  En = 530000. [J/mol]  Vn = 8e-06 [m^3/mol]  n = 3.5 [ ]  
   (plast)  : ch = 1e+07 [Pa]  fr = 30. [deg]  
   (temp)   : alpha = 3e-05 [1/K]  Cp = 1050. [J/kg/K]  k = 3. [W/m/k]  

--------------------------------------------------------------------------
--------------------------------------------------------------------------
Grid parameters:
   Total number of cpu                  : 1 
   Processor grid  [nx, ny, nz]         : [1, 1, 1]
   Fine grid cells [nx, ny, nz]         : [256, 1, 64]
   Number of cells                      :  16384
   Number of faces                      :  65856
   Maximum cell aspect ratio            :  1.82857
   Lower coordinate bounds [bx, by, bz] : [-1500., -10., -660.]
   Upper coordinate bounds [ex, ey, ez] : [1500., 10., 40.]
--------------------------------------------------------------------------
Free surface parameters: 
   Sticky air phase ID       : 0 
   Initial surface level     : 0. [km] 
   Erosion model             : none
   Sedimentation model       : none
   Correct marker phases     @ 
   Maximum surface slope     : 10. [deg]
--------------------------------------------------------------------------
Boundary condition parameters: 
   No-slip boundary mask [lt rt ft bk bm tp]  : 0 0 0 0 1 0 
   Open top boundary                          @ 
   Top boundary temperature                   : 0. [C] 
   Bottom boundary temperature                : 1350. [C] 
--------------------------------------------------------------------------
Solution parameters & controls:
   Gravity [gx, gy, gz]                    : [0., 0., -9.81] [m/s^2] 
   Surface stabilization (FSSA)            :  1. 
   Compute initial guess                   @ 
   Use lithostatic pressure for creep      @ 
   Enforce zero average pressure on top    @ 
   Limit pressure at first iteration       @ 
   Minimum viscosity                       : 1e+19 [Pa*s] 
   Maximum viscosity                       : 1e+23 [Pa*s] 
   Reference viscosity (initial guess)     : 1e+21 [Pa*s] 
   Universal gas constant                  : 8.31446 [J/mol/K] 
   Minimum cohesion                        : 100000. [Pa] 
   Ultimate yield stress                   : 5e+08 [Pa] 
   Max. melt fraction (viscosity, density) : 0.15    
   Rheology iteration number               : 25  
   Rheology iteration tolerance            : 1e-06    
   Ground water level type                 : none 
--------------------------------------------------------------------------
Advection parameters:
   Advection scheme              : Runge-Kutta 2-nd order
   Marker setup scheme           : binary files (MATLAB)
   Velocity interpolation scheme : MINMOD (correction + MINMOD)
   Marker control type           : AVD for cells + corner insertion
   Markers per cell [nx, ny, nz] : [3, 3, 3] 
   Marker distribution type      : random noise
--------------------------------------------------------------------------
Loading markers in parallel from file(s) <./markers_nonlinear/mdb> ... done (0.055536 sec)
--------------------------------------------------------------------------
Output parameters:
   Output file name                        : Subduction2D_FreeSurface_direct 
   Write .pvd file                         : yes 
   Phase                                   @ 
   Density                                 @ 
   Total effective viscosity               @ 
   Creep effective viscosity               @ 
   Velocity                                @ 
   Pressure                                @ 
   Temperature                             @ 
   Deviatoric stress tensor                @ 
   Deviatoric stress second invariant      @ 
   Deviatoric strain rate tensor           @ 
   Deviatoric strain rate second invariant @ 
   Yield stress                            @ 
   Accumulated Plastic Strain (APS)        @ 
   Plastic dissipation                     @ 
   Total displacements                     @ 
   Momentum residual                       @ 
   Continuity residual                     @ 
--------------------------------------------------------------------------
Surface output parameters:
   Write .pvd file : yes 
   Velocity        @ 
   Topography      @ 
   Amplitude       @ 
--------------------------------------------------------------------------
AVD output parameters:
   Write .pvd file       : yes 
   AVD refinement factor : 3 
--------------------------------------------------------------------------
Preconditioner parameters: 
   Matrix type                   : monolithic
   Penalty parameter (pgamma)    : 1.000000e+05
   Preconditioner type           : user-defined
--------------------------------------------------------------------------
Solver parameters specified: 
   Outermost Krylov solver       : gmres 
   Solver type                   : serial direct/lu 
   Solver package                : petsc 
--------------------------------------------------------------------------
============================== INITIAL GUESS =============================
--------------------------------------------------------------------------
  0 SNES Function norm 3.737162561213e+02 
  0 PICARD ||F||/||F0||=1.000000e+00 
    Residual norms for js_ solve.
    0 KSP Residual norm 1.470406784975e+04 
    1 KSP Residual norm 6.536627211576e+00 
    2 KSP Residual norm 5.456694354840e-06 
  Linear js_ solve converged due to CONVERGED_RTOL iterations 2
  1 SNES Function norm 3.986777262108e-07 
--------------------------------------------------------------------------
SNES Convergence Reason : ||F|| < atol 
Number of iterations    : 1
SNES solution time      : 0.540509 (sec)
--------------------------------------------------------------------------
Residual summary: 
   Continuity: 
      |Div|_inf = 6.179644731694e-09 
      |Div|_2   = 3.986625951734e-07 
   Momentum: 
      |mRes|_2  = 3.473411324140e-09 
--------------------------------------------------------------------------
Saving output ... done (0.451719 sec)
--------------------------------------------------------------------------
================================= STEP 1 =================================
--------------------------------------------------------------------------
Current time        : 0.00000 [Myr] 
Tentative time step : 0.00100 [Myr] 
--------------------------------------------------------------------------
  0 SNES Function norm 7.370107750284e-01 
  0 PICARD ||F||/||F0||=1.000000e+00 
    Residual norms for js_ solve.
    0 KSP Residual norm 3.408879508167e+02 
    1 KSP Residual norm 2.047279660469e-03 
  Linear js_ solve converged due to CONVERGED_RTOL iterations 1
  1 SNES Function norm 4.098467809407e-01 
  1 PICARD ||F||/||F0||=5.560933e-01 
    Residual norms for js_ solve.
    0 KSP Residual norm 3.032113509759e+02 
    1 KSP Residual norm 1.341583727254e-02 
  Linear js_ solve converged due to CONVERGED_RTOL iterations 1
  2 SNES Function norm 2.255726780771e-01 
  2 PICARD ||F||/||F0||=3.060643e-01 
    Residual norms for js_ solve.
    0 KSP Residual norm 9.946357489022e+01 
    1 KSP Residual norm 5.703474002238e-03 
  Linear js_ solve converged due to CONVERGED_RTOL iterations 1
  3 SNES Function norm 8.511562457019e-02 
  3 PICARD ||F||/||F0||=1.154876e-01 
    Residual norms for js_ solve.
    0 KSP Residual norm 2.413640225713e+01 
    1 KSP Residual norm 1.467440341850e-03 
  Linear js_ solve converged due to CONVERGED_RTOL iterations 1
  4 SNES Function norm 3.276736825025e-02 
  4 MMFD   ||F||/||F0||=4.445982e-02 
    Residual norms for js_ solve.
    0 KSP Residual norm 6.303306285034e+00 
    1 KSP Residual norm 7.518920859504e-01 
    2 KSP Residual norm 8.845830881871e-02 
    3 KSP Residual norm 1.585432422014e-02 
    4 KSP Residual norm 3.987066617353e-03 
    5 KSP Residual norm 8.973409447004e-04 
    6 KSP Residual norm 2.270268651959e-04 
  Linear js_ solve converged due to CONVERGED_RTOL iterations 6
  5 SNES Function norm 2.043863846844e-02 
  5 MMFD   ||F||/||F0||=2.773180e-02 
    Residual norms for js_ solve.
    0 KSP Residual norm 3.279975263295e-02 
    1 KSP Residual norm 8.280261753880e-03 
    2 KSP Residual norm 1.691436742664e-03 
    3 KSP Residual norm 4.326204470719e-04 
    4 KSP Residual norm 1.353138390274e-04 
    5 KSP Residual norm 4.058341785806e-05 
    6 KSP Residual norm 1.001203376459e-05 
    7 KSP Residual norm 3.168910096643e-06 
  Linear js_ solve converged due to CONVERGED_RTOL iterations 7
  6 SNES Function norm 4.835038482629e-03 
  6 MMFD   ||F||/||F0||=6.560336e-03 
    Residual norms for js_ solve.
    0 KSP Residual norm 4.472848246284e-03 
    1 KSP Residual norm 7.919688799804e-04 
    2 KSP Residual norm 1.900255182072e-04 
    3 KSP Residual norm 3.987126988602e-05 
    4 KSP Residual norm 1.001517521474e-05 
    5 KSP Residual norm 2.312413172223e-06 
    6 KSP Residual norm 6.987687753964e-07 
    7 KSP Residual norm 1.662138383533e-07 
  Linear js_ solve converged due to CONVERGED_RTOL iterations 7
  7 SNES Function norm 6.003426947502e-04 
--------------------------------------------------------------------------
SNES Convergence Reason : ||F|| < rtol*||F_initial|| 
Number of iterations    : 7
SNES solution time      : 4.37106 (sec)
--------------------------------------------------------------------------
Residual summary: 
   Continuity: 
      |Div|_inf = 6.636496907575e-12 
      |Div|_2   = 1.689781576273e-10 
   Momentum: 
      |mRes|_2  = 6.003426947502e-04 
--------------------------------------------------------------------------
Actual time step : 0.00100 [Myr] 
--------------------------------------------------------------------------
Performing marker control (standard algorithm)
--------------------------------------------------------------------------
Saving output ... done (0.438472 sec)
--------------------------------------------------------------------------
================================= STEP 2 =================================
--------------------------------------------------------------------------
Current time        : 0.00100 [Myr] 
Tentative time step : 0.00110 [Myr] 
--------------------------------------------------------------------------
  0 SNES Function norm 2.265984594766e+00 
  0 PICARD ||F||/||F0||=1.000000e+00 
    Residual norms for js_ solve.
    0 KSP Residual norm 3.923143030775e+02 
    1 KSP Residual norm 1.655560909691e-02 
  Linear js_ solve converged due to CONVERGED_RTOL iterations 1
  1 SNES Function norm 2.323531925138e-01 
  1 PICARD ||F||/||F0||=1.025396e-01 
    Residual norms for js_ solve.
    0 KSP Residual norm 4.905508094402e+01 
    1 KSP Residual norm 2.715656639826e-03 
  Linear js_ solve converged due to CONVERGED_RTOL iterations 1
  2 SNES Function norm 4.717096806052e-02 
  2 MMFD   ||F||/||F0||=2.081699e-02 
    Residual norms for js_ solve.
    0 KSP Residual norm 1.214573105268e+01 
    1 KSP Residual norm 1.056966726679e+00 
    2 KSP Residual norm 1.807225242141e-01 
    3 KSP Residual norm 3.971801727426e-02 
    4 KSP Residual norm 8.255584490317e-03 
    5 KSP Residual norm 1.738707887780e-03 
    6 KSP Residual norm 4.183974920225e-04 
  Linear js_ solve converged due to CONVERGED_RTOL iterations 6
  3 SNES Function norm 1.052707951996e-02 
  3 MMFD   ||F||/||F0||=4.645698e-03 
    Residual norms for js_ solve.
    0 KSP Residual norm 1.212914597709e-01 
    1 KSP Residual norm 3.015112474534e-02 
    2 KSP Residual norm 9.186517491107e-03 
    3 KSP Residual norm 1.600653504068e-03 
    4 KSP Residual norm 4.446920494092e-04 
    5 KSP Residual norm 9.761184734616e-05 
    6 KSP Residual norm 2.558940000879e-05 
    7 KSP Residual norm 6.332757408911e-06 
  Linear js_ solve converged due to CONVERGED_RTOL iterations 7
  4 SNES Function norm 4.288325932933e-03 
  4 MMFD   ||F||/||F0||=1.892478e-03 
    Residual norms for js_ solve.
    0 KSP Residual norm 4.235825215810e-03 
    1 KSP Residual norm 1.340256247286e-03 
    2 KSP Residual norm 4.149502593654e-04 
    3 KSP Residual norm 1.239152493961e-04 
    4 KSP Residual norm 3.311303260073e-05 
    5 KSP Residual norm 8.385561374088e-06 
    6 KSP Residual norm 2.007058801204e-06 
    7 KSP Residual norm 5.749397320788e-07 
    8 KSP Residual norm 1.609320161667e-07 
  Linear js_ solve converged due to CONVERGED_RTOL iterations 8
  5 SNES Function norm 6.791058474477e-04 
--------------------------------------------------------------------------
SNES Convergence Reason : ||F|| < rtol*||F_initial|| 
Number of iterations    : 5
SNES solution time      : 3.92547 (sec)
--------------------------------------------------------------------------
Residual summary: 
   Continuity: 
      |Div|_inf = 2.953066957634e-11 
      |Div|_2   = 1.025371099767e-10 
   Momentum: 
      |mRes|_2  = 6.791058474477e-04 
--------------------------------------------------------------------------
Actual time step : 0.00110 [Myr] 
--------------------------------------------------------------------------
Performing marker control (standard algorithm)
--------------------------------------------------------------------------
=========================== SOLUTION IS DONE! ============================
--------------------------------------------------------------------------
Total solution time : 10.5361 (sec) 
--------------------------------------------------------------------------
