-------------------------------------------------------------------------- 
                   Lithosphere and Mantle Evolution Model                   
     Compiled: Date: Nov 11 2020 - Time: 21:41:25 	    
-------------------------------------------------------------------------- 
        STAGGERED-GRID FINITE DIFFERENCE CANONICAL IMPLEMENTATION           
-------------------------------------------------------------------------- 
Parsing input file : ./SubductionWithParticles/Subduction2D_FreeSlip_Particles_Linear_DirectSolver.dat 
   Adding PETSc option: -js_ksp_monitor
Finished parsing input file : ./SubductionWithParticles/Subduction2D_FreeSlip_Particles_Linear_DirectSolver.dat 
--------------------------------------------------------------------------
Scaling parameters:
   Temperature : 1000. [C/K] 
   Length      : 1000. [m] 
   Viscosity   : 1e+20 [Pa*s] 
   Stress      : 1e+09 [Pa] 
--------------------------------------------------------------------------
Time stepping parameters:
   Simulation end time          : 100. [Myr] 
   Maximum number of steps      : 2 
   Time step                    : 0.05 [Myr] 
   Minimum time step            : 1e-05 [Myr] 
   Maximum time step            : 100. [Myr] 
   Time step increase factor    : 0.1 
   CFL criterion                : 0.5 
   CFLMAX (fixed time steps)    : 0.5 
   Output every [n] steps       : 5 
   Output [n] initial steps     : 1 
   Save restart every [n] steps : 100 
--------------------------------------------------------------------------
--------------------------------------------------------------------------
Material parameters: 
--------------------------------------------------------------------------
   Phase ID : 0
   (dens)   : rho = 3200. [kg/m^3]  
   (diff)   : eta = 1e+20 [Pa*s]  Bd = 5e-21 [1/Pa/s]  

   Phase ID : 1
   (dens)   : rho = 3250. [kg/m^3]  
   (diff)   : eta = 5e+22 [Pa*s]  Bd = 1e-23 [1/Pa/s]  
   (plast)  : ch = 5e+06 [Pa]  fr = 5. [deg]  

   Phase ID : 2
   (dens)   : rho = 3250. [kg/m^3]  
   (diff)   : eta = 5e+22 [Pa*s]  Bd = 1e-23 [1/Pa/s]  

--------------------------------------------------------------------------
--------------------------------------------------------------------------
Grid parameters:
   Total number of cpu                  : 1 
   Processor grid  [nx, ny, nz]         : [1, 1, 1]
   Fine grid cells [nx, ny, nz]         : [256, 2, 64]
   Number of cells                      :  32768
   Number of faces                      :  115328
   Maximum cell aspect ratio            :  2.34375
   Lower coordinate bounds [bx, by, bz] : [-1500., 0., -660.]
   Upper coordinate bounds [ex, ey, ez] : [1500., 10., 0.]
--------------------------------------------------------------------------
Boundary condition parameters: 
   No-slip boundary mask [lt rt ft bk bm tp]  : 0 0 0 0 1 0 
--------------------------------------------------------------------------
Solution parameters & controls:
   Gravity [gx, gy, gz]                    : [0., 0., -9.81] [m/s^2] 
   Surface stabilization (FSSA)            :  1. 
   Use lithostatic pressure for creep      @ 
   Use lithostatic pressure for plasticity @ 
   Enforce zero average pressure on top    @ 
   Minimum viscosity                       : 1e+18 [Pa*s] 
   Maximum viscosity                       : 1e+25 [Pa*s] 
   Reference viscosity (initial guess)     : 1e+20 [Pa*s] 
   Max. melt fraction (viscosity, density) : 0.15    
   Rheology iteration number               : 25  
   Rheology iteration tolerance            : 1e-06    
   Ground water level type                 : none 
--------------------------------------------------------------------------
Advection parameters:
   Advection scheme              : Runge-Kutta 2-nd order
   Marker setup scheme           : binary files (MATLAB)
   Velocity interpolation scheme : MINMOD (correction + MINMOD)
   Marker control type           : AVD for cells + corner insertion
   Markers per cell [nx, ny, nz] : [3, 3, 3] 
   Marker distribution type      : random noise
--------------------------------------------------------------------------
Loading markers in parallel from file(s) <./markers_linear/mdb> ... done (0.105352 sec)
--------------------------------------------------------------------------
Output parameters:
   Output file name                        : Subduction2D_FreeSlip_direct 
   Write .pvd file                         : yes 
   Phase                                   @ 
   Density                                 @ 
   Total effective viscosity               @ 
   Creep effective viscosity               @ 
   Velocity                                @ 
   Pressure                                @ 
   Temperature                             @ 
   Deviatoric stress tensor                @ 
   Deviatoric stress second invariant      @ 
   Deviatoric strain rate tensor           @ 
   Deviatoric strain rate second invariant @ 
   Yield stress                            @ 
   Accumulated Plastic Strain (APS)        @ 
   Plastic dissipation                     @ 
   Total displacements                     @ 
   Momentum residual                       @ 
   Continuity residual                     @ 
--------------------------------------------------------------------------
AVD output parameters:
   Write .pvd file       : yes 
   AVD refinement factor : 3 
--------------------------------------------------------------------------
Preconditioner parameters: 
   Matrix type                   : monolithic
   Penalty parameter (pgamma)    : 1.000000e+05
   Preconditioner type           : user-defined
--------------------------------------------------------------------------
Solver parameters specified: 
   Outermost Krylov solver       : gmres 
   Solver type                   : serial direct/lu 
   Solver package                : petsc 
--------------------------------------------------------------------------
Saving output ... done (0.915067 sec)
--------------------------------------------------------------------------
================================= STEP 1 =================================
--------------------------------------------------------------------------
Current time        : 0.00000 [Myr] 
Tentative time step : 0.05000 [Myr] 
--------------------------------------------------------------------------
  0 SNES Function norm 5.643365738037e+00 
  0 PICARD ||F||/||F0||=1.000000e+00 
    Residual norms for js_ solve.
    0 KSP Residual norm 1.089606602669e+03 
    1 KSP Residual norm 2.050565375804e+00 
    2 KSP Residual norm 6.827593194266e-05 
  Linear js_ solve converged due to CONVERGED_RTOL iterations 2
  1 SNES Function norm 4.545430471104e-02 
  1 MMFD   ||F||/||F0||=8.054467e-03 
    Residual norms for js_ solve.
    0 KSP Residual norm 7.724375076759e-01 
    1 KSP Residual norm 1.296975265391e-01 
    2 KSP Residual norm 3.153365180244e-02 
    3 KSP Residual norm 7.656075155966e-03 
    4 KSP Residual norm 2.196735567052e-03 
    5 KSP Residual norm 4.719500206532e-04 
    6 KSP Residual norm 8.997965611347e-05 
    7 KSP Residual norm 1.428677009910e-05 
    8 KSP Residual norm 2.686460834862e-06 
  Linear js_ solve converged due to CONVERGED_RTOL iterations 8
  2 SNES Function norm 3.257920312974e-02 
  2 MMFD   ||F||/||F0||=5.773009e-03 
    Residual norms for js_ solve.
    0 KSP Residual norm 2.577033207573e-01 
    1 KSP Residual norm 3.102994305901e-02 
    2 KSP Residual norm 3.805502959063e-03 
    3 KSP Residual norm 5.580615598003e-04 
    4 KSP Residual norm 1.093014034487e-04 
    5 KSP Residual norm 1.114802223709e-05 
    6 KSP Residual norm 1.537346657879e-06 
  Linear js_ solve converged due to CONVERGED_RTOL iterations 6
  3 SNES Function norm 4.637897081372e-03 
  3 MMFD   ||F||/||F0||=8.218317e-04 
    Residual norms for js_ solve.
    0 KSP Residual norm 2.258615187538e-02 
    1 KSP Residual norm 1.993649965481e-03 
    2 KSP Residual norm 5.393519865738e-04 
    3 KSP Residual norm 1.364560229907e-04 
    4 KSP Residual norm 8.188401591583e-06 
    5 KSP Residual norm 8.749676436044e-07 
    6 KSP Residual norm 1.172649594562e-07 
  Linear js_ solve converged due to CONVERGED_RTOL iterations 6
  4 SNES Function norm 2.489231582252e-04 
--------------------------------------------------------------------------
SNES Convergence Reason : ||F|| < rtol*||F_initial|| 
Number of iterations    : 4
SNES solution time      : 11.8253 (sec)
--------------------------------------------------------------------------
Residual summary: 
   Continuity: 
      |Div|_inf = 2.572086857736e-12 
      |Div|_2   = 3.919803957424e-12 
   Momentum: 
      |mRes|_2  = 2.489231582252e-04 
--------------------------------------------------------------------------
Actual time step : 0.05500 [Myr] 
--------------------------------------------------------------------------
Performing marker control (standard algorithm)
--------------------------------------------------------------------------
Saving output ... done (1.05337 sec)
--------------------------------------------------------------------------
================================= STEP 2 =================================
--------------------------------------------------------------------------
Current time        : 0.05500 [Myr] 
Tentative time step : 0.05500 [Myr] 
--------------------------------------------------------------------------
  0 SNES Function norm 9.383996109191e-03 
  0 PICARD ||F||/||F0||=1.000000e+00 
    Residual norms for js_ solve.
    0 KSP Residual norm 1.904633016320e-01 
    1 KSP Residual norm 4.698065549335e-06 
    2 KSP Residual norm 1.321685126152e-10 
  Linear js_ solve converged due to CONVERGED_RTOL iterations 2
  1 SNES Function norm 1.287937325829e-03 
  1 PICARD ||F||/||F0||=1.372483e-01 
    Residual norms for js_ solve.
    0 KSP Residual norm 5.192296928744e-03 
    1 KSP Residual norm 3.081319136253e-07 
    2 KSP Residual norm 7.527439146135e-12 
  Linear js_ solve converged due to CONVERGED_RTOL iterations 2
  2 SNES Function norm 1.315842715363e-04 
  2 PICARD ||F||/||F0||=1.402220e-02 
    Residual norms for js_ solve.
    0 KSP Residual norm 8.603905685488e-04 
    1 KSP Residual norm 3.906639664072e-08 
    2 KSP Residual norm 1.156888905357e-12 
  Linear js_ solve converged due to CONVERGED_RTOL iterations 2
  3 SNES Function norm 2.991065529221e-05 
  3 MMFD   ||F||/||F0||=3.187411e-03 
    Residual norms for js_ solve.
    0 KSP Residual norm 1.697909364497e-04 
    1 KSP Residual norm 1.943809943443e-05 
    2 KSP Residual norm 3.329805883040e-06 
    3 KSP Residual norm 8.361705198972e-07 
    4 KSP Residual norm 1.861364780573e-07 
    5 KSP Residual norm 1.698316260110e-08 
    6 KSP Residual norm 1.300562341028e-09 
  Linear js_ solve converged due to CONVERGED_RTOL iterations 6
  4 SNES Function norm 1.104413540803e-08 
--------------------------------------------------------------------------
SNES Convergence Reason : ||F|| < atol 
Number of iterations    : 4
SNES solution time      : 10.5038 (sec)
--------------------------------------------------------------------------
Residual summary: 
   Continuity: 
      |Div|_inf = 5.374953954140e-14 
      |Div|_2   = 1.512352299505e-13 
   Momentum: 
      |mRes|_2  = 1.104413540699e-08 
--------------------------------------------------------------------------
Actual time step : 0.06050 [Myr] 
--------------------------------------------------------------------------
Performing marker control (standard algorithm)
--------------------------------------------------------------------------
=========================== SOLUTION IS DONE! ============================
--------------------------------------------------------------------------
Total solution time : 25.7838 (sec) 
--------------------------------------------------------------------------
