-------------------------------------------------------------------------- 
                   Lithosphere and Mantle Evolution Model                   
     Compiled: Date: Oct  2 2024 - Time: 12:03:10 	    
     Version : 2.1.4 
-------------------------------------------------------------------------- 
        STAGGERED-GRID FINITE DIFFERENCE CANONICAL IMPLEMENTATION           
-------------------------------------------------------------------------- 
Parsing input file : dike_variableM.dat 
   Adding PETSc option: -snes_rtol 1e-3
   Adding PETSc option: -snes_atol 2e-2
   Adding PETSc option: -snes_max_it 50
   Adding PETSc option: -snes_PicardSwitchToNewton_rtol 3e-3
   Adding PETSc option: -snes_NewtonSwitchToPicard_it 20
   Adding PETSc option: -js_ksp_type fgmres
   Adding PETSc option: -js_ksp_monitor
   Adding PETSc option: -js_ksp_max_it 50
   Adding PETSc option: -js_ksp_atol 1e-8
   Adding PETSc option: -js_ksp_rtol 1e-5
   Adding PETSc option: -snes_linesearch_type l2
   Adding PETSc option: -snes_linesearch_monitor
   Adding PETSc option: -snes_linesearch_maxstep 1.5
   Adding PETSc option: -snes_linesearch_minlambda 0.2
Finished parsing input file 
--------------------------------------------------------------------------
Scaling parameters:
   Temperature : 1000. [C/K] 
   Length      : 1000. [m] 
   Viscosity   : 1e+19 [Pa*s] 
   Stress      : 1e+09 [Pa] 
--------------------------------------------------------------------------
Time stepping parameters:
   Simulation end time          : 0.5 [Myr] 
   Maximum number of steps      : 2 
   Time step                    : 0.001 [Myr] 
   Minimum time step            : 1e-05 [Myr] 
   Maximum time step            : 0.1 [Myr] 
   Time step increase factor    : 0.1 
   CFL criterion                : 0.5 
   CFLMAX (fixed time steps)    : 1. 
   Output every [n] steps       : 2 
   Output [n] initial steps     : 1 
--------------------------------------------------------------------------
Grid parameters:
   Total number of cpu                  : 1 
   Processor grid  [nx, ny, nz]         : [1, 1, 1]
   Fine grid cells [nx, ny, nz]         : [40, 2, 24]
   Number of cells                      :  1920
   Number of faces                      :  6848
   Maximum cell aspect ratio            :  4.00000
   Lower coordinate bounds [bx, by, bz] : [-20., -4., -20.]
   Upper coordinate bounds [ex, ey, ez] : [20., 4., 4.]
--------------------------------------------------------------------------
Softening laws: 
--------------------------------------------------------------------------
   SoftLaw [0] : A = 0.95, APS1 = 0.01, APS2 = 0.15, healTau = 0.04
   SoftLaw [1] : A = 0., APS1 = 0., APS2 = 0., healTau = 1e-24
--------------------------------------------------------------------------
Material parameters: 
--------------------------------------------------------------------------
   Phase ID : 0   
   (dens)   : rho = 1000. [kg/m^3]  
   (elast)  : G = 4e+10 [Pa]  Vs = 6324.56 [m/s]  
   (diff)   : eta = 5e+18 [Pa*s]  Bd = 1e-19 [1/Pa/s]  
   (plast)  : ch = 3e+07 [Pa]  fr = 30. [deg]  chSoftID = 0 healID = 1 
   (temp)   : Cp = 1000. [J/kg/K]  k = 10000. [W/m/k]  

   Phase ID : 2   
   (dens)   : rho = 3300. [kg/m^3]  
   (elast)  : G = 4e+10 [Pa]  Vs = 3481.55 [m/s]  
   (disl)   : Bn = 1.1e-16 [1/Pa^n/s]  En = 530000. [J/mol]  Vn = 1.5e-05 [m^3/mol]  n = 3.5 [ ]  
   (plast)  : ch = 3e+07 [Pa]  fr = 30. [deg]  chSoftID = 0 healID = 0 
   (temp)   : alpha = 3e-05 [1/K]  Cp = 1000. [J/kg/K]  k = 3.5 [W/m/k]  nu_k = 6. []  T_Nu = 600. [C]  T_liq = 1300. [C]  T_sol = 1000. [C]  Latent_hx = 500000. [J/kg]  

   Phase ID : 1   
   (dens)   : rho = 3300. [kg/m^3]  
   (elast)  : G = 4e+10 [Pa]  Vs = 3481.55 [m/s]  
   (disl)   : Bn = 1.1e-16 [1/Pa^n/s]  En = 530000. [J/mol]  Vn = 1.5e-05 [m^3/mol]  n = 3.5 [ ]  
   (plast)  : ch = 3e+07 [Pa]  fr = 30. [deg]  chSoftID = 0 healID = 0 
   (temp)   : alpha = 3e-05 [1/K]  Cp = 1200. [J/kg/K]  k = 3.5 [W/m/k]  

   Phase ID : 3   
   (dens)   : rho = 3300. [kg/m^3]  
   (elast)  : G = 4e+10 [Pa]  Vs = 3481.55 [m/s]  
   (disl)   : Bn = 1.1e-16 [1/Pa^n/s]  En = 530000. [J/mol]  Vn = 1.5e-05 [m^3/mol]  n = 3.5 [ ]  
   (plast)  : ch = 3e+07 [Pa]  fr = 30. [deg]  chSoftID = 0 healID = 0 
   (temp)   : alpha = 3e-05 [1/K]  Cp = 1200. [J/kg/K]  k = 3.5 [W/m/k]  nu_k = 6. []  T_Nu = 600. [C]  

   Phase ID : 4   
   (dens)   : rho = 3300. [kg/m^3]  
   (elast)  : G = 4e+10 [Pa]  Vs = 3481.55 [m/s]  
   (disl)   : Bn = 1.1e-16 [1/Pa^n/s]  En = 530000. [J/mol]  Vn = 1.5e-05 [m^3/mol]  n = 3.5 [ ]  
   (plast)  : ch = 3e+07 [Pa]  fr = 30. [deg]  chSoftID = 0 healID = 0 
   (temp)   : alpha = 3e-05 [1/K]  Cp = 1200. [J/kg/K]  k = 3.5 [W/m/k]  nu_k = 6. []  T_Nu = 600. [C]  

--------------------------------------------------------------------------
Phase Transition laws: 
--------------------------------------------------------------------------
Phase Transition, NotInAirbox [0]: seg = 0, xbounds=[-1., 1.], ybounds=[-4., 4.], zbounds=[-10., 2.] 
     Box Vicinity       :   Use all particles to check inside/outside 
     Don't set T inside @   
     Phase Outside      :    1  0  
     Phase Inside       :   2  2  
     Direction          :   BothWays 

   Adjusting density values due to phase transitions: 
--------------------------------------------------------------------------
Free surface parameters: 
   Sticky air phase ID       : 0 
   Initial surface level     : 0. [km] 
   Erosion model             : none
   Sedimentation model       : none
   Correct marker phases     @ 
--------------------------------------------------------------------------
Boundary condition parameters: 
   No-slip boundary mask [lt rt ft bk bm tp]  : 0 0 0 0 0 0 
   Open top boundary                          @ 
   Top boundary temperature                   : 1. [C] 
   Bottom boundary temperature                : 1000. [C] 
   Adding inflow velocity at boundary         @ 
      Number of inflow periods                : 1   
      Inflow velocity boundary                : CompensatingInflow 
      Inflow phase from next to boundary      @ 
      Inflow window [bottom, top]             : [-20.00,4.00] [km] 
      Inflow velocity                         : -2.00 [cm/yr] 
      Outflow velocity                        : inf [cm/yr] 
      Bottom flow velocity                    : 1.16 [cm/yr] 
      Inflow temperature from closest marker  @ 
--------------------------------------------------------------------------
Solution parameters & controls:
   Gravity [gx, gy, gz]                    : [0., 0., -9.81] [m/s^2] 
   Surface stabilization (FSSA)            :  1. 
   Shear heating efficiency                :  1. 
   Activate temperature diffusion          @ 
   Compute initial guess                   @ 
   Use lithostatic pressure for creep      @ 
   Use lithostatic pressure for plasticity @ 
   Limit pressure at first iteration       @ 
   Minimum viscosity                       : 1e+18 [Pa*s] 
   Maximum viscosity                       : 5e+22 [Pa*s] 
   Reference viscosity (initial guess)     : 1e+19 [Pa*s] 
   Universal gas constant                  : 8.31446 [J/mol/K] 
   Minimum cohesion                        : 1000. [Pa] 
   Minimum friction                        : 1. [deg] 
   Ultimate yield stress                   : 1e+09 [Pa] 
   Max. melt fraction (viscosity, density) : 1.    
   Rheology iteration number               : 8  
   Rheology iteration tolerance            : 1e-06    
   Use Temperature-dependent conductivity  @ 
   Ground water level type                 : none 
--------------------------------------------------------------------------
Dike blocks : 
--------------------------------------------------------------------------
  Dike parameters ID[0]: PhaseTransID=0 PhaseID=2 Mf=1., Mb=0.5, Mc=1., y_Mc=-1. 
--------------------------------------------------------------------------
Advection parameters:
   Advection scheme              : Runge-Kutta 2-nd order
   Periodic marker advection     : 0 0 0 
   Marker setup scheme           : geometric primitives
   Velocity interpolation scheme : MINMOD (correction + MINMOD)
   Marker control type           : AVD for cells + corner insertion
   Markers per cell [nx, ny, nz] : [3, 3, 3] 
   Marker distribution type      : random noise
   Background phase ID           : 0 
--------------------------------------------------------------------------
Reading geometric primitives ... done (0.00100902 sec)
--------------------------------------------------------------------------
Output parameters:
   Output file name                        : dike_variableM 
   Write .pvd file                         : yes 
   Phase                                   @ 
   Total effective viscosity               @ 
   Creep effective viscosity               @ 
   Velocity                                @ 
   Pressure                                @ 
   Temperature                             @ 
   Conductivity                            @ 
   Deviatoric stress second invariant      @ 
   Deviatoric strain rate second invariant @ 
   Accumulated Plastic Strain (APS)        @ 
--------------------------------------------------------------------------
AVD output parameters:
   Write .pvd file       : yes 
   AVD refinement factor : 2 
--------------------------------------------------------------------------
Preconditioner parameters: 
   Matrix type                   : monolithic
   Penalty parameter (pgamma)    : 1.000000e+03
   Schur preconditioner type     : inv_eta 
   Preconditioner type           : user-defined
--------------------------------------------------------------------------
Solver parameters specified: 
   Outermost Krylov solver       : fgmres 
   Solver type                   : serial direct/lu 
   Solver package                : petsc 
--------------------------------------------------------------------------
============================== INITIAL GUESS =============================
--------------------------------------------------------------------------
  0 SNES Function norm 1.270610190830e+00 
  0 PICARD ||F||/||F0||=1.000000e+00 
    Residual norms for js_ solve.
    0 KSP Residual norm 1.270610190830e+00 
    1 KSP Residual norm 1.634827076003e-02 
    2 KSP Residual norm 1.391262392497e-05 
    3 KSP Residual norm 2.878271681710e-10 
  Linear js_ solve converged due to CONVERGED_ATOL iterations 3
      Line search: lambdas = [1., 0.5, 0.], fnorms = [2.87827e-10, 0.635305, 1.27061]
      Line search terminated: lambda = 1., fnorms = 2.87827e-10
  1 SNES Function norm 2.878271658589e-10 
--------------------------------------------------------------------------
SNES Convergence Reason : ||F|| < atol 
Number of iterations    : 1
SNES solution time      : 0.078331 (sec)
--------------------------------------------------------------------------
Residual summary: 
   Continuity: 
      |Div|_inf = 1.541171232517e-11 
      |Div|_2   = 2.878146631806e-10 
   Momentum: 
      |mRes|_2  = 2.682734536081e-12 
   Energy: 
      |eRes|_2  = 2.036807429158e-01 
--------------------------------------------------------------------------
Saving output ... done (0.0281395 sec)
--------------------------------------------------------------------------
================================= STEP 1 =================================
--------------------------------------------------------------------------
Current time        : 0.00000000 [Myr] 
Tentative time step : 0.00100000 [Myr] 
--------------------------------------------------------------------------
Phase_Transition ... 
done (0.00259119 sec)
--------------------------------------------------------------------------
  0 SNES Function norm 2.097063465184e+00 
  0 PICARD ||F||/||F0||=1.000000e+00 
    Residual norms for js_ solve.
    0 KSP Residual norm 2.097063465184e+00 
    1 KSP Residual norm 1.564223826237e-04 
    2 KSP Residual norm 7.414193607058e-08 
  Linear js_ solve converged due to CONVERGED_RTOL iterations 2
      Line search: lambdas = [1., 0.5, 0.], fnorms = [0.49233, 1.526, 2.09706]
      Line search terminated: lambda = 1., fnorms = 0.49233
  1 SNES Function norm 4.923302944464e-01 
  1 PICARD ||F||/||F0||=2.347713e-01 
    Residual norms for js_ solve.
    0 KSP Residual norm 4.923302944464e-01 
    1 KSP Residual norm 2.556871498175e-05 
    2 KSP Residual norm 5.600226831335e-08 
  Linear js_ solve converged due to CONVERGED_RTOL iterations 2
      Line search: lambdas = [1., 0.5, 0.], fnorms = [0.106597, 0.294597, 0.49233]
      Line search terminated: lambda = 1.22036, fnorms = 0.124169
  2 SNES Function norm 1.241692183908e-01 
  2 PICARD ||F||/||F0||=5.921100e-02 
    Residual norms for js_ solve.
    0 KSP Residual norm 1.241692183908e-01 
    1 KSP Residual norm 5.173837196839e-05 
    2 KSP Residual norm 4.127259477372e-08 
  Linear js_ solve converged due to CONVERGED_RTOL iterations 2
      Line search: lambdas = [1., 0.5, 0.], fnorms = [8.0468, 3.7221, 0.124169]
      Line search terminated: lambda = 0.5, fnorms = 3.7221
  3 SNES Function norm 3.722099135814e+00 
  3 PICARD ||F||/||F0||=1.774910e+00 
    Residual norms for js_ solve.
    0 KSP Residual norm 3.722099135814e+00 
    1 KSP Residual norm 1.011269750410e-04 
    2 KSP Residual norm 2.227565082087e-08 
  Linear js_ solve converged due to CONVERGED_RTOL iterations 2
      Line search: lambdas = [1., 0.5, 0.], fnorms = [0.76375, 2.24168, 3.7221]
      Line search terminated: lambda = 1.25624, fnorms = 0.0736626
  4 SNES Function norm 7.366259597590e-02 
  4 PICARD ||F||/||F0||=3.512655e-02 
    Residual norms for js_ solve.
    0 KSP Residual norm 7.366259597590e-02 
    1 KSP Residual norm 9.104447854253e-06 
    2 KSP Residual norm 6.346100810271e-09 
  Linear js_ solve converged due to CONVERGED_ATOL iterations 2
      Line search: lambdas = [1., 0.5, 0.], fnorms = [0.0878465, 0.0560279, 0.0736626]
      Line search terminated: lambda = 0.416575, fnorms = 0.0554275
  5 SNES Function norm 5.542746475930e-02 
  5 PICARD ||F||/||F0||=2.643099e-02 
    Residual norms for js_ solve.
    0 KSP Residual norm 5.542746475930e-02 
    1 KSP Residual norm 3.380960488402e-06 
    2 KSP Residual norm 3.285197330556e-09 
  Linear js_ solve converged due to CONVERGED_ATOL iterations 2
      Line search: lambdas = [1., 0.5, 0.], fnorms = [0.0547675, 0.0492051, 0.0554275]
      Line search terminated: lambda = 0.514788, fnorms = 0.0491996
  6 SNES Function norm 4.919962772649e-02 
  6 PICARD ||F||/||F0||=2.346120e-02 
    Residual norms for js_ solve.
    0 KSP Residual norm 4.919962772649e-02 
    1 KSP Residual norm 1.799720451846e-06 
    2 KSP Residual norm 1.633879777993e-09 
  Linear js_ solve converged due to CONVERGED_ATOL iterations 2
      Line search: lambdas = [1., 0.5, 0.], fnorms = [0.0288292, 0.0380838, 0.0491996]
      Line search terminated: lambda = 1., fnorms = 0.0288292
  7 SNES Function norm 2.882921857145e-02 
  7 PICARD ||F||/||F0||=1.374742e-02 
    Residual norms for js_ solve.
    0 KSP Residual norm 2.882921857145e-02 
    1 KSP Residual norm 1.863368348600e-06 
    2 KSP Residual norm 7.237564604017e-10 
  Linear js_ solve converged due to CONVERGED_ATOL iterations 2
      Line search: lambdas = [1., 0.5, 0.], fnorms = [0.00674133, 0.0159493, 0.0288292]
      Line search terminated: lambda = 1.03402, fnorms = 0.00667839
  8 SNES Function norm 6.678390823777e-03 
--------------------------------------------------------------------------
SNES Convergence Reason : ||F|| < atol 
Number of iterations    : 8
SNES solution time      : 0.515225 (sec)
--------------------------------------------------------------------------
Residual summary: 
   Continuity: 
      |Div|_inf = 4.169530757117e-08 
      |Div|_2   = 1.539230126536e-07 
   Momentum: 
      |mRes|_2  = 6.678390822003e-03 
   Energy: 
      |eRes|_2  = 9.647232562615e-08 
--------------------------------------------------------------------------
Actual time step : 0.00100 [Myr] 
--------------------------------------------------------------------------
Performing marker control (standard algorithm)
Marker control [0]: (Corners ) injected 30 markers in 1.9035e-03 s 
--------------------------------------------------------------------------
Saving output ... done (0.0255749 sec)
--------------------------------------------------------------------------
================================= STEP 2 =================================
--------------------------------------------------------------------------
Current time        : 0.00100000 [Myr] 
Tentative time step : 0.00110000 [Myr] 
--------------------------------------------------------------------------
Phase_Transition ... 
done (0.00260594 sec)
--------------------------------------------------------------------------
  0 SNES Function norm 5.355376362116e-01 
  0 PICARD ||F||/||F0||=1.000000e+00 
    Residual norms for js_ solve.
    0 KSP Residual norm 5.355376362116e-01 
    1 KSP Residual norm 5.413248497318e-05 
    2 KSP Residual norm 2.832385545664e-08 
  Linear js_ solve converged due to CONVERGED_RTOL iterations 2
      Line search: lambdas = [1., 0.5, 0.], fnorms = [0.643156, 0.369165, 0.535538]
      Line search terminated: lambda = 0.425886, fnorms = 0.357184
  1 SNES Function norm 3.571844942222e-01 
  1 PICARD ||F||/||F0||=6.669643e-01 
    Residual norms for js_ solve.
    0 KSP Residual norm 3.571844942222e-01 
    1 KSP Residual norm 1.770524870517e-05 
    2 KSP Residual norm 1.504673507380e-08 
  Linear js_ solve converged due to CONVERGED_RTOL iterations 2
      Line search: lambdas = [1., 0.5, 0.], fnorms = [0.60731, 0.453263, 0.357184]
      Line search terminated: lambda = 0.5, fnorms = 0.453311
  2 SNES Function norm 4.533108173709e-01 
  2 PICARD ||F||/||F0||=8.464593e-01 
    Residual norms for js_ solve.
    0 KSP Residual norm 4.533108173709e-01 
    1 KSP Residual norm 1.930317440715e-05 
    2 KSP Residual norm 2.589486020012e-08 
  Linear js_ solve converged due to CONVERGED_RTOL iterations 2
      Line search: lambdas = [1., 0.5, 0.], fnorms = [1.88499, 0.960968, 0.453311]
      Line search terminated: lambda = 0.5, fnorms = 0.960968
  3 SNES Function norm 9.609681100428e-01 
  3 PICARD ||F||/||F0||=1.794399e+00 
    Residual norms for js_ solve.
    0 KSP Residual norm 9.609681100428e-01 
    1 KSP Residual norm 7.994623246338e-06 
  Linear js_ solve converged due to CONVERGED_RTOL iterations 1
      Line search: lambdas = [1., 0.5, 0.], fnorms = [0.751415, 0.859545, 0.960968]
      Line search terminated: lambda = 1., fnorms = 0.751415
  4 SNES Function norm 7.514147896232e-01 
  4 PICARD ||F||/||F0||=1.403104e+00 
    Residual norms for js_ solve.
    0 KSP Residual norm 7.514147896232e-01 
    1 KSP Residual norm 1.300265987466e-05 
    2 KSP Residual norm 1.371357795518e-08 
  Linear js_ solve converged due to CONVERGED_RTOL iterations 2
      Line search: lambdas = [1., 0.5, 0.], fnorms = [0.108597, 0.401471, 0.751415]
      Line search terminated: lambda = 1.044, fnorms = 0.103771
  5 SNES Function norm 1.037707314344e-01 
  5 PICARD ||F||/||F0||=1.937693e-01 
    Residual norms for js_ solve.
    0 KSP Residual norm 1.037707314344e-01 
    1 KSP Residual norm 4.270226245256e-06 
    2 KSP Residual norm 5.327987583392e-09 
  Linear js_ solve converged due to CONVERGED_ATOL iterations 2
      Line search: lambdas = [1., 0.5, 0.], fnorms = [0.0604226, 0.066231, 0.103771]
      Line search terminated: lambda = 0.815146, fnorms = 0.0585121
  6 SNES Function norm 5.851213201489e-02 
  6 PICARD ||F||/||F0||=1.092587e-01 
    Residual norms for js_ solve.
    0 KSP Residual norm 5.851213201489e-02 
    1 KSP Residual norm 2.607367116435e-06 
    2 KSP Residual norm 3.240997696322e-09 
  Linear js_ solve converged due to CONVERGED_ATOL iterations 2
      Line search: lambdas = [1., 0.5, 0.], fnorms = [0.0487937, 0.0410444, 0.0585121]
      Line search terminated: lambda = 0.607059, fnorms = 0.0410118
  7 SNES Function norm 4.101179133755e-02 
  7 PICARD ||F||/||F0||=7.658060e-02 
    Residual norms for js_ solve.
    0 KSP Residual norm 4.101179133755e-02 
    1 KSP Residual norm 2.455361918721e-06 
    2 KSP Residual norm 3.165369314594e-09 
  Linear js_ solve converged due to CONVERGED_ATOL iterations 2
      Line search: lambdas = [1., 0.5, 0.], fnorms = [0.0432001, 0.0336031, 0.0410118]
      Line search terminated: lambda = 0.464284, fnorms = 0.0333487
  8 SNES Function norm 3.334865778690e-02 
  8 PICARD ||F||/||F0||=6.227136e-02 
    Residual norms for js_ solve.
    0 KSP Residual norm 3.334865778690e-02 
    1 KSP Residual norm 1.873370386357e-06 
    2 KSP Residual norm 2.399599918580e-09 
  Linear js_ solve converged due to CONVERGED_ATOL iterations 2
      Line search: lambdas = [1., 0.5, 0.], fnorms = [0.0412622, 0.0304887, 0.0333487]
      Line search terminated: lambda = 0.345528, fnorms = 0.0288208
  9 SNES Function norm 2.882084664899e-02 
  9 PICARD ||F||/||F0||=5.381666e-02 
    Residual norms for js_ solve.
    0 KSP Residual norm 2.882084664899e-02 
    1 KSP Residual norm 2.027121873053e-06 
    2 KSP Residual norm 2.641402806344e-09 
  Linear js_ solve converged due to CONVERGED_ATOL iterations 2
      Line search: lambdas = [1., 0.5, 0.], fnorms = [0.0394032, 0.0290053, 0.0288208]
      Line search terminated: lambda = 0.242387, fnorms = 0.0262139
 10 SNES Function norm 2.621388412548e-02 
 10 PICARD ||F||/||F0||=4.894872e-02 
    Residual norms for js_ solve.
    0 KSP Residual norm 2.621388412548e-02 
    1 KSP Residual norm 1.593980606147e-06 
    2 KSP Residual norm 2.062680660527e-09 
  Linear js_ solve converged due to CONVERGED_ATOL iterations 2
      Line search: lambdas = [1., 0.5, 0.], fnorms = [0.0385868, 0.0283787, 0.0262139]
      Line search terminated: lambda = 0.5, fnorms = 0.0283742
 11 SNES Function norm 2.837424574134e-02 
 11 PICARD ||F||/||F0||=5.298273e-02 
    Residual norms for js_ solve.
    0 KSP Residual norm 2.837424574134e-02 
    1 KSP Residual norm 2.526207608560e-06 
    2 KSP Residual norm 3.258817794931e-09 
  Linear js_ solve converged due to CONVERGED_ATOL iterations 2
      Line search: lambdas = [1., 0.5, 0.], fnorms = [0.0406535, 0.0242843, 0.0283742]
      Line search terminated: lambda = 0.334238, fnorms = 0.020721
 12 SNES Function norm 2.072098145130e-02 
 12 PICARD ||F||/||F0||=3.869192e-02 
    Residual norms for js_ solve.
    0 KSP Residual norm 2.072098145130e-02 
    1 KSP Residual norm 1.479582226833e-06 
    2 KSP Residual norm 1.915307647359e-09 
  Linear js_ solve converged due to CONVERGED_ATOL iterations 2
      Line search: lambdas = [1., 0.5, 0.], fnorms = [0.0366169, 0.0257651, 0.020721]
      Line search terminated: lambda = 0.5, fnorms = 0.0257603
 13 SNES Function norm 2.576031216756e-02 
 13 PICARD ||F||/||F0||=4.810178e-02 
    Residual norms for js_ solve.
    0 KSP Residual norm 2.576031216756e-02 
    1 KSP Residual norm 2.564097454444e-06 
    2 KSP Residual norm 3.317992650015e-09 
  Linear js_ solve converged due to CONVERGED_ATOL iterations 2
      Line search: lambdas = [1., 0.5, 0.], fnorms = [0.0405968, 0.02251, 0.0257603]
      Line search terminated: lambda = 0.310423, fnorms = 0.0173673
 14 SNES Function norm 1.736734180272e-02 
--------------------------------------------------------------------------
SNES Convergence Reason : ||F|| < atol 
Number of iterations    : 14
SNES solution time      : 0.884237 (sec)
--------------------------------------------------------------------------
Residual summary: 
   Continuity: 
      |Div|_inf = 9.488750964401e-05 
      |Div|_2   = 1.690971820862e-04 
   Momentum: 
      |mRes|_2  = 1.736651857556e-02 
   Energy: 
      |eRes|_2  = 5.638571297283e-02 
--------------------------------------------------------------------------
Actual time step : 0.00110 [Myr] 
--------------------------------------------------------------------------
Performing marker control (standard algorithm)
Marker control [0]: (Corners ) injected 16 markers in 1.8609e-03 s 
--------------------------------------------------------------------------
Saving output ... done (0.0255205 sec)
--------------------------------------------------------------------------
=========================== SOLUTION IS DONE! ============================
--------------------------------------------------------------------------
Total solution time : 1.64021 (sec) 
--------------------------------------------------------------------------
