-------------------------------------------------------------------------- 
                   Lithosphere and Mantle Evolution Model                   
     Compiled: Date: Oct  2 2024 - Time: 12:03:10 	    
     Version : 2.1.4 
-------------------------------------------------------------------------- 
        STAGGERED-GRID FINITE DIFFERENCE CANONICAL IMPLEMENTATION           
-------------------------------------------------------------------------- 
Parsing input file : dike_heating_rhoA.dat 
   Adding PETSc option: -snes_rtol 1e-3
   Adding PETSc option: -snes_atol 5e-3
   Adding PETSc option: -snes_max_it 50
   Adding PETSc option: -snes_PicardSwitchToNewton_rtol 3e-3
   Adding PETSc option: -snes_NewtonSwitchToPicard_it 20
   Adding PETSc option: -js_ksp_type fgmres
   Adding PETSc option: -js_ksp_monitor
   Adding PETSc option: -js_ksp_max_it 50
   Adding PETSc option: -js_ksp_atol 1e-8
   Adding PETSc option: -js_ksp_rtol 1e-5
   Adding PETSc option: -snes_linesearch_type l2
   Adding PETSc option: -snes_linesearch_monitor
   Adding PETSc option: -snes_linesearch_maxstep 2.0
   Adding PETSc option: -snes_linesearch_minlambda 0.1
Finished parsing input file 
--------------------------------------------------------------------------
Scaling parameters:
   Temperature : 1000. [C/K] 
   Length      : 1000. [m] 
   Viscosity   : 1e+19 [Pa*s] 
   Stress      : 1e+09 [Pa] 
--------------------------------------------------------------------------
Time stepping parameters:
   Simulation end time          : 0.5 [Myr] 
   Maximum number of steps      : 2 
   Time step                    : 0.001 [Myr] 
   Minimum time step            : 1e-05 [Myr] 
   Maximum time step            : 0.1 [Myr] 
   Time step increase factor    : 0.1 
   CFL criterion                : 0.5 
   CFLMAX (fixed time steps)    : 1. 
   Output every [n] steps       : 1 
   Output [n] initial steps     : 1 
--------------------------------------------------------------------------
Grid parameters:
   Total number of cpu                  : 1 
   Processor grid  [nx, ny, nz]         : [1, 1, 1]
   Fine grid cells [nx, ny, nz]         : [60, 2, 36]
   Number of cells                      :  4320
   Number of faces                      :  15312
   Maximum cell aspect ratio            :  1.00000
   Lower coordinate bounds [bx, by, bz] : [-30., -1., -30.]
   Upper coordinate bounds [ex, ey, ez] : [30., 1., 6.]
--------------------------------------------------------------------------
Softening laws: 
--------------------------------------------------------------------------
   SoftLaw [0] : A = 0.95, APS1 = 0.01, APS2 = 0.15, healTau = 0.04
   SoftLaw [1] : A = 0., APS1 = 0., APS2 = 0., healTau = 1e-24
--------------------------------------------------------------------------
Material parameters: 
--------------------------------------------------------------------------
   Phase ID : 0   
   (dens)   : rho = 100. [kg/m^3]  
   (elast)  : G = 4e+10 [Pa]  Vs = 20000. [m/s]  
   (diff)   : eta = 1e+18 [Pa*s]  Bd = 5e-19 [1/Pa/s]  
   (plast)  : ch = 3e+07 [Pa]  fr = 30. [deg]  chSoftID = 0 healID = 1 
   (temp)   : Cp = 1000. [J/kg/K]  k = 1e-07 [W/m/k]  

   Phase ID : 2   
   (dens)   : rho = 1000. [kg/m^3]  
   (elast)  : G = 4e+10 [Pa]  Vs = 6324.56 [m/s]  
   (disl)   : Bn = 1.1e-16 [1/Pa^n/s]  En = 530000. [J/mol]  Vn = 1.5e-05 [m^3/mol]  n = 3.5 [ ]  
   (plast)  : ch = 3e+07 [Pa]  fr = 30. [deg]  chSoftID = 0 healID = 0 
   (temp)   : Cp = 1000. [J/kg/K]  k = 1e-06 [W/m/k]  T_liq = 1300. [C]  T_sol = 1000. [C]  Latent_hx = 1e-05 [J/kg]  

   Phase ID : 1   
   (dens)   : rho = 3300. [kg/m^3]  
   (elast)  : G = 4e+10 [Pa]  Vs = 3481.55 [m/s]  
   (disl)   : Bn = 1.1e-16 [1/Pa^n/s]  En = 530000. [J/mol]  Vn = 1.5e-05 [m^3/mol]  n = 3.5 [ ]  
   (plast)  : ch = 3e+07 [Pa]  fr = 30. [deg]  chSoftID = 0 healID = 0 
   (temp)   : Cp = 1200. [J/kg/K]  k = 1e-06 [W/m/k]  

--------------------------------------------------------------------------
Phase Transition laws: 
--------------------------------------------------------------------------
Phase Transition, NotInAirbox [0]: seg = 0, xbounds=[0., 2.], ybounds=[0., 1.], zbounds=[0., 5.] 
     Box Vicinity       :   Use all particles to check inside/outside 
     Don't set T inside @   
     Phase Outside      :    1  0  
     Phase Inside       :   2  2  
     Direction          :   BothWays 

   Adjusting density values due to phase transitions: 
--------------------------------------------------------------------------
Free surface parameters: 
   Sticky air phase ID       : 0 
   Initial surface level     : 0. [km] 
   Erosion model             : none
   Sedimentation model       : none
   Correct marker phases     @ 
--------------------------------------------------------------------------
Boundary condition parameters: 
   No-slip boundary mask [lt rt ft bk bm tp]  : 0 0 0 0 0 0 
   Open top boundary                          @ 
   Top boundary temperature                   : 1. [C] 
   Bottom boundary temperature                : 1400. [C] 
   Adding inflow velocity at boundary         @ 
      Number of inflow periods                : 1   
      Inflow velocity boundary                : CompensatingInflow 
      Inflow phase from next to boundary      @ 
      Inflow window [bottom, top]             : [-30.00,6.00] [km] 
      Inflow velocity                         : -2.00 [cm/yr] 
      Outflow velocity                        : inf [cm/yr] 
      Bottom flow velocity                    : 0.00 [cm/yr] 
      Inflow temperature from closest marker  @ 
--------------------------------------------------------------------------
Solution parameters & controls:
   Surface stabilization (FSSA)            :  1. 
   Shear heating efficiency                :  1. 
   Activate temperature diffusion          @ 
   Compute initial guess                   @ 
   Use lithostatic pressure for creep      @ 
   Use lithostatic pressure for plasticity @ 
   Limit pressure at first iteration       @ 
   Minimum viscosity                       : 1e+18 [Pa*s] 
   Maximum viscosity                       : 1e+24 [Pa*s] 
   Reference viscosity (initial guess)     : 1e+20 [Pa*s] 
   Universal gas constant                  : 8.31446 [J/mol/K] 
   Minimum cohesion                        : 1000. [Pa] 
   Minimum friction                        : 1. [deg] 
   Ultimate yield stress                   : 1e+09 [Pa] 
   Max. melt fraction (viscosity, density) : 1.    
   Rheology iteration number               : 8  
   Rheology iteration tolerance            : 1e-06    
   Ground water level type                 : none 
--------------------------------------------------------------------------
Dike blocks : 
--------------------------------------------------------------------------
  Dike parameters ID[0]: PhaseTransID=0 PhaseID=2 Mf=1., Mb=1., Mc=-1., y_Mc=0. 
--------------------------------------------------------------------------
Advection parameters:
   Advection scheme              : Runge-Kutta 2-nd order
   Periodic marker advection     : 0 0 0 
   Marker setup scheme           : geometric primitives
   Velocity interpolation scheme : MINMOD (correction + MINMOD)
   Marker control type           : AVD for cells + corner insertion
   Markers per cell [nx, ny, nz] : [3, 3, 3] 
   Marker distribution type      : random noise
   Background phase ID           : 0 
--------------------------------------------------------------------------
Reading geometric primitives ... done (0.00204033 sec)
--------------------------------------------------------------------------
Output parameters:
   Output file name                        : testrhoA_Heat_M1 
   Write .pvd file                         : yes 
   Phase                                   @ 
   Total effective viscosity               @ 
   Creep effective viscosity               @ 
   Velocity                                @ 
   Pressure                                @ 
   Temperature                             @ 
   Conductivity                            @ 
   Deviatoric stress second invariant      @ 
   Deviatoric strain rate second invariant @ 
--------------------------------------------------------------------------
AVD output parameters:
   Write .pvd file       : yes 
   AVD refinement factor : 2 
--------------------------------------------------------------------------
Preconditioner parameters: 
   Matrix type                   : monolithic
   Penalty parameter (pgamma)    : 1.000000e+03
   Schur preconditioner type     : inv_eta 
   Preconditioner type           : user-defined
--------------------------------------------------------------------------
Solver parameters specified: 
   Outermost Krylov solver       : fgmres 
   Solver type                   : serial direct/lu 
   Solver package                : petsc 
--------------------------------------------------------------------------
============================== INITIAL GUESS =============================
--------------------------------------------------------------------------
  0 SNES Function norm 1.020371735752e+00 
  0 PICARD ||F||/||F0||=1.000000e+00 
    Residual norms for js_ solve.
    0 KSP Residual norm 1.020371735752e+00 
    1 KSP Residual norm 2.773051379893e-05 
    2 KSP Residual norm 4.626007950537e-15 
  Linear js_ solve converged due to CONVERGED_ATOL iterations 2
      Line search: lambdas = [1., 0.5, 0.], fnorms = [4.71533e-15, 0.510186, 1.02037]
      Line search terminated: lambda = 1., fnorms = 3.60119e-15
  1 SNES Function norm 3.601194077087e-15 
--------------------------------------------------------------------------
SNES Convergence Reason : ||F|| < atol 
Number of iterations    : 1
SNES solution time      : 0.273455 (sec)
--------------------------------------------------------------------------
Residual summary: 
   Continuity: 
      |Div|_inf = 3.220080452282e-17 
      |Div|_2   = 8.795254683448e-16 
   Momentum: 
      |mRes|_2  = 3.492138847666e-15 
   Energy: 
      |eRes|_2  = 5.156333577810e-15 
--------------------------------------------------------------------------
Saving output ... done (0.0581884 sec)
--------------------------------------------------------------------------
================================= STEP 1 =================================
--------------------------------------------------------------------------
Current time        : 0.00000000 [Myr] 
Tentative time step : 0.00100000 [Myr] 
--------------------------------------------------------------------------
Phase_Transition ... 
done (0.00589315 sec)
--------------------------------------------------------------------------
  0 SNES Function norm 3.228836946581e-01 
  0 PICARD ||F||/||F0||=1.000000e+00 
    Residual norms for js_ solve.
    0 KSP Residual norm 3.228836946581e-01 
    1 KSP Residual norm 5.920656193161e-04 
    2 KSP Residual norm 5.460109168152e-14 
  Linear js_ solve converged due to CONVERGED_ATOL iterations 2
      Line search: lambdas = [1., 0.5, 0.], fnorms = [5.32908e-14, 0.161442, 0.322884]
      Line search terminated: lambda = 1., fnorms = 5.32105e-14
  1 SNES Function norm 5.321045964053e-14 
--------------------------------------------------------------------------
SNES Convergence Reason : ||F|| < atol 
Number of iterations    : 1
SNES solution time      : 0.265438 (sec)
--------------------------------------------------------------------------
Residual summary: 
   Continuity: 
      |Div|_inf = 3.306816626081e-18 
      |Div|_2   = 8.733502552982e-17 
   Momentum: 
      |mRes|_2  = 5.321038796842e-14 
   Energy: 
      |eRes|_2  = 6.857979688015e-15 
--------------------------------------------------------------------------
Actual time step : 0.00100 [Myr] 
--------------------------------------------------------------------------
Performing marker control (standard algorithm)
Marker control [0]: (Corners ) injected 47 markers in 4.5968e-03 s 
--------------------------------------------------------------------------
Saving output ... done (0.0539839 sec)
--------------------------------------------------------------------------
================================= STEP 2 =================================
--------------------------------------------------------------------------
Current time        : 0.00100000 [Myr] 
Tentative time step : 0.00110000 [Myr] 
--------------------------------------------------------------------------
Phase_Transition ... 
done (0.00604672 sec)
--------------------------------------------------------------------------
  0 SNES Function norm 4.942550962092e-02 
  0 PICARD ||F||/||F0||=1.000000e+00 
    Residual norms for js_ solve.
    0 KSP Residual norm 4.942550962092e-02 
    1 KSP Residual norm 2.478453144869e-06 
    2 KSP Residual norm 1.821590499179e-09 
  Linear js_ solve converged due to CONVERGED_ATOL iterations 2
      Line search: lambdas = [1., 0.5, 0.], fnorms = [0.00632393, 0.026128, 0.0494255]
      Line search terminated: lambda = 1.03755, fnorms = 0.00616705
  1 SNES Function norm 6.167045451772e-03 
  1 PICARD ||F||/||F0||=1.247745e-01 
    Residual norms for js_ solve.
    0 KSP Residual norm 6.167045451772e-03 
    1 KSP Residual norm 2.380824159036e-07 
    2 KSP Residual norm 3.416261703359e-10 
  Linear js_ solve converged due to CONVERGED_ATOL iterations 2
      Line search: lambdas = [1., 0.5, 0.], fnorms = [0.00508339, 0.00554522, 0.00616705]
      Line search terminated: lambda = 1.7837, fnorms = 0.00481798
  2 SNES Function norm 4.817979336792e-03 
--------------------------------------------------------------------------
SNES Convergence Reason : ||F|| < atol 
Number of iterations    : 2
SNES solution time      : 0.52067 (sec)
--------------------------------------------------------------------------
Residual summary: 
   Continuity: 
      |Div|_inf = 2.662141657833e-10 
      |Div|_2   = 1.472587640723e-09 
   Momentum: 
      |mRes|_2  = 4.817979336792e-03 
   Energy: 
      |eRes|_2  = 4.389853805811e-15 
--------------------------------------------------------------------------
Actual time step : 0.00110 [Myr] 
--------------------------------------------------------------------------
Performing marker control (standard algorithm)
Marker control [0]: (Corners ) injected 38 markers in 4.6532e-03 s 
--------------------------------------------------------------------------
Saving output ... done (0.0525389 sec)
--------------------------------------------------------------------------
=========================== SOLUTION IS DONE! ============================
--------------------------------------------------------------------------
Total solution time : 1.41472 (sec) 
--------------------------------------------------------------------------
