-------------------------------------------------------------------------- 
                   Lithosphere and Mantle Evolution Model                   
     Compiled: Date: Sep 30 2024 - Time: 10:21:50 	    
     Version : 2.1.4 
-------------------------------------------------------------------------- 
        STAGGERED-GRID FINITE DIFFERENCE CANONICAL IMPLEMENTATION           
-------------------------------------------------------------------------- 
Parsing input file : dike_heating_kfac.dat 
   Adding PETSc option: -snes_rtol 1e-3
   Adding PETSc option: -snes_atol 1e-4
   Adding PETSc option: -snes_max_it 50
   Adding PETSc option: -snes_PicardSwitchToNewton_rtol 3e-3
   Adding PETSc option: -snes_NewtonSwitchToPicard_it 20
   Adding PETSc option: -js_ksp_type fgmres
   Adding PETSc option: -js_ksp_monitor
   Adding PETSc option: -js_ksp_max_it 20
   Adding PETSc option: -js_ksp_atol 1e-8
   Adding PETSc option: -js_ksp_rtol 1e-3
   Adding PETSc option: -snes_linesearch_type l2
   Adding PETSc option: -snes_linesearch_monitor
   Adding PETSc option: -snes_linesearch_maxstep 10
Finished parsing input file 
--------------------------------------------------------------------------
Scaling parameters:
   Temperature : 1000. [C/K] 
   Length      : 1000. [m] 
   Viscosity   : 1e+19 [Pa*s] 
   Stress      : 1e+09 [Pa] 
--------------------------------------------------------------------------
Time stepping parameters:
   Simulation end time          : 0.5 [Myr] 
   Maximum number of steps      : 2 
   Time step                    : 0.001 [Myr] 
   Minimum time step            : 1e-05 [Myr] 
   Maximum time step            : 0.1 [Myr] 
   Time step increase factor    : 0.1 
   CFL criterion                : 0.5 
   CFLMAX (fixed time steps)    : 1. 
   Output every [n] steps       : 1 
   Output [n] initial steps     : 1 
--------------------------------------------------------------------------
Grid parameters:
   Total number of cpu                  : 1 
   Processor grid  [nx, ny, nz]         : [1, 1, 1]
   Fine grid cells [nx, ny, nz]         : [60, 2, 36]
   Number of cells                      :  4320
   Number of faces                      :  15312
   Maximum cell aspect ratio            :  1.00000
   Lower coordinate bounds [bx, by, bz] : [-30., -1., -30.]
   Upper coordinate bounds [ex, ey, ez] : [30., 1., 6.]
--------------------------------------------------------------------------
Softening laws: 
--------------------------------------------------------------------------
   SoftLaw [0] : A = 0.95, APS1 = 0.01, APS2 = 0.15, healTau = 0.04
   SoftLaw [1] : A = 0., APS1 = 0., APS2 = 0., healTau = 1e-24
--------------------------------------------------------------------------
Material parameters: 
--------------------------------------------------------------------------
   Phase ID : 0   
   (dens)   : rho = 100. [kg/m^3]  
   (elast)  : G = 4e+10 [Pa]  Vs = 20000. [m/s]  
   (diff)   : eta = 1e+18 [Pa*s]  Bd = 5e-19 [1/Pa/s]  
   (plast)  : ch = 3e+07 [Pa]  fr = 30. [deg]  chSoftID = 0 healID = 1 
   (temp)   : Cp = 1000. [J/kg/K]  k = 1. [W/m/k]  

   Phase ID : 2   
   (dens)   : rho = 3300. [kg/m^3]  
   (elast)  : G = 4e+10 [Pa]  Vs = 3481.55 [m/s]  
   (disl)   : Bn = 1.1e-16 [1/Pa^n/s]  En = 530000. [J/mol]  Vn = 1.5e-05 [m^3/mol]  n = 3.5 [ ]  
   (plast)  : ch = 3e+07 [Pa]  fr = 30. [deg]  chSoftID = 0 healID = 0 
   (temp)   : Cp = 100. [J/kg/K]  k = 5. [W/m/k]  T_liq = 1300. [C]  T_sol = 1000. [C]  Latent_hx = 90000. [J/kg]  

   Phase ID : 1   
   (dens)   : rho = 3300. [kg/m^3]  
   (elast)  : G = 4e+10 [Pa]  Vs = 3481.55 [m/s]  
   (disl)   : Bn = 1.1e-16 [1/Pa^n/s]  En = 530000. [J/mol]  Vn = 1.5e-05 [m^3/mol]  n = 3.5 [ ]  
   (plast)  : ch = 3e+07 [Pa]  fr = 30. [deg]  chSoftID = 0 healID = 0 
   (temp)   : Cp = 1200. [J/kg/K]  k = 2. [W/m/k]  

--------------------------------------------------------------------------
Phase Transition laws: 
--------------------------------------------------------------------------
Phase Transition, NotInAirbox [0]: seg = 0, xbounds=[0., 15.], ybounds=[0., 1.], zbounds=[0., 5.] 
     Box Vicinity       :   Use all particles to check inside/outside 
     Don't set T inside @   
     Phase Outside      :    1  0  
     Phase Inside       :   2  2  
     Direction          :   BothWays 

   Adjusting density values due to phase transitions: 
--------------------------------------------------------------------------
Free surface parameters: 
   Sticky air phase ID       : 0 
   Initial surface level     : 0. [km] 
   Erosion model             : none
   Sedimentation model       : none
   Correct marker phases     @ 
--------------------------------------------------------------------------
Boundary condition parameters: 
   No-slip boundary mask [lt rt ft bk bm tp]  : 0 0 0 0 0 0 
   Open top boundary                          @ 
   Top boundary temperature                   : 1. [C] 
   Bottom boundary temperature                : 1400. [C] 
   Adding inflow velocity at boundary         @ 
      Number of inflow periods                : 1   
      Inflow velocity boundary                : CompensatingInflow 
      Inflow phase from next to boundary      @ 
      Inflow window [bottom, top]             : [-30.00,6.00] [km] 
      Inflow velocity                         : -2.00 [cm/yr] 
      Outflow velocity                        : inf [cm/yr] 
      Bottom flow velocity                    : 2.00 [cm/yr] 
      Inflow temperature from closest marker  @ 
--------------------------------------------------------------------------
Solution parameters & controls:
   Gravity [gx, gy, gz]                    : [0., 0., -9.81] [m/s^2] 
   Surface stabilization (FSSA)            :  1. 
   Shear heating efficiency                :  1. 
   Activate temperature diffusion          @ 
   Compute initial guess                   @ 
   Use lithostatic pressure for creep      @ 
   Use lithostatic pressure for plasticity @ 
   Limit pressure at first iteration       @ 
   Minimum viscosity                       : 1e+18 [Pa*s] 
   Maximum viscosity                       : 1e+24 [Pa*s] 
   Reference viscosity (initial guess)     : 1e+20 [Pa*s] 
   Universal gas constant                  : 8.31446 [J/mol/K] 
   Minimum cohesion                        : 1000. [Pa] 
   Minimum friction                        : 1. [deg] 
   Ultimate yield stress                   : 1e+09 [Pa] 
   Max. melt fraction (viscosity, density) : 1.    
   Rheology iteration number               : 8  
   Rheology iteration tolerance            : 1e-06    
   Ground water level type                 : none 
--------------------------------------------------------------------------
Dike blocks : 
--------------------------------------------------------------------------
  Dike parameters ID[0]: PhaseTransID=0 PhaseID=2 Mf=0., Mb=0., Mc=-1., y_Mc=0. 
--------------------------------------------------------------------------
Advection parameters:
   Advection scheme              : Runge-Kutta 2-nd order
   Periodic marker advection     : 0 0 0 
   Marker setup scheme           : geometric primitives
   Velocity interpolation scheme : MINMOD (correction + MINMOD)
   Marker control type           : AVD for cells + corner insertion
   Markers per cell [nx, ny, nz] : [3, 3, 3] 
   Marker distribution type      : random noise
   Background phase ID           : 0 
--------------------------------------------------------------------------
Reading geometric primitives ... done (0.00205069 sec)
--------------------------------------------------------------------------
Output parameters:
   Output file name                        : testHeatM0 
   Write .pvd file                         : yes 
   Phase                                   @ 
   Total effective viscosity               @ 
   Creep effective viscosity               @ 
   Velocity                                @ 
   Pressure                                @ 
   Temperature                             @ 
   Conductivity                            @ 
   Deviatoric stress second invariant      @ 
   Deviatoric strain rate second invariant @ 
--------------------------------------------------------------------------
AVD output parameters:
   Write .pvd file       : yes 
   AVD refinement factor : 2 
--------------------------------------------------------------------------
Preconditioner parameters: 
   Matrix type                   : monolithic
   Penalty parameter (pgamma)    : 1.000000e+03
   Schur preconditioner type     : inv_eta 
   Preconditioner type           : user-defined
--------------------------------------------------------------------------
Solver parameters specified: 
   Outermost Krylov solver       : fgmres 
   Solver type                   : serial direct/lu 
   Solver package                : petsc 
--------------------------------------------------------------------------
============================== INITIAL GUESS =============================
--------------------------------------------------------------------------
  0 SNES Function norm 2.219656747741e+00 
  0 PICARD ||F||/||F0||=1.000000e+00 
    Residual norms for js_ solve.
    0 KSP Residual norm 2.219656747741e+00 
    1 KSP Residual norm 3.367170344055e-03 
    2 KSP Residual norm 4.455829943799e-07 
  Linear js_ solve converged due to CONVERGED_RTOL iterations 2
      Line search: lambdas = [1., 0.5, 0.], fnorms = [4.45583e-07, 1.10983, 2.21966]
      Line search terminated: lambda = 1., fnorms = 4.45583e-07
  1 SNES Function norm 4.455829943744e-07 
--------------------------------------------------------------------------
SNES Convergence Reason : ||F|| < atol 
Number of iterations    : 1
SNES solution time      : 0.235116 (sec)
--------------------------------------------------------------------------
Residual summary: 
   Continuity: 
      |Div|_inf = 1.448151266522e-08 
      |Div|_2   = 4.455674460430e-07 
   Momentum: 
      |mRes|_2  = 3.722351727797e-09 
   Energy: 
      |eRes|_2  = 1.092301660117e-06 
--------------------------------------------------------------------------
Saving output ... done (0.0574456 sec)
--------------------------------------------------------------------------
================================= STEP 1 =================================
--------------------------------------------------------------------------
Current time        : 0.00000000 [Myr] 
Tentative time step : 0.00100000 [Myr] 
--------------------------------------------------------------------------
Phase_Transition ... 
done (0.00577734 sec)
--------------------------------------------------------------------------
  0 SNES Function norm 3.430011730731e-01 
  0 PICARD ||F||/||F0||=1.000000e+00 
    Residual norms for js_ solve.
    0 KSP Residual norm 3.430011730731e-01 
    1 KSP Residual norm 5.783860594921e-04 
    2 KSP Residual norm 1.956669799629e-07 
  Linear js_ solve converged due to CONVERGED_RTOL iterations 2
      Line search: lambdas = [1., 0.5, 0.], fnorms = [5.86169e-06, 0.171503, 0.343001]
      Line search terminated: lambda = 1.00002, fnorms = 2.08761e-06
  1 SNES Function norm 2.087613894401e-06 
--------------------------------------------------------------------------
SNES Convergence Reason : ||F|| < atol 
Number of iterations    : 1
SNES solution time      : 0.240913 (sec)
--------------------------------------------------------------------------
Residual summary: 
   Continuity: 
      |Div|_inf = 5.528858840941e-09 
      |Div|_2   = 1.956715071254e-07 
   Momentum: 
      |mRes|_2  = 2.078423545237e-06 
   Energy: 
      |eRes|_2  = 1.091908642630e-06 
--------------------------------------------------------------------------
Actual time step : 0.00100 [Myr] 
--------------------------------------------------------------------------
Performing marker control (standard algorithm)
Marker control [0]: (Corners ) injected 47 markers in 4.5028e-03 s 
--------------------------------------------------------------------------
Saving output ... done (0.0542045 sec)
--------------------------------------------------------------------------
================================= STEP 2 =================================
--------------------------------------------------------------------------
Current time        : 0.00100000 [Myr] 
Tentative time step : 0.00110000 [Myr] 
--------------------------------------------------------------------------
Phase_Transition ... 
done (0.00571628 sec)
--------------------------------------------------------------------------
  0 SNES Function norm 5.008409456285e-02 
  0 PICARD ||F||/||F0||=1.000000e+00 
    Residual norms for js_ solve.
    0 KSP Residual norm 5.008409456285e-02 
    1 KSP Residual norm 2.639308750893e-06 
  Linear js_ solve converged due to CONVERGED_RTOL iterations 1
      Line search: lambdas = [1., 0.5, 0.], fnorms = [0.00628318, 0.0259488, 0.0500841]
      Line search terminated: lambda = 1.01384, fnorms = 0.00624485
  1 SNES Function norm 6.244846664366e-03 
  1 PICARD ||F||/||F0||=1.246872e-01 
    Residual norms for js_ solve.
    0 KSP Residual norm 6.244846664366e-03 
    1 KSP Residual norm 4.472357593735e-08 
  Linear js_ solve converged due to CONVERGED_RTOL iterations 1
      Line search: lambdas = [1., 0.5, 0.], fnorms = [0.0209552, 0.0210801, 0.00624485]
      Line search terminated: lambda = 1.25639, fnorms = 0.0209229
  2 SNES Function norm 2.092293469638e-02 
  2 PICARD ||F||/||F0||=4.177561e-01 
    Residual norms for js_ solve.
    0 KSP Residual norm 2.092293469638e-02 
    1 KSP Residual norm 4.282246131603e-07 
  Linear js_ solve converged due to CONVERGED_RTOL iterations 1
      Line search: lambdas = [1., 0.5, 0.], fnorms = [0.00119218, 0.0105181, 0.0209229]
      Line search terminated: lambda = 1.00056, fnorms = 0.00119228
  3 SNES Function norm 1.192284886683e-03 
  3 PICARD ||F||/||F0||=2.380566e-02 
    Residual norms for js_ solve.
    0 KSP Residual norm 1.192284886683e-03 
    1 KSP Residual norm 6.108062700871e-09 
  Linear js_ solve converged due to CONVERGED_ATOL iterations 1
      Line search: lambdas = [1., 0.5, 0.], fnorms = [0.000687639, 0.000952807, 0.00119228]
      Line search terminated: lambda = 3.51341, fnorms = 0.000831166
  4 SNES Function norm 8.311664099421e-04 
  4 PICARD ||F||/||F0||=1.659542e-02 
    Residual norms for js_ solve.
    0 KSP Residual norm 8.311664099421e-04 
    1 KSP Residual norm 7.491963637397e-09 
  Linear js_ solve converged due to CONVERGED_ATOL iterations 1
      Line search: lambdas = [1., 0.5, 0.], fnorms = [0.00042861, 0.000629875, 0.000831166]
      Line search terminated: lambda = 2.06409, fnorms = 0.000456492
  5 SNES Function norm 4.564920207137e-04 
  5 PICARD ||F||/||F0||=9.114511e-03 
    Residual norms for js_ solve.
    0 KSP Residual norm 4.564920207137e-04 
    1 KSP Residual norm 7.934143020463e-09 
  Linear js_ solve converged due to CONVERGED_ATOL iterations 1
      Line search: lambdas = [1., 0.5, 0.], fnorms = [0.00017643, 0.0002989, 0.000456492]
      Line search terminated: lambda = 1.22848, fnorms = 0.000157347
  6 SNES Function norm 1.573468407584e-04 
  6 PICARD ||F||/||F0||=3.141653e-03 
    Residual norms for js_ solve.
    0 KSP Residual norm 1.573468407584e-04 
    1 KSP Residual norm 2.309871551970e-09 
  Linear js_ solve converged due to CONVERGED_ATOL iterations 1
      Line search: lambdas = [1., 0.5, 0.], fnorms = [0.000183471, 0.000190991, 0.000157347]
      Line search terminated: lambda = 1.34686, fnorms = 0.000187441
  7 SNES Function norm 1.874414408898e-04 
  7 PICARD ||F||/||F0||=3.742534e-03 
    Residual norms for js_ solve.
    0 KSP Residual norm 1.874414408898e-04 
    1 KSP Residual norm 1.707627679584e-09 
  Linear js_ solve converged due to CONVERGED_ATOL iterations 1
      Line search: lambdas = [1., 0.5, 0.], fnorms = [0.000317205, 7.70667e-05, 0.000187441]
      Line search terminated: lambda = 0.367841, fnorms = 7.10756e-05
  8 SNES Function norm 7.107559770905e-05 
--------------------------------------------------------------------------
SNES Convergence Reason : ||F|| < atol 
Number of iterations    : 8
SNES solution time      : 1.80748 (sec)
--------------------------------------------------------------------------
Residual summary: 
   Continuity: 
      |Div|_inf = 4.183738605014e-09 
      |Div|_2   = 5.489430592630e-08 
   Momentum: 
      |mRes|_2  = 7.107557651060e-05 
   Energy: 
      |eRes|_2  = 1.751037687236e-14 
--------------------------------------------------------------------------
Actual time step : 0.00110 [Myr] 
--------------------------------------------------------------------------
Performing marker control (standard algorithm)
Marker control [0]: (Corners ) injected 49 markers in 4.5447e-03 s 
--------------------------------------------------------------------------
Saving output ... done (0.0521619 sec)
--------------------------------------------------------------------------
=========================== SOLUTION IS DONE! ============================
--------------------------------------------------------------------------
Total solution time : 2.63732 (sec) 
--------------------------------------------------------------------------
