 Parsing input file : ./t3_SubductionMATLABinput/Subduction_MATLAB_Particles.dat 
# Adding PetscOption: -InitViscosity 1e22 
# Adding PetscOption: -use_marker_control 
# Adding PetscOption: -snes_ksp_ew 
# Adding PetscOption: -snes_monitor 
# Adding PetscOption: -snes_atol 1e-4 
# Adding PetscOption: -snes_rtol 1e-3 
# Adding PetscOption: -snes_stol 1e-16 
# Adding PetscOption: -snes_max_it 30 
# Adding PetscOption: -snes_max_funcs 500000 
# Adding PetscOption: -snes_max_linear_solve_fail 10000 
# Adding PetscOption: -snes_PicardSwitchToNewton_rtol 5e-2 
# Adding PetscOption: -snes_NewtonSwitchToPicard_it 20 
# Adding PetscOption: -snes_NewtonSwitchToPicard_rtol 1.1 
# Adding PetscOption: -snes_linesearch_monitor 
# Adding PetscOption: -snes_linesearch_type basic 
# Adding PetscOption: -snes_linesearch_maxstep 1.0 
# Adding PetscOption: -js_ksp_type fgmres 
# Adding PetscOption: -js_ksp_max_it 25 
# Adding PetscOption: -js_ksp_converged_reason 
# Adding PetscOption: -js_ksp_monitor 
# Adding PetscOption: -js_ksp_rtol 1e-5 
# Adding PetscOption: -js_ksp_atol 1e-5 
# Adding PetscOption: -pcmat_type mono 
# Adding PetscOption: -pcmat_no_dev_proj 
# Adding PetscOption: -pcmat_type mono 
# Adding PetscOption: -pcmat_pgamma 1e5 
# Adding PetscOption: -jp_type user 
# Adding PetscOption: -jp_pc_type lu 
# Adding PetscOption: -new_advection 
# Adding PetscOption: -advection 2 
# Adding PetscOption: -velinterp 2 
# Adding PetscOption: -out_pvd 1 
# Adding PetscOption: -out_phase 1 
# Adding PetscOption: -out_density 1 
# Adding PetscOption: -out_velocity 1 
# Adding PetscOption: -out_pressure 1 
# Adding PetscOption: -out_dev_stress 1 
# Adding PetscOption: -out_j2_dev_stress 1 
# Adding PetscOption: -out_strain_rate 1 
# Adding PetscOption: -out_j2_strain_rate 1 
# Adding PetscOption: -out_temperature 1 
# Adding PetscOption: -out_plast_strain 1 
# Adding PetscOption: -out_cont_res 1 
# Adding PetscOption: -out_moment_res 1 
-------------------------------------------------------------------------- 
                   Lithosphere and Mantle Evolution Model                   
     Compiled: Date: Nov  8 2016 - Time: 14:30:20 	    
-------------------------------------------------------------------------- 
        STAGGERED-GRID FINITE DIFFERENCE CANONICAL IMPLEMENTATION           
-------------------------------------------------------------------------- 
 Characteristic Length      = 1e+06 [m] 
 Characteristic Viscosity   = 1e+22 [Pa*s] 
 Characteristic Temperature = 1000 [C/K] 
 Characteristic Stress      = 1e+10 [Pa] 
--------------------------------------------------------------------------
Reading pushing parameters: 

Reading softening laws: 

Reading material parameters: 

    Phase [0]: rho = 3300 [kg/m3], eta = 2.5e+23 [Pa*s], beta = 0 [1/Pa]
    Phase [0]: (diff ) Bd = 2e-24 [1/(Pa*s)], Ed = 0 [J/mol], Vd = 0 [m3/mol] 
    Phase [0]: (disl ) Bn = 0 [1/(Pa^n*s)], En = 0 [J/mol], Vn = 0 [m3/mol], n = 0 [ ] 
    Phase [0]: (peirl) Bp = 0 [1/s], Ep = 0 [J/mol], Vp = 0 [m3/mol], taup = 0 [Pa], gamma = 0 [ ], q = 0 [ ] 
    Phase [0]: (elast) G = 5e+10 [Pa], K = 0 [Pa], Kp = 0 [ ] 
    Phase [0]: (plast) cohesion = 2e+07 [Pa], friction angle = 0 [deg] 
    Phase [0]: (sweak) cohesion SoftLaw = -1 [ ], friction SoftLaw = -1 [ ] 
    Phase [0]: (temp ) alpha = 0 [1/K], cp = 1050 [J/kg/K], k = 3 [W/m/K], A = 0 [W/m3] 
    
    Phase [1]: rho = 3300 [kg/m3], eta = 0 [Pa*s], beta = 0 [1/Pa]
    Phase [1]: (diff ) Bd = 1.5e-09 [1/(Pa*s)], Ed = 375000 [J/mol], Vd = 3e-06 [m3/mol] 
    Phase [1]: (disl ) Bn = 1.4806e-16 [1/(Pa^n*s)], En = 532000 [J/mol], Vn = 1.5e-05 [m3/mol], n = 3.5 [ ] 
    Phase [1]: (peirl) Bp = 0 [1/s], Ep = 0 [J/mol], Vp = 0 [m3/mol], taup = 0 [Pa], gamma = 0 [ ], q = 0 [ ] 
    Phase [1]: (elast) G = 5e+10 [Pa], K = 0 [Pa], Kp = 0 [ ] 
    Phase [1]: (plast) cohesion = 2e+07 [Pa], friction angle = 30 [deg] 
    Phase [1]: (sweak) cohesion SoftLaw = -1 [ ], friction SoftLaw = -1 [ ] 
    Phase [1]: (temp ) alpha = 1e-05 [1/K], cp = 1050 [J/kg/K], k = 3 [W/m/K], A = 0 [W/m3] 
    
    Phase [2]: rho = 3300 [kg/m3], eta = 2.5e+19 [Pa*s], beta = 0 [1/Pa]
    Phase [2]: (diff ) Bd = 2e-20 [1/(Pa*s)], Ed = 0 [J/mol], Vd = 0 [m3/mol] 
    Phase [2]: (disl ) Bn = 0 [1/(Pa^n*s)], En = 0 [J/mol], Vn = 0 [m3/mol], n = 0 [ ] 
    Phase [2]: (peirl) Bp = 0 [1/s], Ep = 0 [J/mol], Vp = 0 [m3/mol], taup = 0 [Pa], gamma = 0 [ ], q = 0 [ ] 
    Phase [2]: (elast) G = 0 [Pa], K = 0 [Pa], Kp = 0 [ ] 
    Phase [2]: (plast) cohesion = 0 [Pa], friction angle = 0 [deg] 
    Phase [2]: (sweak) cohesion SoftLaw = -1 [ ], friction SoftLaw = -1 [ ] 
    Phase [2]: (temp ) alpha = 1e-05 [1/K], cp = 0 [J/kg/K], k = 0 [W/m/K], A = 0 [W/m3] 
    
    Phase [3]: rho = 3300 [kg/m3], eta = 0 [Pa*s], beta = 0 [1/Pa]
    Phase [3]: (diff ) Bd = 1.5e-09 [1/(Pa*s)], Ed = 375000 [J/mol], Vd = 3e-06 [m3/mol] 
    Phase [3]: (disl ) Bn = 1.4806e-16 [1/(Pa^n*s)], En = 532000 [J/mol], Vn = 1.5e-05 [m3/mol], n = 3.5 [ ] 
    Phase [3]: (peirl) Bp = 0 [1/s], Ep = 0 [J/mol], Vp = 0 [m3/mol], taup = 0 [Pa], gamma = 0 [ ], q = 0 [ ] 
    Phase [3]: (elast) G = 5e+10 [Pa], K = 0 [Pa], Kp = 0 [ ] 
    Phase [3]: (plast) cohesion = 2e+07 [Pa], friction angle = 30 [deg] 
    Phase [3]: (sweak) cohesion SoftLaw = -1 [ ], friction SoftLaw = -1 [ ] 
    Phase [3]: (temp ) alpha = 1e-05 [1/K], cp = 1050 [J/kg/K], k = 3 [W/m/K], A = 0 [W/m3] 
    
--------------------------------------------------------------------------
 Total # of cpu's               : 4 
 Number of tracers/cell         : [3,3,3] 
 Initial time step              : 0.001 [MYr] 
 BC employed                    : BC.[LeftBound=1 RightBound=1; FrontBound=1 BackBound=1; LowerBound=1 UpperBound=1] 
 CFL timestep factor            : 0.500000 
 Processor grid  [nx, ny, nz]   : [4, 1, 1]
 Fine grid cells [nx, ny, nz]   : [128, 2, 32]
 Number of cells                :  8192
 Number of velocity DOF         :  28992
 Maximum cell aspect cell ratio :  6.25000
 Starting marker initialization routine
 Marker setup employed [msetup] : parallel
 Loading markers in parallel from files: ./t3_SubductionMATLABinput/MatlabInputParticles/Particles.xxx.out 
 Finished Loading markers in parallel 
 Finished marker initialization routine
 Preconditioner matrix type     : monolithic
 Penalty parameter (pgamma)     : 1.000000e+05
 Excluding deviatoric projection from preconditioner
 Preconditioner type            : user-defined
 Writing grid .pvd file to disk
 
Time step 0 -------------------------------------------------------- 
  0 SNES Function norm 2.893522682133e+02 
USING PICARD JACOBIAN for iteration 0, ||F||/||F0||=1.000000e+00 
    Residual norms for js_ solve.
    0 KSP Residual norm 2.893522682133e+02 
    1 KSP Residual norm 5.596414107359e-04 
  Linear solve converged due to CONVERGED_RTOL iterations 1
  1 SNES Function norm 2.008520034181e-03 
 SNES Convergence Reason: ||F|| < rtol*||F_initial|| 
 Number of iterations : 1
 Nonlinear solve took 0.692556 (sec)
------------------------------------------
Residual summary: 
  Continuity: 
    Div_min  = -1.039521016797e-05 
    Div_max  = 1.037955433070e-05 
    |Div|_2  = 5.596411348420e-04 
  Momentum: 
    |mRes|_2 = 1.928977586158e-03 
------------------------------------------
 Advection Scheme: Runge-Kutta 4th order
 VelInterp Scheme: MINMOD
 Writing to existing directory Timestep_000000_0.000000e+00 
 Time = 0.0011[Myr], dt = 0.0011[Myr] 
 Finished timestep 0 out of 4 
 
******************************************** 
 Writing Breakpoint files... 
 Writing to existing directory ./Breakpoint 
 Finished writing breakpoint files in 0.0621312 s
******************************************** 
 
Time step 1 -------------------------------------------------------- 
  0 SNES Function norm 1.208545405854e-01 
USING PICARD JACOBIAN for iteration 0, ||F||/||F0||=1.000000e+00 
    Residual norms for js_ solve.
    0 KSP Residual norm 1.208545405854e-01 
    1 KSP Residual norm 1.868237459801e-06 
  Linear solve converged due to CONVERGED_ATOL iterations 1
  1 SNES Function norm 6.748694982396e-02 
USING PICARD JACOBIAN for iteration 1, ||F||/||F0||=5.584147e-01 
    Residual norms for js_ solve.
    0 KSP Residual norm 6.748694982396e-02 
    1 KSP Residual norm 2.453939023690e-06 
  Linear solve converged due to CONVERGED_ATOL iterations 1
  2 SNES Function norm 5.480365812112e-02 
USING PICARD JACOBIAN for iteration 2, ||F||/||F0||=4.534679e-01 
    Residual norms for js_ solve.
    0 KSP Residual norm 5.480365812112e-02 
    1 KSP Residual norm 1.159855808344e-06 
  Linear solve converged due to CONVERGED_ATOL iterations 1
  3 SNES Function norm 3.195703179312e-02 
USING PICARD JACOBIAN for iteration 3, ||F||/||F0||=2.644256e-01 
    Residual norms for js_ solve.
    0 KSP Residual norm 3.195703179312e-02 
    1 KSP Residual norm 7.312565302481e-07 
  Linear solve converged due to CONVERGED_ATOL iterations 1
  4 SNES Function norm 1.528537109412e-02 
USING PICARD JACOBIAN for iteration 4, ||F||/||F0||=1.264774e-01 
    Residual norms for js_ solve.
    0 KSP Residual norm 1.528537109412e-02 
    1 KSP Residual norm 3.299033458971e-07 
  Linear solve converged due to CONVERGED_ATOL iterations 1
  5 SNES Function norm 7.169988063550e-03 
USING PICARD JACOBIAN for iteration 5, ||F||/||F0||=5.932742e-02 
    Residual norms for js_ solve.
    0 KSP Residual norm 7.169988063550e-03 
    1 KSP Residual norm 1.483169448076e-07 
  Linear solve converged due to CONVERGED_ATOL iterations 1
  6 SNES Function norm 3.433078165411e-03 
=====================================================
SWITCH TO MMFD JACOBIAN: ||F||/||F0||=2.840670e-02, PicIt=5 
=====================================================
USING MMFD JACOBIAN for iteration 6, ||F||/||F0||=2.840670e-02 
    Residual norms for js_ solve.
    0 KSP Residual norm 3.433078165411e-03 
    1 KSP Residual norm 1.449748077989e-03 
    2 KSP Residual norm 2.330431899393e-04 
  Linear solve converged due to CONVERGED_RTOL iterations 2
  7 SNES Function norm 2.385800594878e-04 
USING MMFD JACOBIAN for iteration 7, ||F||/||F0||=1.974109e-03 
    Residual norms for js_ solve.
    0 KSP Residual norm 2.385800594878e-04 
    1 KSP Residual norm 9.973959230042e-05 
    2 KSP Residual norm 1.194789130279e-05 
  Linear solve converged due to CONVERGED_RTOL iterations 2
  8 SNES Function norm 1.197328880457e-05 
 SNES Convergence Reason: ||F|| < atol 
 Number of iterations : 8
 Nonlinear solve took 2.55221 (sec)
------------------------------------------
Residual summary: 
  Continuity: 
    Div_min  = -3.364642245374e-10 
    Div_max  = 3.252311176448e-10 
    |Div|_2  = 1.330683497393e-09 
  Momentum: 
    |mRes|_2 = 1.197328873063e-05 
------------------------------------------
 Advection Scheme: Runge-Kutta 4th order
 VelInterp Scheme: MINMOD
 Writing to existing directory Timestep_000001_1.100000e-03 
 Time = 0.00231[Myr], dt = 0.00121[Myr] 
 Finished timestep 1 out of 4 
 
Time step 2 -------------------------------------------------------- 
  0 SNES Function norm 2.572754868823e-01 
USING PICARD JACOBIAN for iteration 0, ||F||/||F0||=1.000000e+00 
    Residual norms for js_ solve.
    0 KSP Residual norm 2.572754868823e-01 
    1 KSP Residual norm 4.221023234674e-06 
  Linear solve converged due to CONVERGED_ATOL iterations 1
  1 SNES Function norm 3.264459076288e-02 
USING PICARD JACOBIAN for iteration 1, ||F||/||F0||=1.268857e-01 
    Residual norms for js_ solve.
    0 KSP Residual norm 3.264459076288e-02 
    1 KSP Residual norm 6.627174225653e-07 
  Linear solve converged due to CONVERGED_ATOL iterations 1
  2 SNES Function norm 1.381149193826e-02 
USING PICARD JACOBIAN for iteration 2, ||F||/||F0||=5.368367e-02 
    Residual norms for js_ solve.
    0 KSP Residual norm 1.381149193826e-02 
    1 KSP Residual norm 1.777529227688e-07 
  Linear solve converged due to CONVERGED_ATOL iterations 1
  3 SNES Function norm 7.732490683263e-03 
=====================================================
SWITCH TO MMFD JACOBIAN: ||F||/||F0||=3.005530e-02, PicIt=5 
=====================================================
USING MMFD JACOBIAN for iteration 3, ||F||/||F0||=3.005530e-02 
    Residual norms for js_ solve.
    0 KSP Residual norm 7.732490683263e-03 
    1 KSP Residual norm 2.052578577839e-03 
  Linear solve converged due to CONVERGED_RTOL iterations 1
  4 SNES Function norm 2.373186978130e-03 
USING MMFD JACOBIAN for iteration 4, ||F||/||F0||=9.224303e-03 
    Residual norms for js_ solve.
    0 KSP Residual norm 2.373186978130e-03 
    1 KSP Residual norm 6.407534620754e-04 
    2 KSP Residual norm 8.158355641294e-05 
  Linear solve converged due to CONVERGED_RTOL iterations 2
  5 SNES Function norm 7.999624537211e-05 
 SNES Convergence Reason: ||F|| < atol 
 Number of iterations : 5
 Nonlinear solve took 1.59469 (sec)
------------------------------------------
Residual summary: 
  Continuity: 
    Div_min  = -5.994860111797e-10 
    Div_max  = 4.407537772255e-10 
    |Div|_2  = 1.728844675347e-09 
  Momentum: 
    |mRes|_2 = 7.999624535343e-05 
------------------------------------------
 Advection Scheme: Runge-Kutta 4th order
 VelInterp Scheme: MINMOD
 Writing to existing directory Timestep_000002_2.310000e-03 
 Time = 0.003641[Myr], dt = 0.001331[Myr] 
 Finished timestep 2 out of 4 
 
Time step 3 -------------------------------------------------------- 
  0 SNES Function norm 1.372497043963e-01 
USING PICARD JACOBIAN for iteration 0, ||F||/||F0||=1.000000e+00 
    Residual norms for js_ solve.
    0 KSP Residual norm 1.372497043963e-01 
    1 KSP Residual norm 1.520686137600e-06 
  Linear solve converged due to CONVERGED_ATOL iterations 1
  1 SNES Function norm 1.277414219848e-02 
USING PICARD JACOBIAN for iteration 1, ||F||/||F0||=9.307227e-02 
    Residual norms for js_ solve.
    0 KSP Residual norm 1.277414219848e-02 
    1 KSP Residual norm 1.650113386681e-07 
  Linear solve converged due to CONVERGED_ATOL iterations 1
  2 SNES Function norm 5.022547392079e-03 
=====================================================
SWITCH TO MMFD JACOBIAN: ||F||/||F0||=3.659423e-02, PicIt=5 
=====================================================
USING MMFD JACOBIAN for iteration 2, ||F||/||F0||=3.659423e-02 
    Residual norms for js_ solve.
    0 KSP Residual norm 5.022547392079e-03 
    1 KSP Residual norm 1.143522975819e-03 
    2 KSP Residual norm 3.621636003192e-04 
  Linear solve converged due to CONVERGED_RTOL iterations 2
  3 SNES Function norm 1.281366314779e-03 
USING MMFD JACOBIAN for iteration 3, ||F||/||F0||=9.336022e-03 
    Residual norms for js_ solve.
    0 KSP Residual norm 1.281366314779e-03 
    1 KSP Residual norm 2.667464293464e-04 
    2 KSP Residual norm 4.508721680400e-05 
  Linear solve converged due to CONVERGED_RTOL iterations 2
  4 SNES Function norm 4.570738140022e-05 
 SNES Convergence Reason: ||F|| < atol 
 Number of iterations : 4
 Nonlinear solve took 1.34231 (sec)
------------------------------------------
Residual summary: 
  Continuity: 
    Div_min  = -7.282033802347e-09 
    Div_max  = 7.110359107054e-10 
    |Div|_2  = 1.215810178802e-08 
  Momentum: 
    |mRes|_2 = 4.570737978320e-05 
------------------------------------------
 Advection Scheme: Runge-Kutta 4th order
 VelInterp Scheme: MINMOD
 Writing to existing directory Timestep_000003_3.641000e-03 
 Time = 0.0051051[Myr], dt = 0.0014641[Myr] 
 Finished timestep 3 out of 4 
 
Time step 4 -------------------------------------------------------- 
  0 SNES Function norm 1.086418367853e-01 
USING PICARD JACOBIAN for iteration 0, ||F||/||F0||=1.000000e+00 
    Residual norms for js_ solve.
    0 KSP Residual norm 1.086418367853e-01 
    1 KSP Residual norm 9.502911061925e-07 
  Linear solve converged due to CONVERGED_ATOL iterations 1
  1 SNES Function norm 7.318684040851e-03 
USING PICARD JACOBIAN for iteration 1, ||F||/||F0||=6.736525e-02 
    Residual norms for js_ solve.
    0 KSP Residual norm 7.318684040851e-03 
    1 KSP Residual norm 8.150354507597e-08 
  Linear solve converged due to CONVERGED_ATOL iterations 1
  2 SNES Function norm 3.113797655189e-03 
=====================================================
SWITCH TO MMFD JACOBIAN: ||F||/||F0||=2.866113e-02, PicIt=5 
=====================================================
USING MMFD JACOBIAN for iteration 2, ||F||/||F0||=2.866113e-02 
    Residual norms for js_ solve.
    0 KSP Residual norm 3.113797655189e-03 
    1 KSP Residual norm 9.747606503931e-04 
    2 KSP Residual norm 3.744883453706e-04 
  Linear solve converged due to CONVERGED_RTOL iterations 2
  3 SNES Function norm 3.772949660270e-04 
USING MMFD JACOBIAN for iteration 3, ||F||/||F0||=3.472833e-03 
    Residual norms for js_ solve.
    0 KSP Residual norm 3.772949660270e-04 
    1 KSP Residual norm 1.229942891330e-04 
    2 KSP Residual norm 2.576255720557e-05 
  Linear solve converged due to CONVERGED_RTOL iterations 2
  4 SNES Function norm 2.564329432884e-05 
 SNES Convergence Reason: ||F|| < atol 
 Number of iterations : 4
 Nonlinear solve took 1.44073 (sec)
------------------------------------------
Residual summary: 
  Continuity: 
    Div_min  = -4.644675876547e-10 
    Div_max  = 9.687808420061e-10 
    |Div|_2  = 3.117469012943e-09 
  Momentum: 
    |mRes|_2 = 2.564329413934e-05 
------------------------------------------
 Advection Scheme: Runge-Kutta 4th order
 VelInterp Scheme: MINMOD
 Writing to existing directory Timestep_000004_5.105100e-03 
 Time = 0.00671561[Myr], dt = 0.00161051[Myr] 
 Finished timestep 4 out of 4 
 
 Simulation took 8.01887 (sec) 
#PETSc Option Table entries:
-InitViscosity 1e22
-ParamFile ./t3_SubductionMATLABinput/Subduction_MATLAB_Particles.dat
-SavePartitioning 0
-advection 2
-jp_pc_factor_mat_solver_package superlu_dist
-jp_pc_type lu
-jp_type user
-js_ksp_atol 1e-5
-js_ksp_converged_reason
-js_ksp_max_it 25
-js_ksp_monitor
-js_ksp_rtol 1e-5
-js_ksp_type fgmres
-new_advection
-options_left
-out_cont_res 1
-out_density 1
-out_dev_stress 1
-out_j2_dev_stress 1
-out_j2_strain_rate 1
-out_moment_res 1
-out_phase 1
-out_plast_strain 1
-out_pressure 1
-out_pvd 1
-out_strain_rate 1
-out_temperature 1
-out_velocity 1
-pcmat_no_dev_proj
-pcmat_pgamma 1e5
-pcmat_type mono
-snes_NewtonSwitchToPicard_it 20
-snes_NewtonSwitchToPicard_rtol 1.1
-snes_PicardSwitchToNewton_rtol 5e-2
-snes_atol 1e-4
-snes_ksp_ew
-snes_linesearch_maxstep 1.0
-snes_linesearch_monitor
-snes_linesearch_type basic
-snes_max_funcs 500000
-snes_max_it 30
-snes_max_linear_solve_fail 10000
-snes_monitor
-snes_rtol 1e-3
-snes_stol 1e-16
-use_marker_control
-velinterp 2
#End of PETSc Option Table entries
There are no unused options.
