-------------------------------------------------------------------------- 
                   Lithosphere and Mantle Evolution Model                   
     Compiled: Date: Aug 27 2025 - Time: 12:19:36 	    
     Version : 2.2.0 
-------------------------------------------------------------------------- 
        STAGGERED-GRID FINITE DIFFERENCE CANONICAL IMPLEMENTATION           
-------------------------------------------------------------------------- 
Parsing input file : t33_setup.dat 
Finished parsing input file 
--------------------------------------------------------------------------
Time stepping parameters:
   Simulation end time          : 1. [ ] 
   Maximum number of steps      : 2 
   Time step                    : 0.04 [ ] 
   Minimum time step            : 0.004 [ ] 
   Maximum time step            : 0.2 [ ] 
   Time step increase factor    : 0.1 
   CFL criterion                : 0.5 
   CFLMAX (fixed time steps)    : 0.8 
   Output every [n] steps       : 1 
   Output [n] initial steps     : 1 
   Save restart every [n] steps : 100 
--------------------------------------------------------------------------
Grid parameters:
   Total number of cpu                  : 1 
   Processor grid  [nx, ny, nz]         : [1, 1, 1]
   Fine grid cells [nx, ny, nz]         : [10, 10, 10]
   Number of cells                      :  1000
   Number of faces                      :  3300
   Maximum cell aspect ratio            :  1.00000
   Lower coordinate bounds [bx, by, bz] : [-1., -1., -1.]
   Upper coordinate bounds [ex, ey, ez] : [1., 1., 1.]
--------------------------------------------------------------------------
--------------------------------------------------------------------------
Material parameters: 
--------------------------------------------------------------------------
   Phase ID : 0   
   (dens)   : rho = 1. [ ]  
   (diff)   : eta = 1. [ ]  Bd = 0.5 [ ]  

   Phase ID : 1   
   (dens)   : rho = 5. [ ]  
   (diff)   : eta = 100. [ ]  Bd = 0.005 [ ]  

--------------------------------------------------------------------------
--------------------------------------------------------------------------
Boundary condition parameters: 
   No-slip boundary mask [lt rt ft bk bm tp]  : 0 0 0 0 0 0 
   Top boundary temperature                   : 1000. [ ] 
   Bottom boundary temperature                : 1000. [ ] 
--------------------------------------------------------------------------
Solution parameters & controls:
   Gravity [gx, gy, gz]                    : [0., 0., -1.] [ ] 
   Surface stabilization (FSSA)            :  1. 
   Compute initial guess                   @ 
   Use lithostatic pressure for creep      @ 
   Enforce zero average pressure on top    @ 
   Limit pressure at first iteration       @ 
   Reference viscosity (initial guess)     : 1. [ ] 
   Max. melt fraction (viscosity, density) : 1.    
   Rheology iteration number               : 25  
   Rheology iteration tolerance            : 1e-06    
   Passive Tracers are active              @ 
   Ground water level type                 : none 
--------------------------------------------------------------------------
Advection parameters:
   Advection scheme              : Runge-Kutta 2-nd order
   Periodic marker advection     : 0 0 0 
   Marker setup scheme           : binary files (MATLAB)
   Velocity interpolation scheme : STAG (linear)
   Marker control type           : subgrid 
   Markers per cell [nx, ny, nz] : [3, 3, 3] 
   Marker distribution type      : random noise
--------------------------------------------------------------------------
Loading markers in parallel from file(s) <./markers_noAPS/mdb> ... done (0.00772854 sec)
--------------------------------------------------------------------------
--------------------------------------------------------------------------
Passive Tracers: 
   Initial coordinate Box x = [Left,Right] : -1.000000, 1.000000 
   Initial coordinate Box y = [Front,Back] : -1.000000, 1.000000 
   Initial coordinate Box z = [Bot, Top]   : -1.000000, 1.000000 
   # of tracers in [x,y,z] direction       : [10, 10, 10] 
   Total # of tracers                      : 1000 
   Tracer advection activation type        : Always active
--------------------------------------------------------------------------
Output parameters:
   Output file name                        : output 
   Write .pvd file                         : yes 
   Phase                                   @ 
   Density                                 @ 
   Total effective viscosity               @ 
   Creep effective viscosity               @ 
   Velocity                                @ 
   Pressure                                @ 
   Temperature                             @ 
   Deviatoric stress second invariant      @ 
   Deviatoric strain rate second invariant @ 
   Accumulated Plastic Strain (APS)        @ 
--------------------------------------------------------------------------
Marker output parameters:
   Write .pvd file : yes 
--------------------------------------------------------------------------
Passive Tracers output parameters:
   Write Passive tracers pvd file  
--------------------------------------------------------------------------
Preconditioner parameters: 
   Matrix type                   : monolithic
   Penalty parameter (pgamma)    : 1.000000e+04
   Preconditioner type           : user-defined
--------------------------------------------------------------------------
Solver parameters specified: 
   Outermost Krylov solver       : gmres 
   Solver type                   : serial direct/lu 
   Solver package                : petsc 
--------------------------------------------------------------------------
============================== INITIAL GUESS =============================
--------------------------------------------------------------------------
  0 SNES Function norm 3.000000000000e+01
  0 PICARD ||F||/||F0||=1.000000e+00 
    Linear js_ solve converged due to CONVERGED_RTOL iterations 2
  1 SNES Function norm 3.447357117050e-13
--------------------------------------------------------------------------
SNES Convergence Reason : ||F|| < atol 
Number of iterations    : 1
SNES solution time      : 0.0463946 (sec)
--------------------------------------------------------------------------
Residual summary: 
   Continuity: 
      |Div|_inf = 4.268263780470e-19 
      |Div|_2   = 2.976369593026e-18 
   Momentum: 
      |mRes|_2  = 3.447357116922e-13 
--------------------------------------------------------------------------
Saving output ... done (0.02756 sec)
--------------------------------------------------------------------------
================================= STEP 1 =================================
--------------------------------------------------------------------------
Current time        : 0.00000000 [ ] 
Tentative time step : 0.04000000 [ ] 
--------------------------------------------------------------------------
  0 SNES Function norm 3.447357117050e-13
  0 PICARD ||F||/||F0||=1.000000e+00 
    Linear js_ solve converged due to CONVERGED_RTOL iterations 2
  1 SNES Function norm 1.702827803925e-14
--------------------------------------------------------------------------
SNES Convergence Reason : ||F|| < atol 
Number of iterations    : 1
SNES solution time      : 0.0332672 (sec)
--------------------------------------------------------------------------
Residual summary: 
   Continuity: 
      |Div|_inf = 1.000905792098e-30 
      |Div|_2   = 6.292622793103e-30 
   Momentum: 
      |mRes|_2  = 1.702827803925e-14 
--------------------------------------------------------------------------
Actual time step : 0.04400 [ ] 
--------------------------------------------------------------------------
Advection Passive tracers ... 
 Currently active tracers    :  1000 
done (0.000208667 sec)
--------------------------------------------------------------------------
Performing marker control (subgrid algorithm)
Marker control [0]: (subgrid) cloned 0 markers and merged 0 markers in 6.1510e-04 s
--------------------------------------------------------------------------
Saving output ... done (0.0282868 sec)
--------------------------------------------------------------------------
================================= STEP 2 =================================
--------------------------------------------------------------------------
Current time        : 0.04400000 [ ] 
Tentative time step : 0.04400000 [ ] 
--------------------------------------------------------------------------
  0 SNES Function norm 1.702827803925e-14
  0 PICARD ||F||/||F0||=1.000000e+00 
    Linear js_ solve converged due to CONVERGED_RTOL iterations 2
  1 SNES Function norm 2.066419328549e-14
--------------------------------------------------------------------------
SNES Convergence Reason : ||F|| < atol 
Number of iterations    : 1
SNES solution time      : 0.0334077 (sec)
--------------------------------------------------------------------------
Residual summary: 
   Continuity: 
      |Div|_inf = 2.927413515469e-32 
      |Div|_2   = 1.879127781752e-31 
   Momentum: 
      |mRes|_2  = 2.066419328549e-14 
--------------------------------------------------------------------------
Actual time step : 0.04840 [ ] 
--------------------------------------------------------------------------
Advection Passive tracers ... 
 Currently active tracers    :  1000 
done (0.000240299 sec)
--------------------------------------------------------------------------
Performing marker control (subgrid algorithm)
Marker control [0]: (subgrid) cloned 0 markers and merged 0 markers in 6.2357e-04 s
--------------------------------------------------------------------------
Saving output ... done (0.0253355 sec)
--------------------------------------------------------------------------
=========================== SOLUTION IS DONE! ============================
--------------------------------------------------------------------------
Total solution time : 0.253166 (sec) 
--------------------------------------------------------------------------
WARNING! There are options you set that were not used!
WARNING! could be spelling mistake, etc!
There are 5 unused database options. They are:
Option left: name:-mat_product_algorithm value: scalable source: code
Option left: name:-matmatmatmult_via value: scalable source: code
Option left: name:-matmatmult_via value: scalable source: code
Option left: name:-ParamFile value: t33_setup.dat source: code
