-------------------------------------------------------------------------- 
                   Lithosphere and Mantle Evolution Model                   
     Compiled: Date: Dec  1 2020 - Time: 11:48:15 	    
-------------------------------------------------------------------------- 
        STAGGERED-GRID FINITE DIFFERENCE CANONICAL IMPLEMENTATION           
-------------------------------------------------------------------------- 
Parsing input file : ./t9_PhaseDiagrams/test_9_FallingBlock_PhaseDiagrams.dat 
   Adding PETSc option: -objects_dump
Finished parsing input file : ./t9_PhaseDiagrams/test_9_FallingBlock_PhaseDiagrams.dat 
--------------------------------------------------------------------------
Scaling parameters:
   Temperature : 273. [C/K] 
   Length      : 10000. [m] 
   Viscosity   : 1e+22 [Pa*s] 
   Stress      : 1e+10 [Pa] 
--------------------------------------------------------------------------
Time stepping parameters:
   Simulation end time          : 1. [Myr] 
   Maximum number of steps      : 2 
   Time step                    : 1e-05 [Myr] 
   Minimum time step            : 1e-05 [Myr] 
   Maximum time step            : 0.1 [Myr] 
   Time step increase factor    : 0.1 
   CFL criterion                : 0.5 
   CFLMAX (fixed time steps)    : 0.5 
   Output time step             : 0.2 [Myr] 
   Output every [n] steps       : 1 
   Output [n] initial steps     : 1 
--------------------------------------------------------------------------
--------------------------------------------------------------------------
Material parameters: 
--------------------------------------------------------------------------
   Phase ID : 0   
   dislocation creep profile: Quarzite-Ranalli_1995
   (dens)   : rho = 3000. [kg/m^3]  - Employing phase diagram: TestPD
   (disl)   : Bn = 8.63279e-20 [1/Pa^n/s]  En = 156000. [J/mol]  n = 2.4 [ ]  

   Phase ID : 1   
   dislocation creep profile: Quarzite-Ranalli_1995
   (dens)   : rho = 2500. [kg/m^3]  - Employing phase diagram: TestPD1
   (disl)   : Bn = 8.63279e-20 [1/Pa^n/s]  En = 156000. [J/mol]  n = 2.4 [ ]  
   (temp)   : T = 800. [C]  

--------------------------------------------------------------------------
--------------------------------------------------------------------------
Grid parameters:
   Total number of cpu                  : 2 
   Processor grid  [nx, ny, nz]         : [1, 1, 2]
   Fine grid cells [nx, ny, nz]         : [32, 8, 32]
   Number of cells                      :  8192
   Number of faces                      :  26112
   Maximum cell aspect ratio            :  4.00000
   Lower coordinate bounds [bx, by, bz] : [0., 0., -10.]
   Upper coordinate bounds [ex, ey, ez] : [10., 10., 0.]
--------------------------------------------------------------------------
Boundary condition parameters: 
   No-slip boundary mask [lt rt ft bk bm tp]  : 0 0 0 0 0 0 
   Top boundary temperature                   : 0. [C] 
   Bottom boundary temperature                : 300. [C] 
--------------------------------------------------------------------------
Solution parameters & controls:
   Gravity [gx, gy, gz]                    : [0., 0., -9.81] [m/s^2] 
   Surface stabilization (FSSA)            :  1. 
   Use lithostatic pressure for creep      @ 
   Minimum viscosity                       : 1e+19 [Pa*s] 
   Maximum viscosity                       : 1e+25 [Pa*s] 
   Universal gas constant                  : 8.31446 [J/mol/K] 
   Max. melt fraction (viscosity, density) : 0.15    
   Rheology iteration number               : 25  
   Rheology iteration tolerance            : 1e-06    
   Ground water level type                 : none 
--------------------------------------------------------------------------
Advection parameters:
   Advection scheme              : Euler 1-st order (basic implementation)
   Marker setup scheme           : geometric primitives
   Velocity interpolation scheme : STAG (linear)
   Marker control type           : no marker control
   Markers per cell [nx, ny, nz] : [2, 2, 2] 
   Marker distribution type      : uniform
   Background phase ID           : 0 
--------------------------------------------------------------------------
Reading geometric primitives ... done (0.000334978 sec)
--------------------------------------------------------------------------
Phase Diagrams:  
   Diagrams employed for phases  : 0, 1, 
--------------------------------------------------------------------------
Output parameters:
   Output file name                        : FB_test 
   Write .pvd file                         : yes 
   Phase                                   @ 
   Density                                 @ 
   Total effective viscosity               @ 
   Creep effective viscosity               @ 
   Velocity                                @ 
   Pressure                                @ 
   Temperature                             @ 
   Melt fraction                           @ 
   Fluid density                           @ 
--------------------------------------------------------------------------
AVD output parameters:
   Write .pvd file       : yes 
   AVD refinement factor : 3 
--------------------------------------------------------------------------
Preconditioner parameters: 
   Matrix type                   : monolithic
   Penalty parameter (pgamma)    : 1.000000e+05
   Preconditioner type           : user-defined
--------------------------------------------------------------------------
Solver parameters specified: 
   Outermost Krylov solver       : gmres 
   Solver type                   : parallel direct/lu 
   Solver package                : mumps 
--------------------------------------------------------------------------
Saving output ... done (0.0714929 sec)
--------------------------------------------------------------------------
================================= STEP 1 =================================
--------------------------------------------------------------------------
Current time        : 0.00000 [Myr] 
Tentative time step : 0.00001 [Myr] 
--------------------------------------------------------------------------
  0 SNES Function norm 2.332692371613e+00 
  0 PICARD ||F||/||F0||=1.000000e+00 
  Linear js_ solve converged due to CONVERGED_RTOL iterations 1
  1 SNES Function norm 5.571912044213e-02 
  1 PICARD ||F||/||F0||=2.388618e-02 
  Linear js_ solve converged due to CONVERGED_RTOL iterations 2
  2 SNES Function norm 1.651339576622e-02 
  2 MMFD   ||F||/||F0||=7.079114e-03 
  Linear js_ solve converged due to CONVERGED_RTOL iterations 6
  3 SNES Function norm 5.209263956390e-03 
  3 MMFD   ||F||/||F0||=2.233155e-03 
  Linear js_ solve converged due to CONVERGED_RTOL iterations 7
  4 SNES Function norm 4.658608054775e-04 
  4 MMFD   ||F||/||F0||=1.997095e-04 
  Linear js_ solve converged due to CONVERGED_RTOL iterations 8
  5 SNES Function norm 3.025355901525e-04 
  5 MMFD   ||F||/||F0||=1.296937e-04 
  Linear js_ solve converged due to CONVERGED_RTOL iterations 9
  6 SNES Function norm 2.292297534939e-04 
--------------------------------------------------------------------------
SNES Convergence Reason : ||F|| < rtol*||F_initial|| 
Number of iterations    : 6
SNES solution time      : 16.1469 (sec)
--------------------------------------------------------------------------
Residual summary: 
   Continuity: 
      |Div|_inf = 8.305482302629e-18 
      |Div|_2   = 5.844071911041e-17 
   Momentum: 
      |mRes|_2  = 2.292297534939e-04 
--------------------------------------------------------------------------
Actual time step : 0.00001 [Myr] 
--------------------------------------------------------------------------
Saving output ... done (0.0684841 sec)
--------------------------------------------------------------------------
================================= STEP 2 =================================
--------------------------------------------------------------------------
Current time        : 0.00001 [Myr] 
Tentative time step : 0.00001 [Myr] 
--------------------------------------------------------------------------
  0 SNES Function norm 2.292297535091e-04 
  0 PICARD ||F||/||F0||=1.000000e+00 
  Linear js_ solve converged due to CONVERGED_RTOL iterations 2
  1 SNES Function norm 8.000601248103e-05 
  1 PICARD ||F||/||F0||=3.490211e-01 
  Linear js_ solve converged due to CONVERGED_RTOL iterations 2
  2 SNES Function norm 1.457394460255e-05 
  2 PICARD ||F||/||F0||=6.357789e-02 
  Linear js_ solve converged due to CONVERGED_RTOL iterations 2
  3 SNES Function norm 1.238883010322e-06 
  3 MMFD   ||F||/||F0||=5.404547e-03 
  Linear js_ solve converged due to CONVERGED_RTOL iterations 8
  4 SNES Function norm 4.129666607849e-08 
--------------------------------------------------------------------------
SNES Convergence Reason : ||F|| < atol 
Number of iterations    : 4
SNES solution time      : 8.42341 (sec)
--------------------------------------------------------------------------
Residual summary: 
   Continuity: 
      |Div|_inf = 1.370606842137e-18 
      |Div|_2   = 4.915173886604e-18 
   Momentum: 
      |mRes|_2  = 4.129666607849e-08 
--------------------------------------------------------------------------
Actual time step : 0.00001 [Myr] 
--------------------------------------------------------------------------
Saving output ... done (0.072412 sec)
--------------------------------------------------------------------------
=========================== SOLUTION IS DONE! ============================
--------------------------------------------------------------------------
Total solution time : 24.9097 (sec) 
--------------------------------------------------------------------------
