-------------------------------------------------------------------------- 
                   Lithosphere and Mantle Evolution Model                   
     Compiled: Date: Mar  3 2022 - Time: 16:55:02 	    
-------------------------------------------------------------------------- 
        STAGGERED-GRID FINITE DIFFERENCE CANONICAL IMPLEMENTATION           
-------------------------------------------------------------------------- 
Parsing input file : ./t22_RidgeGeom/ridge_geom_oblique_2cores.dat 
   Adding PETSc option: -snes_rtol 1e-4
   Adding PETSc option: -snes_atol 1e-4
   Adding PETSc option: -snes_max_it 50
   Adding PETSc option: -snes_PicardSwitchToNewton_rtol 1e-4
   Adding PETSc option: -snes_NewtonSwitchToPicard_it 20
   Adding PETSc option: -js_ksp_type fgmres
   Adding PETSc option: -js_ksp_monitor
   Adding PETSc option: -js_ksp_max_it 20
   Adding PETSc option: -js_ksp_atol 1e-8
   Adding PETSc option: -js_ksp_rtol 1e-4
   Adding PETSc option: -snes_linesearch_type l2
   Adding PETSc option: -snes_linesearch_monitor
   Adding PETSc option: -snes_linesearch_maxstep 10
Finished parsing input file : ./t22_RidgeGeom/ridge_geom_oblique_2cores.dat 
--------------------------------------------------------------------------
Scaling parameters:
   Temperature : 1000. [C/K] 
   Length      : 1000. [m] 
   Viscosity   : 1e+19 [Pa*s] 
   Stress      : 1e+09 [Pa] 
   Density     : 1000. [kg/m^3] 
   WRNING! Unconventional scaling is employed--------------------------------------------------------------------------
Time stepping parameters:
   Simulation end time          : 3. [Myr] 
   Maximum number of steps      : 3 
   Time step                    : 0.01 [Myr] 
   Minimum time step            : 0.001 [Myr] 
   Maximum time step            : 1. [Myr] 
   Time step increase factor    : 0.1 
   CFL criterion                : 0.5 
   CFLMAX (fixed time steps)    : 0.8 
   Output every [n] steps       : 1 
   Output [n] initial steps     : 1 
--------------------------------------------------------------------------
--------------------------------------------------------------------------
Material parameters: 
--------------------------------------------------------------------------
   Phase ID : 0   
   (dens)   : rho = 500. [kg/m^3]  
   (elast)  : G = 5e+10 [Pa]  Vs = 10000. [m/s]  
   (diff)   : eta = 1e+18 [Pa*s]  Bd = 5e-19 [1/Pa/s]  

   Phase ID : 2   
   (dens)   : rho = 200. [kg/m^3]  
   (elast)  : G = 5e+10 [Pa]  Vs = 15811.4 [m/s]  
   (diff)   : eta = 1e+19 [Pa*s]  Bd = 5e-20 [1/Pa/s]  

   Phase ID : 1   
   (dens)   : rho = 3300. [kg/m^3]  
   (elast)  : G = 5e+10 [Pa]  Vs = 3892.49 [m/s]  
   (diff)   : eta = 1e+24 [Pa*s]  Bd = 5e-25 [1/Pa/s]  

--------------------------------------------------------------------------
--------------------------------------------------------------------------
Grid parameters:
   Total number of cpu                  : 2 
   Processor grid  [nx, ny, nz]         : [2, 1, 1]
   Fine grid cells [nx, ny, nz]         : [32, 16, 16]
   Number of cells                      :  8192
   Number of faces                      :  25856
   Maximum cell aspect ratio            :  1.25000
   Lower coordinate bounds [bx, by, bz] : [-50., -25., -40.]
   Upper coordinate bounds [ex, ey, ez] : [50., 25., 0.]
--------------------------------------------------------------------------
Boundary condition parameters: 
   No-slip boundary mask [lt rt ft bk bm tp]  : 0 0 0 0 0 0 
   Adding inflow velocity at boundary         @ 
      Inflow velocity boundary                : Left 
      Outflow at opposite boundary            @ 
      Inflow phase from next to boundary      @ 
      Inflow window [bottom, top]             : [-20.00,-10.00] [km] 
      Inflow velocity                         : 5.00 [cm/yr] 
      Velocity smoothening distance           : 50.00 [km] 
      Inflow temperature from closest marker  @ 
--------------------------------------------------------------------------
Solution parameters & controls:
   Gravity [gx, gy, gz]                    : [0., 0., -10.] [m/s^2] 
   Surface stabilization (FSSA)            :  1. 
   Compute initial guess                   @ 
   Use lithostatic pressure for creep      @ 
   Use lithostatic pressure for plasticity @ 
   Limit pressure at first iteration       @ 
   Minimum viscosity                       : 1e+18 [Pa*s] 
   Maximum viscosity                       : 1e+25 [Pa*s] 
   Reference viscosity (initial guess)     : 1e+22 [Pa*s] 
   Minimum cohesion                        : 1e+06 [Pa] 
   Minimum friction                        : 1. [deg] 
   Ultimate yield stress                   : 1e+09 [Pa] 
   Max. melt fraction (viscosity, density) : 0.15    
   Rheology iteration number               : 25  
   Rheology iteration tolerance            : 1e-06    
   Ground water level type                 : none 
--------------------------------------------------------------------------
Advection parameters:
   Advection scheme              : Euler 1-st order (basic implementation)
   Marker setup scheme           : geometric primitives
   Velocity interpolation scheme : STAG (linear)
   Marker control type           : AVD for cells + corner insertion
   Markers per cell [nx, ny, nz] : [3, 3, 3] 
   Marker distribution type      : random noise
   Background phase ID           : 2 
--------------------------------------------------------------------------
Reading geometric primitives ... done (0.00683308 sec)
--------------------------------------------------------------------------
Output parameters:
   Output file name                        : 3D_ridge 
   Write .pvd file                         : yes 
   Phase                                   @ 
   Density                                 @ 
   Total effective viscosity               @ 
   Creep effective viscosity               @ 
   Velocity                                @ 
   Pressure                                @ 
   Temperature                             @ 
--------------------------------------------------------------------------
AVD output parameters:
   Write .pvd file       : yes 
   AVD refinement factor : 2 
--------------------------------------------------------------------------
Preconditioner parameters: 
   Matrix type                   : monolithic
   Preconditioner type           : coupled Galerkin geometric multigrid
   Global coarse grid [nx,ny,nz] : [8, 4, 4]
   Local coarse grid  [nx,ny,nz] : [4, 4, 4]
   Number of multigrid levels    :  3
--------------------------------------------------------------------------
Solver parameters specified: 
   Outermost Krylov solver       : fgmres 
   Solver type                   : multigrid 
   Multigrid smoother levels KSP : chebyshev 
   Multigrid smoother levels PC  : sor 
   Number of smoothening steps   : 10 
   Coarse level KSP              : preonly 
   Coarse level PC               : lu 
   Coarse level solver package   : (null) 
--------------------------------------------------------------------------
============================== INITIAL GUESS =============================
--------------------------------------------------------------------------
  0 SNES Function norm 4.332702945042e+01 
  0 PICARD ||F||/||F0||=1.000000e+00 
    Residual norms for js_ solve.
    0 KSP Residual norm 4.332702945042e+01 
    1 KSP Residual norm 3.045458581859e-01 
    2 KSP Residual norm 3.436899001048e-02 
    3 KSP Residual norm 4.456617553162e-03 
    4 KSP Residual norm 6.285032771265e-04 
  Linear js_ solve converged due to CONVERGED_RTOL iterations 4
      Line search: lambdas = [1., 0.5, 0.], fnorms = [0.000628503, 21.6635, 43.327]
      Line search terminated: lambda = 1., fnorms = 0.000628503
  1 SNES Function norm 6.285032771264e-04 
--------------------------------------------------------------------------
SNES Convergence Reason : ||F|| < rtol*||F_initial|| 
Number of iterations    : 1
SNES solution time      : 0.181452 (sec)
--------------------------------------------------------------------------
Residual summary: 
   Continuity: 
      |Div|_inf = 6.873262910835e-06 
      |Div|_2   = 2.284706883449e-04 
   Momentum: 
      |mRes|_2  = 5.855062031488e-04 
--------------------------------------------------------------------------
Saving output ... done (0.0615482 sec)
--------------------------------------------------------------------------
================================= STEP 1 =================================
--------------------------------------------------------------------------
Current time        : 0.00000000 [Myr] 
Tentative time step : 0.01000000 [Myr] 
--------------------------------------------------------------------------
  0 SNES Function norm 6.467002921130e-01 
  0 PICARD ||F||/||F0||=1.000000e+00 
    Residual norms for js_ solve.
    0 KSP Residual norm 6.467002921130e-01 
    1 KSP Residual norm 1.147628847848e-03 
    2 KSP Residual norm 6.149217195730e-04 
    3 KSP Residual norm 1.259243514800e-05 
  Linear js_ solve converged due to CONVERGED_RTOL iterations 3
      Line search: lambdas = [1., 0.5, 0.], fnorms = [1.25924e-05, 0.32335, 0.6467]
      Line search terminated: lambda = 1., fnorms = 1.25924e-05
  1 SNES Function norm 1.259243514846e-05 
--------------------------------------------------------------------------
SNES Convergence Reason : ||F|| < atol 
Number of iterations    : 1
SNES solution time      : 0.108548 (sec)
--------------------------------------------------------------------------
Residual summary: 
   Continuity: 
      |Div|_inf = 3.036165775137e-07 
      |Div|_2   = 4.190408733541e-06 
   Momentum: 
      |mRes|_2  = 1.187475884446e-05 
--------------------------------------------------------------------------
Actual time step : 0.01000 [Myr] 
--------------------------------------------------------------------------
Performing marker control (standard algorithm)
Marker control [0]: (Corners ) injected 67 markers in 6.3753e-03 s 
--------------------------------------------------------------------------
Saving output ... done (0.0600343 sec)
--------------------------------------------------------------------------
================================= STEP 2 =================================
--------------------------------------------------------------------------
Current time        : 0.01000000 [Myr] 
Tentative time step : 0.01100000 [Myr] 
--------------------------------------------------------------------------
  0 SNES Function norm 2.017884543360e+00 
  0 PICARD ||F||/||F0||=1.000000e+00 
    Residual norms for js_ solve.
    0 KSP Residual norm 2.017884543360e+00 
    1 KSP Residual norm 2.875869773089e-03 
    2 KSP Residual norm 1.559248648889e-03 
    3 KSP Residual norm 3.717507808860e-05 
  Linear js_ solve converged due to CONVERGED_RTOL iterations 3
      Line search: lambdas = [1., 0.5, 0.], fnorms = [3.71751e-05, 1.00894, 2.01788]
      Line search terminated: lambda = 1., fnorms = 3.71751e-05
  1 SNES Function norm 3.717507808830e-05 
--------------------------------------------------------------------------
SNES Convergence Reason : ||F|| < atol 
Number of iterations    : 1
SNES solution time      : 0.110486 (sec)
--------------------------------------------------------------------------
Residual summary: 
   Continuity: 
      |Div|_inf = 7.833513542543e-08 
      |Div|_2   = 7.629378173303e-07 
   Momentum: 
      |mRes|_2  = 3.716724844212e-05 
--------------------------------------------------------------------------
Actual time step : 0.01100 [Myr] 
--------------------------------------------------------------------------
Performing marker control (standard algorithm)
Marker control [0]: (Corners ) injected 248 markers in 8.5452e-03 s 
--------------------------------------------------------------------------
Saving output ... done (0.0564237 sec)
--------------------------------------------------------------------------
================================= STEP 3 =================================
--------------------------------------------------------------------------
Current time        : 0.02100000 [Myr] 
Tentative time step : 0.01210000 [Myr] 
--------------------------------------------------------------------------
  0 SNES Function norm 2.264106644261e+00 
  0 PICARD ||F||/||F0||=1.000000e+00 
    Residual norms for js_ solve.
    0 KSP Residual norm 2.264106644261e+00 
    1 KSP Residual norm 2.917041312810e-03 
    2 KSP Residual norm 1.587421989566e-03 
    3 KSP Residual norm 3.945932092855e-05 
  Linear js_ solve converged due to CONVERGED_RTOL iterations 3
      Line search: lambdas = [1., 0.5, 0.], fnorms = [3.94593e-05, 1.13205, 2.26411]
      Line search terminated: lambda = 1., fnorms = 3.94593e-05
  1 SNES Function norm 3.945932092857e-05 
--------------------------------------------------------------------------
SNES Convergence Reason : ||F|| < atol 
Number of iterations    : 1
SNES solution time      : 0.109954 (sec)
--------------------------------------------------------------------------
Residual summary: 
   Continuity: 
      |Div|_inf = 7.835581585950e-08 
      |Div|_2   = 7.650813943374e-07 
   Momentum: 
      |mRes|_2  = 3.945190310497e-05 
--------------------------------------------------------------------------
Actual time step : 0.01210 [Myr] 
--------------------------------------------------------------------------
Performing marker control (standard algorithm)
Marker control [0]: (Corners ) injected 698 markers in 1.2014e-02 s 
--------------------------------------------------------------------------
Saving output ... done (0.0585337 sec)
--------------------------------------------------------------------------
=========================== SOLUTION IS DONE! ============================
--------------------------------------------------------------------------
Total solution time : 0.977235 (sec) 
--------------------------------------------------------------------------
