-------------------------------------------------------------------------- 
                   Lithosphere and Mantle Evolution Model                   
     Compiled: Date: Dec  1 2020 - Time: 11:48:15 	    
-------------------------------------------------------------------------- 
        STAGGERED-GRID FINITE DIFFERENCE CANONICAL IMPLEMENTATION           
-------------------------------------------------------------------------- 
Parsing input file : ./t22_RidgeGeom/ridge_geom_2D.dat 
   Adding PETSc option: -snes_rtol 1e-4
   Adding PETSc option: -snes_atol 1e-4
   Adding PETSc option: -snes_max_it 50
   Adding PETSc option: -snes_PicardSwitchToNewton_rtol 1e-4
   Adding PETSc option: -snes_NewtonSwitchToPicard_it 20
   Adding PETSc option: -js_ksp_type fgmres
   Adding PETSc option: -js_ksp_monitor
   Adding PETSc option: -js_ksp_max_it 20
   Adding PETSc option: -js_ksp_atol 1e-8
   Adding PETSc option: -js_ksp_rtol 1e-4
   Adding PETSc option: -snes_linesearch_type l2
   Adding PETSc option: -snes_linesearch_monitor
   Adding PETSc option: -snes_linesearch_maxstep 10
Finished parsing input file : ./t22_RidgeGeom/ridge_geom_2D.dat 
--------------------------------------------------------------------------
Scaling parameters:
   Temperature : 1000. [C/K] 
   Length      : 1000. [m] 
   Viscosity   : 1e+19 [Pa*s] 
   Stress      : 1e+09 [Pa] 
   Density     : 1000. [kg/m^3] 
   WRNING! Unconventional scaling is employed--------------------------------------------------------------------------
Time stepping parameters:
   Simulation end time          : 3. [Myr] 
   Maximum number of steps      : 3 
   Time step                    : 0.01 [Myr] 
   Minimum time step            : 0.001 [Myr] 
   Maximum time step            : 1. [Myr] 
   Time step increase factor    : 0.1 
   CFL criterion                : 0.5 
   CFLMAX (fixed time steps)    : 0.8 
   Output every [n] steps       : 1 
   Output [n] initial steps     : 1 
--------------------------------------------------------------------------
--------------------------------------------------------------------------
Material parameters: 
--------------------------------------------------------------------------
   Phase ID : 0   
   (dens)   : rho = 500. [kg/m^3]  
   (elast)  : G = 5e+10 [Pa]  Vs = 10000. [m/s]  
   (diff)   : eta = 1e+18 [Pa*s]  Bd = 5e-19 [1/Pa/s]  

   Phase ID : 2   
   (dens)   : rho = 200. [kg/m^3]  
   (elast)  : G = 5e+10 [Pa]  Vs = 15811.4 [m/s]  
   (diff)   : eta = 1e+19 [Pa*s]  Bd = 5e-20 [1/Pa/s]  

   Phase ID : 1   
   (dens)   : rho = 3300. [kg/m^3]  
   (elast)  : G = 5e+10 [Pa]  Vs = 3892.49 [m/s]  
   (diff)   : eta = 1e+24 [Pa*s]  Bd = 5e-25 [1/Pa/s]  

--------------------------------------------------------------------------
--------------------------------------------------------------------------
Grid parameters:
   Total number of cpu                  : 1 
   Processor grid  [nx, ny, nz]         : [1, 1, 1]
   Fine grid cells [nx, ny, nz]         : [64, 1, 32]
   Number of cells                      :  2048
   Number of faces                      :  8288
   Maximum cell aspect ratio            :  1.56250
   Lower coordinate bounds [bx, by, bz] : [-50., -0.5, -40.]
   Upper coordinate bounds [ex, ey, ez] : [50., 0.5, 10.]
--------------------------------------------------------------------------
Free surface parameters: 
   Sticky air phase ID       : 0 
   Initial surface level     : 0. [km] 
   Erosion model             : none
   Sedimentation model       : none
   Correct marker phases     @ 
   Maximum surface slope     : 15. [deg]
--------------------------------------------------------------------------
Boundary condition parameters: 
   No-slip boundary mask [lt rt ft bk bm tp]  : 0 0 0 0 0 0 
   Open top boundary                          @ 
   Adding inflow velocity at boundary         @ 
      Inflow velocity boundary                : CompensatingInflow 
      Outflow at opposite boundary            @ 
      Inflow phase from next to boundary      @ 
      Inflow window [bottom, top]             : [-20.00,-10.00] [km] 
      Inflow velocity                         : 5.00 [cm/yr] 
      Bottom flow velocity                    : 0.00 [cm/yr] 
      Velocity smoothening distance           : 50.00 [km] 
      Inflow temperature from closest marker  @ 
--------------------------------------------------------------------------
Solution parameters & controls:
   Gravity [gx, gy, gz]                    : [0., 0., -10.] [m/s^2] 
   Surface stabilization (FSSA)            :  1. 
   Compute initial guess                   @ 
   Use lithostatic pressure for creep      @ 
   Use lithostatic pressure for plasticity @ 
   Limit pressure at first iteration       @ 
   Minimum viscosity                       : 1e+18 [Pa*s] 
   Maximum viscosity                       : 1e+25 [Pa*s] 
   Reference viscosity (initial guess)     : 1e+22 [Pa*s] 
   Minimum cohesion                        : 1e+06 [Pa] 
   Minimum friction                        : 1. [deg] 
   Ultimate yield stress                   : 1e+09 [Pa] 
   Max. melt fraction (viscosity, density) : 0.15    
   Rheology iteration number               : 25  
   Rheology iteration tolerance            : 1e-06    
   Ground water level type                 : none 
--------------------------------------------------------------------------
Advection parameters:
   Advection scheme              : Euler 1-st order (basic implementation)
   Marker setup scheme           : geometric primitives
   Velocity interpolation scheme : STAG (linear)
   Marker control type           : AVD for cells + corner insertion
   Markers per cell [nx, ny, nz] : [3, 3, 3] 
   Marker distribution type      : random noise
   Background phase ID           : 2 
--------------------------------------------------------------------------
Reading geometric primitives ... done (0.00282097 sec)
--------------------------------------------------------------------------
Output parameters:
   Output file name                        : 2D_ridge 
   Write .pvd file                         : yes 
   Phase                                   @ 
   Density                                 @ 
   Total effective viscosity               @ 
   Creep effective viscosity               @ 
   Velocity                                @ 
   Pressure                                @ 
   Temperature                             @ 
   Deviatoric stress second invariant      @ 
   Deviatoric strain rate tensor           @ 
   Deviatoric strain rate second invariant @ 
   Momentum residual                       @ 
   Continuity residual                     @ 
--------------------------------------------------------------------------
AVD output parameters:
   Write .pvd file       : yes 
   AVD refinement factor : 2 
--------------------------------------------------------------------------
Preconditioner parameters: 
   Matrix type                   : monolithic
   Penalty parameter (pgamma)    : 1.000000e+03
   Preconditioner type           : user-defined
--------------------------------------------------------------------------
Solver parameters specified: 
   Outermost Krylov solver       : fgmres 
   Solver type                   : serial direct/lu 
   Solver package                : petsc 
--------------------------------------------------------------------------
============================== INITIAL GUESS =============================
--------------------------------------------------------------------------
  0 SNES Function norm 3.031410591328e+01 
  0 PICARD ||F||/||F0||=1.000000e+00 
    Residual norms for js_ solve.
    0 KSP Residual norm 3.031410591328e+01 
    1 KSP Residual norm 3.777521687783e-05 
  Linear js_ solve converged due to CONVERGED_RTOL iterations 1
      Line search: lambdas = [1., 0.5, 0.], fnorms = [3.77752e-05, 15.1571, 30.3141]
      Line search terminated: lambda = 1., fnorms = 3.77752e-05
  1 SNES Function norm 3.777521687783e-05 
--------------------------------------------------------------------------
SNES Convergence Reason : ||F|| < atol 
Number of iterations    : 1
SNES solution time      : 0.049787 (sec)
--------------------------------------------------------------------------
Residual summary: 
   Continuity: 
      |Div|_inf = 4.474921668276e-06 
      |Div|_2   = 3.777521447850e-05 
   Momentum: 
      |mRes|_2  = 1.346369397303e-08 
--------------------------------------------------------------------------
Saving output ... done (0.0647759 sec)
--------------------------------------------------------------------------
================================= STEP 1 =================================
--------------------------------------------------------------------------
Current time        : 0.00000 [Myr] 
Tentative time step : 0.01000 [Myr] 
--------------------------------------------------------------------------
  0 SNES Function norm 5.854138555096e+00 
  0 PICARD ||F||/||F0||=1.000000e+00 
    Residual norms for js_ solve.
    0 KSP Residual norm 5.854138555096e+00 
    1 KSP Residual norm 7.162031817114e-03 
    2 KSP Residual norm 5.266529865128e-06 
  Linear js_ solve converged due to CONVERGED_RTOL iterations 2
      Line search: lambdas = [1., 0.5, 0.], fnorms = [5.26653e-06, 2.92707, 5.85414]
      Line search terminated: lambda = 1., fnorms = 5.26653e-06
  1 SNES Function norm 5.266529865128e-06 
--------------------------------------------------------------------------
SNES Convergence Reason : ||F|| < atol 
Number of iterations    : 1
SNES solution time      : 0.031287 (sec)
--------------------------------------------------------------------------
Residual summary: 
   Continuity: 
      |Div|_inf = 1.133347070457e-06 
      |Div|_2   = 5.266529865126e-06 
   Momentum: 
      |mRes|_2  = 4.802126024186e-12 
--------------------------------------------------------------------------
Actual time step : 0.01000 [Myr] 
--------------------------------------------------------------------------
Performing marker control (standard algorithm)
Marker control [0]: (Corners ) injected 50 markers in 3.0160e-03 s 
--------------------------------------------------------------------------
Saving output ... done (0.0586181 sec)
--------------------------------------------------------------------------
================================= STEP 2 =================================
--------------------------------------------------------------------------
Current time        : 0.01000 [Myr] 
Tentative time step : 0.01100 [Myr] 
--------------------------------------------------------------------------
  0 SNES Function norm 1.833592828179e+01 
  0 PICARD ||F||/||F0||=1.000000e+00 
    Residual norms for js_ solve.
    0 KSP Residual norm 1.833592828179e+01 
    1 KSP Residual norm 1.655076415727e-05 
  Linear js_ solve converged due to CONVERGED_RTOL iterations 1
      Line search: lambdas = [1., 0.5, 0.], fnorms = [1.65508e-05, 9.16796, 18.3359]
      Line search terminated: lambda = 1., fnorms = 1.65508e-05
  1 SNES Function norm 1.655076415727e-05 
--------------------------------------------------------------------------
SNES Convergence Reason : ||F|| < atol 
Number of iterations    : 1
SNES solution time      : 0.0265322 (sec)
--------------------------------------------------------------------------
Residual summary: 
   Continuity: 
      |Div|_inf = 4.468373407376e-06 
      |Div|_2   = 1.655076415726e-05 
   Momentum: 
      |mRes|_2  = 1.536315000851e-11 
--------------------------------------------------------------------------
Actual time step : 0.01100 [Myr] 
--------------------------------------------------------------------------
Performing marker control (standard algorithm)
Marker control [0]: (Corners ) injected 96 markers in 2.5091e-03 s 
--------------------------------------------------------------------------
Saving output ... done (0.065202 sec)
--------------------------------------------------------------------------
================================= STEP 3 =================================
--------------------------------------------------------------------------
Current time        : 0.02100 [Myr] 
Tentative time step : 0.01210 [Myr] 
--------------------------------------------------------------------------
  0 SNES Function norm 2.510145652226e+01 
  0 PICARD ||F||/||F0||=1.000000e+00 
    Residual norms for js_ solve.
    0 KSP Residual norm 2.510145652226e+01 
    1 KSP Residual norm 1.866928684228e-05 
  Linear js_ solve converged due to CONVERGED_RTOL iterations 1
      Line search: lambdas = [1., 0.5, 0.], fnorms = [1.86693e-05, 12.5507, 25.1015]
      Line search terminated: lambda = 1., fnorms = 1.86693e-05
  1 SNES Function norm 1.866928684228e-05 
--------------------------------------------------------------------------
SNES Convergence Reason : ||F|| < atol 
Number of iterations    : 1
SNES solution time      : 0.029341 (sec)
--------------------------------------------------------------------------
Residual summary: 
   Continuity: 
      |Div|_inf = 4.984198296555e-06 
      |Div|_2   = 1.866928684228e-05 
   Momentum: 
      |mRes|_2  = 4.390158017283e-12 
--------------------------------------------------------------------------
Actual time step : 0.01210 [Myr] 
--------------------------------------------------------------------------
Performing marker control (standard algorithm)
Marker control [0]: (Corners ) injected 94 markers in 2.7361e-03 s 
--------------------------------------------------------------------------
Saving output ... done (0.0619469 sec)
--------------------------------------------------------------------------
=========================== SOLUTION IS DONE! ============================
--------------------------------------------------------------------------
Total solution time : 0.499393 (sec) 
--------------------------------------------------------------------------
