-------------------------------------------------------------------------- 
                   Lithosphere and Mantle Evolution Model                   
     Compiled: Date: Jan 11 2019 - Time: 16:03:49 	    
-------------------------------------------------------------------------- 
        STAGGERED-GRID FINITE DIFFERENCE CANONICAL IMPLEMENTATION           
-------------------------------------------------------------------------- 
Parsing input file : ../BuildInSetups/FallingBlock_Multigrid.dat 
   Adding PETSc option: -snes_type ksponly
   Adding PETSc option: -js_ksp_monitor
Finished parsing input file : ../BuildInSetups/FallingBlock_Multigrid.dat 
--------------------------------------------------------------------------
Time stepping parameters:
   Simulation end time          : 100. [ ] 
   Maximum number of steps      : 3 
   Time step                    : 10. [ ] 
   Minimum time step            : 1e-05 [ ] 
   Maximum time step            : 100. [ ] 
   Time step increase factor    : 0.1 
   CFL criterion                : 0.5 
   CFLMAX (fixed time steps)    : 0.5 
   Output every [n] steps       : 1 
--------------------------------------------------------------------------
Material parameters: 
   Phase ID : 0
   (dens)   : rho = 1. [ ]  
   (diff)   : eta = 1. [ ]  Bd = 0.5 [ ]  

   Phase ID : 1
   (dens)   : rho = 2. [ ]  
   (diff)   : eta = 100. [ ]  Bd = 0.005 [ ]  

   Phase ID : 2
   (dens)   : rho = 2. [ ]  
   (diff)   : eta = 1000. [ ]  Bd = 0.0005 [ ]  

--------------------------------------------------------------------------
Grid parameters:
   Total number of cpu                  : 2 
   Processor grid  [nx, ny, nz]         : [1, 1, 2]
   Fine grid cells [nx, ny, nz]         : [32, 32, 32]
   Number of cells                      :  32768
   Number of faces                      :  101376
   Maximum cell aspect ratio            :  1.00000
   Lower coordinate bounds [bx, by, bz] : [0., 0., 0.]
   Upper coordinate bounds [ex, ey, ez] : [1., 1., 1.]
--------------------------------------------------------------------------
Boundary condition parameters: 
   No-slip boundary mask [lt rt ft bk bm tp]  : 0 0 0 0 0 0 
--------------------------------------------------------------------------
Solution parameters & controls:
   Gravity [gx, gy, gz]                    : [0., 0., -1.] [ ] 
   Surface stabilization (FSSA)            :  1. 
   Use lithostatic pressure for creep      @ 
   Minimum viscosity                       : 0.001 [ ] 
   Maximum viscosity                       : 1e+12 [ ] 
   Ground water level type                 : none 
--------------------------------------------------------------------------
Advection parameters:
   Advection scheme              : Runge-Kutta 2-nd order
   Marker setup scheme           : geometric primitives
   Velocity interpolation scheme : empirical STAGP (STAG + pressure points)
   Marker control type           : pure AVD for all control volumes
   Markers per cell [nx, ny, nz] : [3, 3, 3] 
   Marker distribution type      : random noise
   Background phase ID           : 0 
   Interpolation constant        : 0.7 
--------------------------------------------------------------------------
Reading geometric primitives ... done (0.00771344 sec)
--------------------------------------------------------------------------
Output parameters:
   Output file name                        : FB_multigrid 
   Write .pvd file                         : yes 
   Phase                                   @ 
   Total effective viscosity               @ 
   Creep effective viscosity               @ 
   Viscoplastic viscosity                  @ 
   Velocity                                @ 
   Pressure                                @ 
   Deviatoric stress second invariant      @ 
   Deviatoric strain rate tensor           @ 
   Deviatoric strain rate second invariant @ 
--------------------------------------------------------------------------
AVD output parameters:
   Write .pvd file       : yes 
   AVD refinement factor : 3 
--------------------------------------------------------------------------
Preconditioner parameters: 
   Matrix type                   : monolithic
   Preconditioner type           : coupled Galerkin geometric multigrid
   Global coarse grid [nx,ny,nz] : [4, 4, 4]
   Local coarse grid  [nx,ny,nz] : [4, 4, 2]
   Number of multigrid levels    :  4
--------------------------------------------------------------------------
Solver parameters specified: 
   Outermost Krylov solver       : gmres 
   Solver type                   : multigrid 
   Multigrid smoother levels KSP : chebyshev 
   Multigrid smoother levels PC  : sor 
   Number of smoothening steps   : 10 
   Coarse level KSP              : preonly 
   Coarse level PC               : lu 
   Coarse level solver package   : (null) 
--------------------------------------------------------------------------
Saving output ... done (0.532686 sec)
--------------------------------------------------------------------------
================================= STEP 1 =================================
--------------------------------------------------------------------------
Current time        : 0.00000 [ ] 
Tentative time step : 10.00000 [ ] 
--------------------------------------------------------------------------
  0 SNES Function norm 1.832189283825e+02 
  0 PICARD ||F||/||F0||=1.000000e+00 
    Residual norms for js_ solve.
    0 KSP Residual norm 2.299199173217e+01 
    1 KSP Residual norm 1.378793023225e+01 
    2 KSP Residual norm 3.769855979082e+00 
    3 KSP Residual norm 1.453847516942e+00 
    4 KSP Residual norm 6.008089069166e-01 
    5 KSP Residual norm 3.880352591574e-01 
    6 KSP Residual norm 2.478666639116e-01 
    7 KSP Residual norm 1.331353111313e-01 
    8 KSP Residual norm 1.086295226636e-01 
    9 KSP Residual norm 9.584578805888e-02 
   10 KSP Residual norm 6.469825197324e-02 
   11 KSP Residual norm 4.346285826053e-02 
   12 KSP Residual norm 2.115549708213e-02 
   13 KSP Residual norm 9.924389917575e-03 
   14 KSP Residual norm 5.496848719754e-03 
   15 KSP Residual norm 2.785539910268e-03 
   16 KSP Residual norm 1.257449004531e-03 
   17 KSP Residual norm 6.753530783280e-04 
   18 KSP Residual norm 3.416158540331e-04 
   19 KSP Residual norm 1.741026439050e-04 
  Linear js_ solve converged due to CONVERGED_RTOL iterations 19
  1 SNES Function norm 2.132548369256e-02 
--------------------------------------------------------------------------
SNES Convergence Reason : maximum iterations reached
Number of iterations    : 1
SNES solution time      : 2.43998 (sec)
--------------------------------------------------------------------------
Residual summary: 
   Continuity: 
      |Div|_inf = 5.479302306062e-05 
      |Div|_2   = 1.467239173402e-04 
   Momentum: 
      |mRes|_2  = 2.132497894052e-02 
--------------------------------------------------------------------------
Actual time step : 6.72978 [ ] 
--------------------------------------------------------------------------
Performing marker control (updated algorithm)
Marker control [0]: (AVD YZED) injected 12 markers and deleted 0 markers in 1.4885e-03 s
Marker control [0]: (AVD XZED) injected 5 markers and deleted 0 markers in 8.2244e-04 s
Marker control [0]: (AVD XYED) injected 6 markers and deleted 0 markers in 9.1062e-04 s
--------------------------------------------------------------------------
Saving output ... done (0.654627 sec)
--------------------------------------------------------------------------
================================= STEP 2 =================================
--------------------------------------------------------------------------
Current time        : 6.72978 [ ] 
Tentative time step : 6.72978 [ ] 
--------------------------------------------------------------------------
  0 SNES Function norm 3.813875380676e+02 
  0 PICARD ||F||/||F0||=1.000000e+00 
    Residual norms for js_ solve.
    0 KSP Residual norm 5.436788946541e-01 
    1 KSP Residual norm 1.562906197567e-01 
    2 KSP Residual norm 7.079432634357e-02 
    3 KSP Residual norm 3.398769038723e-02 
    4 KSP Residual norm 1.804707933499e-02 
    5 KSP Residual norm 1.405718943843e-02 
    6 KSP Residual norm 1.004593886656e-02 
    7 KSP Residual norm 8.338946928640e-03 
    8 KSP Residual norm 4.011198258819e-03 
    9 KSP Residual norm 2.913232710345e-03 
   10 KSP Residual norm 1.793246461311e-03 
   11 KSP Residual norm 1.317242201300e-03 
   12 KSP Residual norm 9.606861737954e-04 
   13 KSP Residual norm 6.127448523084e-04 
   14 KSP Residual norm 4.040072479930e-04 
   15 KSP Residual norm 2.883558706520e-04 
   16 KSP Residual norm 2.237338801705e-04 
   17 KSP Residual norm 1.694013675560e-04 
   18 KSP Residual norm 1.055579284491e-04 
   19 KSP Residual norm 7.156548731629e-05 
   20 KSP Residual norm 5.172605338161e-05 
   21 KSP Residual norm 4.413568769788e-05 
   22 KSP Residual norm 3.428987917780e-05 
   23 KSP Residual norm 2.235708907422e-05 
   24 KSP Residual norm 1.552315478113e-05 
   25 KSP Residual norm 1.194053550869e-05 
   26 KSP Residual norm 8.279920433126e-06 
   27 KSP Residual norm 5.736185850204e-06 
   28 KSP Residual norm 4.244215637080e-06 
  Linear js_ solve converged due to CONVERGED_RTOL iterations 28
  1 SNES Function norm 1.552648480329e-03 
--------------------------------------------------------------------------
SNES Convergence Reason : maximum iterations reached
Number of iterations    : 1
SNES solution time      : 2.84394 (sec)
--------------------------------------------------------------------------
Residual summary: 
   Continuity: 
      |Div|_inf = 5.763078818645e-07 
      |Div|_2   = 2.712407532138e-06 
   Momentum: 
      |mRes|_2  = 1.552646111099e-03 
--------------------------------------------------------------------------
Actual time step : 7.15175 [ ] 
--------------------------------------------------------------------------
Performing marker control (updated algorithm)
Marker control [0]: (AVD YZED) injected 25 markers and deleted 0 markers in 3.8875e-03 s
Marker control [0]: (AVD XZED) injected 11 markers and deleted 0 markers in 1.7648e-03 s
Marker control [0]: (AVD XYED) injected 7 markers and deleted 0 markers in 1.2950e-03 s
--------------------------------------------------------------------------
Saving output ... done (0.666766 sec)
--------------------------------------------------------------------------
================================= STEP 3 =================================
--------------------------------------------------------------------------
Current time        : 13.88153 [ ] 
Tentative time step : 7.15175 [ ] 
--------------------------------------------------------------------------
  0 SNES Function norm 1.082811722342e+02 
  0 PICARD ||F||/||F0||=1.000000e+00 
    Residual norms for js_ solve.
    0 KSP Residual norm 4.059086393635e-01 
    1 KSP Residual norm 1.289354579252e-01 
    2 KSP Residual norm 5.364739067274e-02 
    3 KSP Residual norm 2.920684333724e-02 
    4 KSP Residual norm 1.944098557785e-02 
    5 KSP Residual norm 8.043239737744e-03 
    6 KSP Residual norm 3.638469502395e-03 
    7 KSP Residual norm 1.607863564509e-03 
    8 KSP Residual norm 7.999661749484e-04 
    9 KSP Residual norm 4.569981123134e-04 
   10 KSP Residual norm 2.405798577494e-04 
   11 KSP Residual norm 1.331785506161e-04 
   12 KSP Residual norm 7.198240708529e-05 
   13 KSP Residual norm 5.277379740842e-05 
   14 KSP Residual norm 4.167261621620e-05 
   15 KSP Residual norm 2.347851806080e-05 
   16 KSP Residual norm 1.455788689018e-05 
   17 KSP Residual norm 1.019992031956e-05 
   18 KSP Residual norm 5.948366095102e-06 
   19 KSP Residual norm 3.889865817292e-06 
  Linear js_ solve converged due to CONVERGED_RTOL iterations 19
  1 SNES Function norm 6.328742392496e-04 
--------------------------------------------------------------------------
SNES Convergence Reason : maximum iterations reached
Number of iterations    : 1
SNES solution time      : 2.04023 (sec)
--------------------------------------------------------------------------
Residual summary: 
   Continuity: 
      |Div|_inf = 3.305358675751e-07 
      |Div|_2   = 2.466863679858e-06 
   Momentum: 
      |mRes|_2  = 6.328694314702e-04 
--------------------------------------------------------------------------
Actual time step : 7.06370 [ ] 
--------------------------------------------------------------------------
Performing marker control (updated algorithm)
Marker control [0]: (AVD CELL) injected 1 markers and deleted 0 markers in 2.7243e-04 s
Marker control [0]: (AVD YZED) injected 28 markers and deleted 0 markers in 3.1852e-03 s
Marker control [0]: (AVD XZED) injected 6 markers and deleted 0 markers in 7.4533e-04 s
Marker control [0]: (AVD XYED) injected 5 markers and deleted 0 markers in 9.9285e-04 s
--------------------------------------------------------------------------
Saving output ... done (0.6406 sec)
--------------------------------------------------------------------------
=========================== SOLUTION IS DONE! ============================
--------------------------------------------------------------------------
Total solution time : 11.2321 (sec) 
--------------------------------------------------------------------------
