-------------------------------------------------------------------------- 
                   Lithosphere and Mantle Evolution Model                   
     Compiled: Date: Jan 22 2018 - Time: 16:52:15 	    
-------------------------------------------------------------------------- 
        STAGGERED-GRID FINITE DIFFERENCE CANONICAL IMPLEMENTATION           
-------------------------------------------------------------------------- 
Parsing input file : ../BuildInSetups/FallingBlock_DirectSolver.dat 
   Adding PETSc option: -snes_type ksponly
   Adding PETSc option: -js_ksp_monitor
Finished parsing input file : ../BuildInSetups/FallingBlock_DirectSolver.dat 
--------------------------------------------------------------------------
Time stepping parameters:
   Simulation end time          : 100. [ ] 
   Maximum number of steps      : 3 
   Time step                    : 10. [ ] 
   Minimum time step            : 1e-05 [ ] 
   Maximum time step            : 100. [ ] 
   Time step increase factor    : 0.1 
   CFL criterion                : 0.5 
   CFLMAX (fixed time steps)    : 0.5 
   Output every [n] steps       : 1000 
--------------------------------------------------------------------------
Material parameters: 
   Phase ID : 0
   (dens)   : rho = 1. [ ]  
   (diff)   : eta = 1. [ ]  Bd = 0.5 [ ]  

   Phase ID : 1
   (dens)   : rho = 2. [ ]  
   (diff)   : eta = 100. [ ]  Bd = 0.005 [ ]  

--------------------------------------------------------------------------
Grid parameters:
   Total number of cpu                  : 2 
   Processor grid  [nx, ny, nz]         : [1, 1, 2]
   Fine grid cells [nx, ny, nz]         : [16, 16, 16]
   Number of cells                      :  4096
   Number of faces                      :  13056
   Maximum cell aspect ratio            :  1.00000
   Lower coordinate bounds [bx, by, bz] : [0., 0., 0.]
   Upper coordinate bounds [ex, ey, ez] : [1., 1., 1.]
--------------------------------------------------------------------------
Boundary condition parameters: 
   No-slip boundary mask [lt rt ft bk bm tp]  : 0 0 0 0 0 0 
--------------------------------------------------------------------------
Solution parameters & controls:
   Gravity [gx, gy, gz]                    : [0., 0., -1.] [ ] 
   Surface stabilization (FSSA)            :  1. 
   Use lithostatic pressure for creep      @ 
   Minimum viscosity                       : 0.001 [ ] 
   Maximum viscosity                       : 1e+12 [ ] 
   Ground water level type                 : none 
--------------------------------------------------------------------------
Advection parameters:
   Advection scheme              : Runge-Kutta 2-nd order
   Marker setup scheme           : geometric primitives
   Velocity interpolation scheme : empirical STAGP (STAG + pressure points)
   Marker control type           : pure AVD for all control volumes
   Markers per cell [nx, ny, nz] : [3, 3, 3] 
   Marker distribution type      : random noise
   Background phase ID           : 0 
   Interpolation constant        : 0.7 
--------------------------------------------------------------------------
Reading geometric primitives ... done (0.00353533 sec)
--------------------------------------------------------------------------
Output parameters:
   Output file name                        : FB_direct 
   Write .pvd file                         : yes 
   Phase                                   @ 
   Total effective viscosity               @ 
   Creep effective viscosity               @ 
   Viscoplastic viscosity                  @ 
   Velocity                                @ 
   Pressure                                @ 
--------------------------------------------------------------------------
AVD output parameters:
   Write .pvd file       : yes 
   AVD refinement factor : 3 
--------------------------------------------------------------------------
Preconditioner parameters: 
   Matrix type                   : monolithic
   Penalty parameter (pgamma)    : 1.000000e+05
   Preconditioner type           : user-defined
--------------------------------------------------------------------------
Solver parameters specified: 
   Outermost Krylov solver       : gmres 
   Solver type                   : parallel direct/lu 
   Solver package                : mumps 
--------------------------------------------------------------------------
Saving output ... done (0.0657174 sec)
--------------------------------------------------------------------------
================================= STEP 1 =================================
--------------------------------------------------------------------------
Current time        : 0.00000 [ ] 
Tentative time step : 10.00000 [ ] 
--------------------------------------------------------------------------
  0 SNES Function norm 7.310266752999e+01 
  0 PICARD ||F||/||F0||=1.000000e+00 
    Residual norms for js_ solve.
    0 KSP Residual norm 2.136373621552e+01 
    1 KSP Residual norm 1.870823656058e-04 
  Linear js_ solve converged due to CONVERGED_RTOL iterations 1
  1 SNES Function norm 1.005088439546e-03 
--------------------------------------------------------------------------
SNES Convergence Reason : maximum iterations reached
Number of iterations    : 1
SNES solution time      : 0.755226 (sec)
--------------------------------------------------------------------------
Residual summary: 
   Continuity: 
      |Div|_inf = 5.556758267321e-06 
      |Div|_2   = 2.110468861329e-04 
   Momentum: 
      |mRes|_2  = 9.826810180129e-04 
--------------------------------------------------------------------------
Actual time step : 7.70279 [ ] 
--------------------------------------------------------------------------
Performing marker control (updated algorithm)
Marker control [0]: (AVD YZED) injected 5 markers and deleted 0 markers in 7.1791e-04 s
Marker control [0]: (AVD XZED) injected 4 markers and deleted 0 markers in 7.0415e-04 s
Marker control [0]: (AVD XYED) injected 1 markers and deleted 0 markers in 1.9433e-04 s
--------------------------------------------------------------------------
================================= STEP 2 =================================
--------------------------------------------------------------------------
Current time        : 7.70279 [ ] 
Tentative time step : 7.70279 [ ] 
--------------------------------------------------------------------------
  0 SNES Function norm 1.309391928161e+02 
  0 PICARD ||F||/||F0||=1.000000e+00 
    Residual norms for js_ solve.
    0 KSP Residual norm 1.187616482911e+00 
    1 KSP Residual norm 1.075386742222e-05 
  Linear js_ solve converged due to CONVERGED_RTOL iterations 1
  1 SNES Function norm 2.263673420936e-03 
--------------------------------------------------------------------------
SNES Convergence Reason : maximum iterations reached
Number of iterations    : 1
SNES solution time      : 0.577421 (sec)
--------------------------------------------------------------------------
Residual summary: 
   Continuity: 
      |Div|_inf = 4.487123069254e-07 
      |Div|_2   = 3.386057090210e-06 
   Momentum: 
      |mRes|_2  = 2.263670888462e-03 
--------------------------------------------------------------------------
Actual time step : 8.23501 [ ] 
--------------------------------------------------------------------------
Performing marker control (updated algorithm)
Marker control [0]: (AVD YZED) injected 6 markers and deleted 0 markers in 1.1041e-03 s
Marker control [0]: (AVD XYED) injected 4 markers and deleted 0 markers in 7.2264e-04 s
--------------------------------------------------------------------------
================================= STEP 3 =================================
--------------------------------------------------------------------------
Current time        : 15.93780 [ ] 
Tentative time step : 8.23501 [ ] 
--------------------------------------------------------------------------
  0 SNES Function norm 4.891019751180e+01 
  0 PICARD ||F||/||F0||=1.000000e+00 
    Residual norms for js_ solve.
    0 KSP Residual norm 9.888679320560e-01 
    1 KSP Residual norm 1.004441821415e-05 
    2 KSP Residual norm 2.095026626725e-10 
  Linear js_ solve converged due to CONVERGED_RTOL iterations 2
  1 SNES Function norm 1.673805646373e-08 
--------------------------------------------------------------------------
SNES Convergence Reason : maximum iterations reached
Number of iterations    : 1
SNES solution time      : 0.591463 (sec)
--------------------------------------------------------------------------
Residual summary: 
   Continuity: 
      |Div|_inf = 1.075179528742e-11 
      |Div|_2   = 5.246965757878e-11 
   Momentum: 
      |mRes|_2  = 1.673797422385e-08 
--------------------------------------------------------------------------
Actual time step : 8.52236 [ ] 
--------------------------------------------------------------------------
Performing marker control (updated algorithm)
Marker control [0]: (AVD XYED) injected 1 markers and deleted 0 markers in 1.8553e-04 s
--------------------------------------------------------------------------
=========================== SOLUTION IS DONE! ============================
--------------------------------------------------------------------------
Total solution time : 2.17026 (sec) 
--------------------------------------------------------------------------
