-------------------------------------------------------------------------- 
                   Lithosphere and Mantle Evolution Model                   
     Compiled: Date: Jan 11 2019 - Time: 16:03:49 	    
-------------------------------------------------------------------------- 
        STAGGERED-GRID FINITE DIFFERENCE CANONICAL IMPLEMENTATION           
-------------------------------------------------------------------------- 
Parsing input file : ../BuildInSetups/FallingBlock_IterativeSolver.dat 
   Adding PETSc option: -snes_type ksponly
   Adding PETSc option: -js_ksp_monitor
   Adding PETSc option: -js_pc_type bjacobi
Finished parsing input file : ../BuildInSetups/FallingBlock_IterativeSolver.dat 
--------------------------------------------------------------------------
Time stepping parameters:
   Simulation end time          : 100. [ ] 
   Maximum number of steps      : 3 
   Time step                    : 10. [ ] 
   Minimum time step            : 1e-05 [ ] 
   Maximum time step            : 100. [ ] 
   Time step increase factor    : 0.1 
   CFL criterion                : 0.5 
   CFLMAX (fixed time steps)    : 0.5 
   Output time step             : 0.2 [ ] 
   Output every [n] steps       : 1000 
   Output [n] initial steps     : 1 
--------------------------------------------------------------------------
Material parameters: 
   Phase ID : 0
   (dens)   : rho = 1. [ ]  
   (diff)   : eta = 1. [ ]  Bd = 0.5 [ ]  

   Phase ID : 1
   (dens)   : rho = 2. [ ]  
   (diff)   : eta = 100. [ ]  Bd = 0.005 [ ]  

--------------------------------------------------------------------------
Grid parameters:
   Total number of cpu                  : 2 
   Processor grid  [nx, ny, nz]         : [1, 1, 2]
   Fine grid cells [nx, ny, nz]         : [16, 16, 16]
   Number of cells                      :  4096
   Number of faces                      :  13056
   Maximum cell aspect ratio            :  1.00000
   Lower coordinate bounds [bx, by, bz] : [0., 0., 0.]
   Upper coordinate bounds [ex, ey, ez] : [1., 1., 1.]
--------------------------------------------------------------------------
Boundary condition parameters: 
   No-slip boundary mask [lt rt ft bk bm tp]  : 0 0 0 0 0 0 
--------------------------------------------------------------------------
Solution parameters & controls:
   Gravity [gx, gy, gz]                    : [0., 0., -1.] [ ] 
   Surface stabilization (FSSA)            :  1. 
   Use lithostatic pressure for creep      @ 
   Minimum viscosity                       : 0.001 [ ] 
   Maximum viscosity                       : 1e+12 [ ] 
   Ground water level type                 : none 
--------------------------------------------------------------------------
Advection parameters:
   Advection scheme              : Runge-Kutta 2-nd order
   Marker setup scheme           : geometric primitives
   Velocity interpolation scheme : empirical STAGP (STAG + pressure points)
   Marker control type           : pure AVD for all control volumes
   Markers per cell [nx, ny, nz] : [3, 3, 3] 
   Marker distribution type      : random noise
   Background phase ID           : 0 
   Interpolation constant        : 0.7 
--------------------------------------------------------------------------
Reading geometric primitives ... done (0.00101037 sec)
--------------------------------------------------------------------------
Output parameters:
   Output file name                        : FB_iterative 
   Write .pvd file                         : yes 
   Phase                                   @ 
   Total effective viscosity               @ 
   Creep effective viscosity               @ 
   Viscoplastic viscosity                  @ 
   Velocity                                @ 
   Pressure                                @ 
--------------------------------------------------------------------------
AVD output parameters:
   Write .pvd file       : yes 
   AVD refinement factor : 3 
--------------------------------------------------------------------------
Preconditioner parameters: 
   Matrix type                   : monolithic
   Preconditioner type           : user-defined
--------------------------------------------------------------------------
Solver parameters specified: 
   Outermost Krylov solver       : gmres 
   Solver type                   : parallel direct/lu 
   Solver package                : superlu_dist 
--------------------------------------------------------------------------
Saving output ... done (0.0654484 sec)
--------------------------------------------------------------------------
================================= STEP 1 =================================
--------------------------------------------------------------------------
Current time        : 0.00000 [ ] 
Tentative time step : 10.00000 [ ] 
--------------------------------------------------------------------------
  0 SNES Function norm 7.310266752999e+01 
  0 PICARD ||F||/||F0||=1.000000e+00 
    Residual norms for js_ solve.
    0 KSP Residual norm 1.093293913753e+01 
    1 KSP Residual norm 5.427479858269e+00 
    2 KSP Residual norm 6.246463037737e-01 
    3 KSP Residual norm 2.203189218450e-01 
    4 KSP Residual norm 9.985759926382e-02 
    5 KSP Residual norm 3.957191378422e-02 
    6 KSP Residual norm 1.459832460267e-02 
    7 KSP Residual norm 4.931644376581e-03 
    8 KSP Residual norm 2.285079007850e-03 
    9 KSP Residual norm 6.761498122306e-04 
   10 KSP Residual norm 3.608538103404e-04 
   11 KSP Residual norm 9.722898474848e-05 
  Linear js_ solve converged due to CONVERGED_RTOL iterations 11
  1 SNES Function norm 9.079459704942e-05 
--------------------------------------------------------------------------
SNES Convergence Reason : maximum iterations reached
Number of iterations    : 1
SNES solution time      : 0.546589 (sec)
--------------------------------------------------------------------------
Residual summary: 
   Continuity: 
      |Div|_inf = 1.205689591179e-05 
      |Div|_2   = 8.427109765028e-05 
   Momentum: 
      |mRes|_2  = 3.379409643982e-05 
--------------------------------------------------------------------------
Actual time step : 7.70002 [ ] 
--------------------------------------------------------------------------
Performing marker control (updated algorithm)
Marker control [0]: (AVD YZED) injected 5 markers and deleted 0 markers in 7.7439e-04 s
Marker control [0]: (AVD XZED) injected 4 markers and deleted 0 markers in 7.2830e-04 s
Marker control [0]: (AVD XYED) injected 1 markers and deleted 0 markers in 1.9765e-04 s
--------------------------------------------------------------------------
Saving output ... done (0.0745985 sec)
--------------------------------------------------------------------------
================================= STEP 2 =================================
--------------------------------------------------------------------------
Current time        : 7.70002 [ ] 
Tentative time step : 7.70002 [ ] 
--------------------------------------------------------------------------
  0 SNES Function norm 1.308601963384e+02 
  0 PICARD ||F||/||F0||=1.000000e+00 
    Residual norms for js_ solve.
    0 KSP Residual norm 5.693027631938e-01 
    1 KSP Residual norm 1.875850734555e-01 
    2 KSP Residual norm 4.793225467212e-02 
    3 KSP Residual norm 2.458093234923e-02 
    4 KSP Residual norm 1.374774822826e-02 
    5 KSP Residual norm 4.505098195963e-03 
    6 KSP Residual norm 1.827853744458e-03 
    7 KSP Residual norm 5.396672624806e-04 
    8 KSP Residual norm 2.723241576773e-04 
    9 KSP Residual norm 1.247064648060e-04 
   10 KSP Residual norm 4.115141517111e-05 
   11 KSP Residual norm 1.980115964448e-05 
   12 KSP Residual norm 6.499611226783e-06 
   13 KSP Residual norm 3.052014978876e-06 
  Linear js_ solve converged due to CONVERGED_RTOL iterations 13
  1 SNES Function norm 5.228436361498e-03 
--------------------------------------------------------------------------
SNES Convergence Reason : maximum iterations reached
Number of iterations    : 1
SNES solution time      : 0.548236 (sec)
--------------------------------------------------------------------------
Residual summary: 
   Continuity: 
      |Div|_inf = 7.128602053531e-07 
      |Div|_2   = 6.034056928558e-06 
   Momentum: 
      |mRes|_2  = 5.228432879591e-03 
--------------------------------------------------------------------------
Actual time step : 8.23471 [ ] 
--------------------------------------------------------------------------
Performing marker control (updated algorithm)
Marker control [0]: (AVD YZED) injected 6 markers and deleted 0 markers in 9.3007e-04 s
Marker control [0]: (AVD XYED) injected 4 markers and deleted 0 markers in 7.4360e-04 s
--------------------------------------------------------------------------
Saving output ... done (0.0758815 sec)
--------------------------------------------------------------------------
================================= STEP 3 =================================
--------------------------------------------------------------------------
Current time        : 15.93473 [ ] 
Tentative time step : 8.23471 [ ] 
--------------------------------------------------------------------------
  0 SNES Function norm 4.891235400220e+01 
  0 PICARD ||F||/||F0||=1.000000e+00 
    Residual norms for js_ solve.
    0 KSP Residual norm 5.368376000071e-01 
    1 KSP Residual norm 1.718877241525e-01 
    2 KSP Residual norm 5.025431126689e-02 
    3 KSP Residual norm 2.205931859790e-02 
    4 KSP Residual norm 1.236027772529e-02 
    5 KSP Residual norm 2.978555938848e-03 
    6 KSP Residual norm 1.220124152008e-03 
    7 KSP Residual norm 4.132707067915e-04 
    8 KSP Residual norm 1.800553758446e-04 
    9 KSP Residual norm 7.706241718353e-05 
   10 KSP Residual norm 3.178145081503e-05 
   11 KSP Residual norm 1.396780202999e-05 
   12 KSP Residual norm 5.538712202077e-06 
   13 KSP Residual norm 2.361174520655e-06 
  Linear js_ solve converged due to CONVERGED_RTOL iterations 13
  1 SNES Function norm 6.811553244768e-04 
--------------------------------------------------------------------------
SNES Convergence Reason : maximum iterations reached
Number of iterations    : 1
SNES solution time      : 0.533466 (sec)
--------------------------------------------------------------------------
Residual summary: 
   Continuity: 
      |Div|_inf = 4.635822940732e-07 
      |Div|_2   = 2.897826044716e-06 
   Momentum: 
      |mRes|_2  = 6.811491603660e-04 
--------------------------------------------------------------------------
Actual time step : 8.52209 [ ] 
--------------------------------------------------------------------------
Performing marker control (updated algorithm)
Marker control [0]: (AVD XYED) injected 1 markers and deleted 0 markers in 1.9008e-04 s
--------------------------------------------------------------------------
Saving output ... done (0.0742996 sec)
--------------------------------------------------------------------------
=========================== SOLUTION IS DONE! ============================
--------------------------------------------------------------------------
Total solution time : 2.0974 (sec) 
--------------------------------------------------------------------------
