-------------------------------------------------------------------------- 
                   Lithosphere and Mantle Evolution Model                   
     Compiled: Date: Jan 11 2019 - Time: 16:03:49 	    
-------------------------------------------------------------------------- 
        STAGGERED-GRID FINITE DIFFERENCE CANONICAL IMPLEMENTATION           
-------------------------------------------------------------------------- 
Parsing input file : ../BuildInSetups/Subduction3D_DoubleSubduction_FreeSlip_Multigrid.dat 
   Adding PETSc option: -snes_type ksponly
   Adding PETSc option: -js_ksp_monitor
   Adding PETSc option: -js_ksp_rtol 1e-3
   Adding PETSc option: -js_ksp_atol 1e-4
Finished parsing input file : ../BuildInSetups/Subduction3D_DoubleSubduction_FreeSlip_Multigrid.dat 
--------------------------------------------------------------------------
Scaling parameters:
   Temperature : 1000. [C/K] 
   Length      : 1000. [m] 
   Viscosity   : 1e+20 [Pa*s] 
   Stress      : 1e+09 [Pa] 
--------------------------------------------------------------------------
Time stepping parameters:
   Simulation end time          : 100. [Myr] 
   Maximum number of steps      : 3 
   Time step                    : 0.1 [Myr] 
   Minimum time step            : 1e-05 [Myr] 
   Maximum time step            : 100. [Myr] 
   Time step increase factor    : 0.1 
   CFL criterion                : 0.5 
   CFLMAX (fixed time steps)    : 0.5 
   Output every [n] steps       : 5 
--------------------------------------------------------------------------
Material parameters: 
   Phase ID : 0
   (dens)   : rho = 3300. [kg/m^3]  
   (diff)   : eta = 2.8e+20 [Pa*s]  Bd = 1.78571e-21 [1/Pa/s]  

   Phase ID : 1
   (dens)   : rho = 3385. [kg/m^3]  
   (diff)   : eta = 1.4e+23 [Pa*s]  Bd = 3.57143e-24 [1/Pa/s]  

   Phase ID : 2
   (dens)   : rho = 3385. [kg/m^3]  
   (diff)   : eta = 1.4e+20 [Pa*s]  Bd = 3.57143e-21 [1/Pa/s]  

   Phase ID : 3
   (dens)   : rho = 3385. [kg/m^3]  
   (diff)   : eta = 1.4e+23 [Pa*s]  Bd = 3.57143e-24 [1/Pa/s]  

   Phase ID : 4
   (dens)   : rho = 3385. [kg/m^3]  
   (diff)   : eta = 1.4e+20 [Pa*s]  Bd = 3.57143e-21 [1/Pa/s]  

   Phase ID : 5
   (dens)   : rho = 3385. [kg/m^3]  
   (diff)   : eta = 1.4e+23 [Pa*s]  Bd = 3.57143e-24 [1/Pa/s]  

   Phase ID : 6
   (dens)   : rho = 3385. [kg/m^3]  
   (diff)   : eta = 1.4e+23 [Pa*s]  Bd = 3.57143e-24 [1/Pa/s]  

--------------------------------------------------------------------------
Grid parameters:
   Total number of cpu                  : 2 
   Processor grid  [nx, ny, nz]         : [2, 1, 1]
   Fine grid cells [nx, ny, nz]         : [64, 32, 16]
   Number of cells                      :  32768
   Number of faces                      :  101888
   Maximum cell aspect ratio            :  3.00000
   Lower coordinate bounds [bx, by, bz] : [-3960., 0., -660.]
   Upper coordinate bounds [ex, ey, ez] : [3960., 2640., 0.]
--------------------------------------------------------------------------
Boundary condition parameters: 
   No-slip boundary mask [lt rt ft bk bm tp]  : 0 0 0 0 1 0 
--------------------------------------------------------------------------
Solution parameters & controls:
   Gravity [gx, gy, gz]                    : [0., 0., -9.81] [m/s^2] 
   Surface stabilization (FSSA)            :  1. 
   Use lithostatic pressure for creep      @ 
   Minimum viscosity                       : 1e+18 [Pa*s] 
   Maximum viscosity                       : 1e+23 [Pa*s] 
   Reference viscosity (initial guess)     : 1e+20 [Pa*s] 
   Ground water level type                 : none 
--------------------------------------------------------------------------
Advection parameters:
   Advection scheme              : Runge-Kutta 2-nd order
   Marker setup scheme           : geometric primitives
   Velocity interpolation scheme : empirical STAGP (STAG + pressure points)
   Marker control type           : AVD for cells + corner insertion
   Markers per cell [nx, ny, nz] : [3, 3, 3] 
   Marker distribution type      : uniform
   Background phase ID           : 0 
   Interpolation constant        : 0.7 
--------------------------------------------------------------------------
Reading geometric primitives ... done (0.0151918 sec)
--------------------------------------------------------------------------
Output parameters:
   Output file name                        : DoubleSubduction_3D 
   Write .pvd file                         : yes 
   Phase                                   @ 
   Density                                 @ 
   Total effective viscosity               @ 
   Creep effective viscosity               @ 
   Viscoplastic viscosity                  @ 
   Velocity                                @ 
   Pressure                                @ 
   Temperature                             @ 
   Deviatoric stress tensor                @ 
   Deviatoric stress second invariant      @ 
   Deviatoric strain rate tensor           @ 
   Deviatoric strain rate second invariant @ 
   Yield stress                            @ 
   Accumulated Plastic Strain (APS)        @ 
   Plastic dissipation                     @ 
   Total displacements                     @ 
   Momentum residual                       @ 
   Continuity residual                     @ 
--------------------------------------------------------------------------
AVD output parameters:
   Write .pvd file       : yes 
   AVD refinement factor : 3 
--------------------------------------------------------------------------
Preconditioner parameters: 
   Matrix type                   : monolithic
   Preconditioner type           : coupled Galerkin geometric multigrid
   Global coarse grid [nx,ny,nz] : [16, 8, 4]
   Local coarse grid  [nx,ny,nz] : [8, 8, 4]
   Number of multigrid levels    :  3
--------------------------------------------------------------------------
Solver parameters specified: 
   Outermost Krylov solver       : gmres 
   Solver type                   : multigrid 
   Multigrid smoother levels KSP : chebyshev 
   Multigrid smoother levels PC  : sor 
   Number of smoothening steps   : 5 
   Coarse level KSP              : preonly 
   Coarse level PC               : lu 
   Coarse level solver package   : (null) 
--------------------------------------------------------------------------
Saving output ... done (0.564189 sec)
--------------------------------------------------------------------------
================================= STEP 1 =================================
--------------------------------------------------------------------------
Current time        : 0.00000 [Myr] 
Tentative time step : 0.10000 [Myr] 
--------------------------------------------------------------------------
  0 SNES Function norm 5.685421586993e+00 
  0 PICARD ||F||/||F0||=1.000000e+00 
    Residual norms for js_ solve.
    0 KSP Residual norm 2.753495213955e+04 
    1 KSP Residual norm 8.571678069476e+02 
    2 KSP Residual norm 5.886357187169e+02 
    3 KSP Residual norm 2.848141532833e+02 
    4 KSP Residual norm 1.952550027193e+02 
    5 KSP Residual norm 1.467531021352e+02 
    6 KSP Residual norm 9.444102276822e+01 
    7 KSP Residual norm 7.369467011791e+01 
    8 KSP Residual norm 5.228281975865e+01 
    9 KSP Residual norm 4.687895257333e+01 
   10 KSP Residual norm 3.387334574990e+01 
   11 KSP Residual norm 2.430999241755e+01 
  Linear js_ solve converged due to CONVERGED_RTOL iterations 11
  1 SNES Function norm 3.988299839021e+00 
--------------------------------------------------------------------------
SNES Convergence Reason : maximum iterations reached
Number of iterations    : 1
SNES solution time      : 1.37397 (sec)
--------------------------------------------------------------------------
Residual summary: 
   Continuity: 
      |Div|_inf = 8.986888367529e-02 
      |Div|_2   = 3.986337062749e+00 
   Momentum: 
      |mRes|_2  = 1.251096642511e-01 
--------------------------------------------------------------------------
Actual time step : 0.00813 [Myr] 
--------------------------------------------------------------------------
Performing marker control (standard algorithm)
--------------------------------------------------------------------------
================================= STEP 2 =================================
--------------------------------------------------------------------------
Current time        : 0.00813 [Myr] 
Tentative time step : 0.00813 [Myr] 
--------------------------------------------------------------------------
  0 SNES Function norm 4.067289400951e+00 
  0 PICARD ||F||/||F0||=1.000000e+00 
    Residual norms for js_ solve.
    0 KSP Residual norm 3.253066595377e+01 
    1 KSP Residual norm 3.245585249165e+01 
    2 KSP Residual norm 2.838498586954e+01 
    3 KSP Residual norm 2.498794250894e+01 
    4 KSP Residual norm 2.358856249346e+01 
    5 KSP Residual norm 2.225467271308e+01 
    6 KSP Residual norm 1.553620325045e+01 
    7 KSP Residual norm 1.336338700514e+01 
    8 KSP Residual norm 1.215934735945e+01 
    9 KSP Residual norm 1.069143583735e+01 
   10 KSP Residual norm 6.685947343390e+00 
   11 KSP Residual norm 6.000813882517e+00 
   12 KSP Residual norm 5.865184002237e+00 
   13 KSP Residual norm 5.075601038041e+00 
   14 KSP Residual norm 4.176405843742e+00 
   15 KSP Residual norm 3.920655406671e+00 
   16 KSP Residual norm 2.988805544447e+00 
   17 KSP Residual norm 2.668262992210e+00 
   18 KSP Residual norm 2.275840030120e+00 
   19 KSP Residual norm 2.187083215610e+00 
   20 KSP Residual norm 1.776217638569e+00 
   21 KSP Residual norm 1.593961868468e+00 
   22 KSP Residual norm 1.453147791829e+00 
   23 KSP Residual norm 1.163092354635e+00 
   24 KSP Residual norm 9.664068609367e-01 
   25 KSP Residual norm 7.478151398391e-01 
   26 KSP Residual norm 5.978906969593e-01 
   27 KSP Residual norm 3.796284286898e-01 
   28 KSP Residual norm 2.728632967839e-01 
   29 KSP Residual norm 2.076832525061e-01 
   30 KSP Residual norm 1.409688643815e-01 
   31 KSP Residual norm 1.400491113949e-01 
   32 KSP Residual norm 1.369757607849e-01 
   33 KSP Residual norm 1.032436844600e-01 
   34 KSP Residual norm 9.577926835570e-02 
   35 KSP Residual norm 7.399398771876e-02 
   36 KSP Residual norm 6.110643749471e-02 
   37 KSP Residual norm 5.626807208041e-02 
   38 KSP Residual norm 5.221088446820e-02 
   39 KSP Residual norm 4.682649396485e-02 
   40 KSP Residual norm 4.137449103316e-02 
   41 KSP Residual norm 3.196468422642e-02 
  Linear js_ solve converged due to CONVERGED_RTOL iterations 41
  1 SNES Function norm 1.210198043890e-03 
--------------------------------------------------------------------------
SNES Convergence Reason : maximum iterations reached
Number of iterations    : 1
SNES solution time      : 2.47277 (sec)
--------------------------------------------------------------------------
Residual summary: 
   Continuity: 
      |Div|_inf = 2.734903308772e-04 
      |Div|_2   = 1.206150898397e-03 
   Momentum: 
      |mRes|_2  = 9.889042284298e-05 
--------------------------------------------------------------------------
Actual time step : 0.00894 [Myr] 
--------------------------------------------------------------------------
Performing marker control (standard algorithm)
--------------------------------------------------------------------------
================================= STEP 3 =================================
--------------------------------------------------------------------------
Current time        : 0.01707 [Myr] 
Tentative time step : 0.00894 [Myr] 
--------------------------------------------------------------------------
  0 SNES Function norm 1.210338826276e-03 
  0 PICARD ||F||/||F0||=1.000000e+00 
    Residual norms for js_ solve.
    0 KSP Residual norm 3.195684667173e-02 
    1 KSP Residual norm 3.184372129009e-02 
    2 KSP Residual norm 3.077685649935e-02 
    3 KSP Residual norm 2.647628774976e-02 
    4 KSP Residual norm 2.463609297700e-02 
    5 KSP Residual norm 2.387032146347e-02 
    6 KSP Residual norm 2.190578828047e-02 
    7 KSP Residual norm 1.945703503443e-02 
    8 KSP Residual norm 1.879844221598e-02 
    9 KSP Residual norm 1.520900173034e-02 
   10 KSP Residual norm 1.241413923459e-02 
   11 KSP Residual norm 1.156385980683e-02 
   12 KSP Residual norm 8.662843598801e-03 
   13 KSP Residual norm 8.478015186068e-03 
   14 KSP Residual norm 7.242743056016e-03 
   15 KSP Residual norm 7.215618788134e-03 
   16 KSP Residual norm 7.042518904527e-03 
   17 KSP Residual norm 5.715873757493e-03 
   18 KSP Residual norm 4.908590464944e-03 
   19 KSP Residual norm 4.681174052153e-03 
   20 KSP Residual norm 3.590062661338e-03 
   21 KSP Residual norm 3.165585190063e-03 
   22 KSP Residual norm 2.480884773025e-03 
   23 KSP Residual norm 2.148306886943e-03 
   24 KSP Residual norm 1.776284774353e-03 
   25 KSP Residual norm 1.427769673908e-03 
   26 KSP Residual norm 1.257831685750e-03 
   27 KSP Residual norm 1.009117062106e-03 
   28 KSP Residual norm 8.659544192636e-04 
   29 KSP Residual norm 7.670932439057e-04 
   30 KSP Residual norm 5.838567005761e-04 
   31 KSP Residual norm 5.809366408968e-04 
   32 KSP Residual norm 5.702259697020e-04 
   33 KSP Residual norm 4.759975695915e-04 
   34 KSP Residual norm 4.441470014116e-04 
   35 KSP Residual norm 4.355613751396e-04 
   36 KSP Residual norm 3.950643168165e-04 
   37 KSP Residual norm 3.802605236428e-04 
   38 KSP Residual norm 3.694564119498e-04 
   39 KSP Residual norm 3.501913914677e-04 
   40 KSP Residual norm 3.176715600702e-04 
   41 KSP Residual norm 2.707699943403e-04 
   42 KSP Residual norm 2.606447620182e-04 
   43 KSP Residual norm 2.445410624784e-04 
   44 KSP Residual norm 2.134378737962e-04 
   45 KSP Residual norm 1.991984502524e-04 
   46 KSP Residual norm 1.807724666111e-04 
   47 KSP Residual norm 1.486839532566e-04 
   48 KSP Residual norm 1.345618878481e-04 
   49 KSP Residual norm 1.058056271126e-04 
   50 KSP Residual norm 8.445650099338e-05 
  Linear js_ solve converged due to CONVERGED_ATOL iterations 50
  1 SNES Function norm 3.021921564847e-06 
--------------------------------------------------------------------------
SNES Convergence Reason : maximum iterations reached
Number of iterations    : 1
SNES solution time      : 2.84136 (sec)
--------------------------------------------------------------------------
Residual summary: 
   Continuity: 
      |Div|_inf = 1.449429610322e-06 
      |Div|_2   = 2.998851897313e-06 
   Momentum: 
      |mRes|_2  = 3.726892030445e-07 
--------------------------------------------------------------------------
Actual time step : 0.00983 [Myr] 
--------------------------------------------------------------------------
Performing marker control (standard algorithm)
--------------------------------------------------------------------------
=========================== SOLUTION IS DONE! ============================
--------------------------------------------------------------------------
Total solution time : 8.63478 (sec) 
--------------------------------------------------------------------------
