-------------------------------------------------------------------------- 
                   Lithosphere and Mantle Evolution Model                   
     Compiled: Date: Oct  2 2024 - Time: 12:03:10 	    
     Version : 2.1.4 
-------------------------------------------------------------------------- 
        STAGGERED-GRID FINITE DIFFERENCE CANONICAL IMPLEMENTATION           
-------------------------------------------------------------------------- 
Parsing input file : Rheology_VE_0D.dat 
   Adding PETSc option: -snes_monitor
   Adding PETSc option: -snes_atol 1e-7
   Adding PETSc option: -snes_rtol 1e-4
   Adding PETSc option: -snes_stol 1e-6
   Adding PETSc option: -snes_max_it 100
   Adding PETSc option: -snes_max_funcs 50000
   Adding PETSc option: -js_ksp_atol 1e-10
   Adding PETSc option: -res_log
   Adding PETSc option: -snes_linesearch_max_it 50
   Adding PETSc option: -snes_linesearch_type l2
   Adding PETSc option: -snes_linesearch_maxstep 1.0
   Adding PETSc option: -js_ksp_monitor
Finished parsing input file 
--------------------------------------------------------------------------
Scaling parameters:
   Temperature : 1. [C/K] 
   Length      : 100. [m] 
   Viscosity   : 1e+18 [Pa*s] 
   Stress      : 4e+07 [Pa] 
--------------------------------------------------------------------------
Time stepping parameters:
   Simulation end time          : 1. [Myr] 
   Maximum number of steps      : 20 
   Time step                    : 0.002 [Myr] 
   Minimum time step            : 0.002 [Myr] 
   Maximum time step            : 0.002 [Myr] 
   Time step increase factor    : 0.1 
   CFL criterion                : 0.5 
   CFLMAX (fixed time steps)    : 0.8 
   Output time step             : 0.1 [Myr] 
   Output every [n] steps       : 1 
   Output [n] initial steps     : 1 
--------------------------------------------------------------------------
Grid parameters:
   Total number of cpu                  : 1 
   Processor grid  [nx, ny, nz]         : [1, 1, 1]
   Fine grid cells [nx, ny, nz]         : [8, 2, 8]
   Number of cells                      :  128
   Number of faces                      :  480
   Maximum cell aspect ratio            :  6.25000
   Lower coordinate bounds [bx, by, bz] : [-2.5, -0.1, -2.5]
   Upper coordinate bounds [ex, ey, ez] : [2.5, 0.1, 2.5]
--------------------------------------------------------------------------
--------------------------------------------------------------------------
Material parameters: 
--------------------------------------------------------------------------
   Phase ID : 0   
   (dens)   : rho = 1000. [kg/m^3]  
   (elast)  : G = 5e+10 [Pa]  Vs = 7071.07 [m/s]  
   (diff)   : eta = 1e+22 [Pa*s]  Bd = 5e-23 [1/Pa/s]  
   (temp)   : Cp = 1000. [J/kg/K]  k = 2.5 [W/m/k]  

--------------------------------------------------------------------------
--------------------------------------------------------------------------
Boundary condition parameters: 
   No-slip boundary mask [lt rt ft bk bm tp]  : 0 0 0 0 0 0 
   Number of x-background strain rate periods : 1 
   Top boundary temperature                   : 100. [C] 
   Bottom boundary temperature                : 100. [C] 
--------------------------------------------------------------------------
Solution parameters & controls:
   Surface stabilization (FSSA)            :  1. 
   Compute initial guess                   @ 
   Use lithostatic pressure for creep      @ 
   Use lithostatic pressure for plasticity @ 
   Limit pressure at first iteration       @ 
   Minimum viscosity                       : 1e+18 [Pa*s] 
   Maximum viscosity                       : 1e+25 [Pa*s] 
   Reference viscosity (initial guess)     : 1e+20 [Pa*s] 
   Ultimate yield stress                   : 1e+09 [Pa] 
   Max. melt fraction (viscosity, density) : 1.    
   Rheology iteration number               : 25  
   Rheology iteration tolerance            : 1e-06    
   Ground water level type                 : none 
--------------------------------------------------------------------------
Advection parameters:
   Advection scheme              : Euler 1-st order (basic implementation)
   Periodic marker advection     : 0 0 0 
   Marker setup scheme           : geometric primitives
   Velocity interpolation scheme : STAG (linear)
   Marker control type           : no marker control
   Markers per cell [nx, ny, nz] : [3, 3, 3] 
   Marker distribution type      : uniform
   Background phase ID           : 0 
--------------------------------------------------------------------------
Reading geometric primitives ... done (0.000138763 sec)
--------------------------------------------------------------------------
Output parameters:
   Output file name                        : Rheolog0D_VE 
   Write .pvd file                         : yes 
   Phase                                   @ 
   Density                                 @ 
   Total effective viscosity               @ 
   Creep effective viscosity               @ 
   Velocity                                @ 
   Pressure                                @ 
   Overpressure                            @ 
   Lithostatic pressure                    @ 
   Pore pressure                           @ 
   Temperature                             @ 
   Deviatoric stress tensor                @ 
   Deviatoric stress second invariant      @ 
   Deviatoric strain rate tensor           @ 
   Deviatoric strain rate second invariant @ 
   Maximum horizontal stress               @ 
   Maximum horizontal extension            @ 
   Yield stress                            @ 
   Accumulated Plastic Strain (APS)        @ 
   Plastic dissipation                     @ 
   Total displacements                     @ 
   Momentum residual                       @ 
   Continuity residual                     @ 
--------------------------------------------------------------------------
Preconditioner parameters: 
   Matrix type                   : monolithic
   Penalty parameter (pgamma)    : 1.000000e+04
   Schur preconditioner type     : inv_eta 
   Preconditioner type           : user-defined
--------------------------------------------------------------------------
Solver parameters specified: 
   Outermost Krylov solver       : gmres 
   Solver type                   : serial direct/lu 
   Solver package                : petsc 
--------------------------------------------------------------------------
============================== INITIAL GUESS =============================
--------------------------------------------------------------------------
  0 SNES Function norm 1.708072337786e-02 
  0 PICARD ||F||/||F0||=1.000000e+00 
    Residual norms for js_ solve.
    0 KSP Residual norm 4.677071733467e-03 
    1 KSP Residual norm 1.953375772864e-13 
  Linear js_ solve converged due to CONVERGED_ATOL iterations 1
  1 SNES Function norm 2.241189303073e-13 
--------------------------------------------------------------------------
SNES Convergence Reason : ||F|| < atol 
Number of iterations    : 1
SNES solution time      : 0.00341726 (sec)
--------------------------------------------------------------------------
Residual summary: 
   Continuity: 
      |Div|_inf = 4.743384504624e-20 
      |Div|_2   = 2.089408983088e-19 
   Momentum: 
      |mRes|_2  = 2.241189303072e-13 
--------------------------------------------------------------------------
Saving output ... done (0.000512991 sec)
--------------------------------------------------------------------------
================================= STEP 1 =================================
--------------------------------------------------------------------------
Current time        : 0.00000000 [Myr] 
Tentative time step : 0.00200000 [Myr] 
--------------------------------------------------------------------------
  0 SNES Function norm 1.074094819000e-12 
  0 PICARD ||F||/||F0||=1.000000e+00 
    Residual norms for js_ solve.
    0 KSP Residual norm 2.323348036030e-13 
  Linear js_ solve converged due to CONVERGED_ATOL iterations 0
  1 SNES Function norm 1.074094819000e-12 
--------------------------------------------------------------------------
SNES Convergence Reason : ||F|| < atol 
Number of iterations    : 1
SNES solution time      : 0.00218073 (sec)
--------------------------------------------------------------------------
Residual summary: 
   Continuity: 
      |Div|_inf = 4.743384504624e-20 
      |Div|_2   = 2.089408983088e-19 
   Momentum: 
      |mRes|_2  = 1.074094819000e-12 
--------------------------------------------------------------------------
Actual time step : 0.00200 [Myr] 
--------------------------------------------------------------------------
Saving output ... done (0.000425589 sec)
--------------------------------------------------------------------------
================================= STEP 2 =================================
--------------------------------------------------------------------------
Current time        : 0.00200000 [Myr] 
Tentative time step : 0.00200000 [Myr] 
--------------------------------------------------------------------------
  0 SNES Function norm 2.584331459429e-05 
  0 PICARD ||F||/||F0||=1.000000e+00 
    Residual norms for js_ solve.
    0 KSP Residual norm 2.951943178730e-07 
    1 KSP Residual norm 7.903332860157e-13 
  Linear js_ solve converged due to CONVERGED_ATOL iterations 1
  1 SNES Function norm 6.741904288840e-16 
--------------------------------------------------------------------------
SNES Convergence Reason : ||F|| < atol 
Number of iterations    : 1
SNES solution time      : 0.00319267 (sec)
--------------------------------------------------------------------------
Residual summary: 
   Continuity: 
      |Div|_inf = 1.355252715607e-20 
      |Div|_2   = 6.446360369347e-20 
   Momentum: 
      |mRes|_2  = 6.741904258021e-16 
--------------------------------------------------------------------------
Actual time step : 0.00200 [Myr] 
--------------------------------------------------------------------------
Saving output ... done (0.000416089 sec)
--------------------------------------------------------------------------
================================= STEP 3 =================================
--------------------------------------------------------------------------
Current time        : 0.00400000 [Myr] 
Tentative time step : 0.00200000 [Myr] 
--------------------------------------------------------------------------
  0 SNES Function norm 2.584331516999e-05 
  0 PICARD ||F||/||F0||=1.000000e+00 
    Residual norms for js_ solve.
    0 KSP Residual norm 2.951943184600e-07 
    1 KSP Residual norm 4.525609514560e-13 
  Linear js_ solve converged due to CONVERGED_ATOL iterations 1
  1 SNES Function norm 7.509702290143e-16 
--------------------------------------------------------------------------
SNES Convergence Reason : ||F|| < atol 
Number of iterations    : 1
SNES solution time      : 0.00558158 (sec)
--------------------------------------------------------------------------
Residual summary: 
   Continuity: 
      |Div|_inf = 1.355252715607e-20 
      |Div|_2   = 5.699719884862e-20 
   Momentum: 
      |mRes|_2  = 7.509702268513e-16 
--------------------------------------------------------------------------
Actual time step : 0.00200 [Myr] 
--------------------------------------------------------------------------
Saving output ... done (0.000413429 sec)
--------------------------------------------------------------------------
================================= STEP 4 =================================
--------------------------------------------------------------------------
Current time        : 0.00600000 [Myr] 
Tentative time step : 0.00200000 [Myr] 
--------------------------------------------------------------------------
  0 SNES Function norm 2.584331594001e-05 
  0 PICARD ||F||/||F0||=1.000000e+00 
    Residual norms for js_ solve.
    0 KSP Residual norm 2.951943214072e-07 
    1 KSP Residual norm 2.155108700473e-12 
  Linear js_ solve converged due to CONVERGED_ATOL iterations 1
  1 SNES Function norm 6.872919048556e-16 
--------------------------------------------------------------------------
SNES Convergence Reason : ||F|| < atol 
Number of iterations    : 1
SNES solution time      : 0.00439748 (sec)
--------------------------------------------------------------------------
Residual summary: 
   Continuity: 
      |Div|_inf = 2.032879073410e-20 
      |Div|_2   = 1.049774239490e-19 
   Momentum: 
      |mRes|_2  = 6.872918968384e-16 
--------------------------------------------------------------------------
Actual time step : 0.00200 [Myr] 
--------------------------------------------------------------------------
Saving output ... done (0.000291046 sec)
--------------------------------------------------------------------------
================================= STEP 5 =================================
--------------------------------------------------------------------------
Current time        : 0.00800000 [Myr] 
Tentative time step : 0.00200000 [Myr] 
--------------------------------------------------------------------------
  0 SNES Function norm 2.584331691890e-05 
  0 PICARD ||F||/||F0||=1.000000e+00 
    Residual norms for js_ solve.
    0 KSP Residual norm 2.951943267076e-07 
    1 KSP Residual norm 3.096419573050e-12 
  Linear js_ solve converged due to CONVERGED_ATOL iterations 1
  1 SNES Function norm 7.881162483945e-16 
--------------------------------------------------------------------------
SNES Convergence Reason : ||F|| < atol 
Number of iterations    : 1
SNES solution time      : 0.00561884 (sec)
--------------------------------------------------------------------------
Residual summary: 
   Continuity: 
      |Div|_inf = 2.032879073410e-20 
      |Div|_2   = 1.414925374797e-19 
   Momentum: 
      |mRes|_2  = 7.881162356932e-16 
--------------------------------------------------------------------------
Actual time step : 0.00200 [Myr] 
--------------------------------------------------------------------------
Saving output ... done (0.000284437 sec)
--------------------------------------------------------------------------
================================= STEP 6 =================================
--------------------------------------------------------------------------
Current time        : 0.01000000 [Myr] 
Tentative time step : 0.00200000 [Myr] 
--------------------------------------------------------------------------
  0 SNES Function norm 2.584331810388e-05 
  0 PICARD ||F||/||F0||=1.000000e+00 
    Residual norms for js_ solve.
    0 KSP Residual norm 2.951943343489e-07 
    1 KSP Residual norm 2.830639063807e-12 
  Linear js_ solve converged due to CONVERGED_ATOL iterations 1
  1 SNES Function norm 7.449601911994e-16 
--------------------------------------------------------------------------
SNES Convergence Reason : ||F|| < atol 
Number of iterations    : 1
SNES solution time      : 0.00213408 (sec)
--------------------------------------------------------------------------
Residual summary: 
   Continuity: 
      |Div|_inf = 2.032879073410e-20 
      |Div|_2   = 1.310467007656e-19 
   Momentum: 
      |mRes|_2  = 7.449601796732e-16 
--------------------------------------------------------------------------
Actual time step : 0.00200 [Myr] 
--------------------------------------------------------------------------
Saving output ... done (0.000281526 sec)
--------------------------------------------------------------------------
================================= STEP 7 =================================
--------------------------------------------------------------------------
Current time        : 0.01200000 [Myr] 
Tentative time step : 0.00200000 [Myr] 
--------------------------------------------------------------------------
  0 SNES Function norm 2.584331949101e-05 
  0 PICARD ||F||/||F0||=1.000000e+00 
    Residual norms for js_ solve.
    0 KSP Residual norm 2.951943443546e-07 
    1 KSP Residual norm 3.814925715797e-12 
  Linear js_ solve converged due to CONVERGED_ATOL iterations 1
  1 SNES Function norm 7.542004691330e-16 
--------------------------------------------------------------------------
SNES Convergence Reason : ||F|| < atol 
Number of iterations    : 1
SNES solution time      : 0.00149788 (sec)
--------------------------------------------------------------------------
Residual summary: 
   Continuity: 
      |Div|_inf = 2.710505431214e-20 
      |Div|_2   = 1.701503457646e-19 
   Momentum: 
      |mRes|_2  = 7.542004499397e-16 
--------------------------------------------------------------------------
Actual time step : 0.00200 [Myr] 
--------------------------------------------------------------------------
Saving output ... done (0.000275156 sec)
--------------------------------------------------------------------------
================================= STEP 8 =================================
--------------------------------------------------------------------------
Current time        : 0.01400000 [Myr] 
Tentative time step : 0.00200000 [Myr] 
--------------------------------------------------------------------------
  0 SNES Function norm 2.584332108861e-05 
  0 PICARD ||F||/||F0||=1.000000e+00 
    Residual norms for js_ solve.
    0 KSP Residual norm 2.951943566897e-07 
    1 KSP Residual norm 2.643918304465e-12 
  Linear js_ solve converged due to CONVERGED_ATOL iterations 1
  1 SNES Function norm 7.333370358328e-16 
--------------------------------------------------------------------------
SNES Convergence Reason : ||F|| < atol 
Number of iterations    : 1
SNES solution time      : 0.00527383 (sec)
--------------------------------------------------------------------------
Residual summary: 
   Continuity: 
      |Div|_inf = 2.371692252312e-20 
      |Div|_2   = 1.222078048354e-19 
   Momentum: 
      |mRes|_2  = 7.333370256500e-16 
--------------------------------------------------------------------------
Actual time step : 0.00200 [Myr] 
--------------------------------------------------------------------------
Saving output ... done (0.000283306 sec)
--------------------------------------------------------------------------
================================= STEP 9 =================================
--------------------------------------------------------------------------
Current time        : 0.01600000 [Myr] 
Tentative time step : 0.00200000 [Myr] 
--------------------------------------------------------------------------
  0 SNES Function norm 2.584332288979e-05 
  0 PICARD ||F||/||F0||=1.000000e+00 
    Residual norms for js_ solve.
    0 KSP Residual norm 2.951943714067e-07 
    1 KSP Residual norm 4.260685202663e-12 
  Linear js_ solve converged due to CONVERGED_ATOL iterations 1
  1 SNES Function norm 7.166041188872e-16 
--------------------------------------------------------------------------
SNES Convergence Reason : ||F|| < atol 
Number of iterations    : 1
SNES solution time      : 0.00150106 (sec)
--------------------------------------------------------------------------
Residual summary: 
   Continuity: 
      |Div|_inf = 2.710505431214e-20 
      |Div|_2   = 1.840538471352e-19 
   Momentum: 
      |mRes|_2  = 7.166040952509e-16 
--------------------------------------------------------------------------
Actual time step : 0.00200 [Myr] 
--------------------------------------------------------------------------
Saving output ... done (0.000288156 sec)
--------------------------------------------------------------------------
================================ STEP 10 =================================
--------------------------------------------------------------------------
Current time        : 0.01800000 [Myr] 
Tentative time step : 0.00200000 [Myr] 
--------------------------------------------------------------------------
  0 SNES Function norm 2.584332489734e-05 
  0 PICARD ||F||/||F0||=1.000000e+00 
    Residual norms for js_ solve.
    0 KSP Residual norm 2.951943884369e-07 
    1 KSP Residual norm 2.320610540422e-12 
  Linear js_ solve converged due to CONVERGED_ATOL iterations 1
  1 SNES Function norm 7.844405796007e-16 
--------------------------------------------------------------------------
SNES Convergence Reason : ||F|| < atol 
Number of iterations    : 1
SNES solution time      : 0.00148742 (sec)
--------------------------------------------------------------------------
Residual summary: 
   Continuity: 
      |Div|_inf = 2.032879073410e-20 
      |Div|_2   = 1.082082518117e-19 
   Momentum: 
      |mRes|_2  = 7.844405721374e-16 
--------------------------------------------------------------------------
Actual time step : 0.00200 [Myr] 
--------------------------------------------------------------------------
Saving output ... done (0.000279256 sec)
--------------------------------------------------------------------------
================================ STEP 11 =================================
--------------------------------------------------------------------------
Current time        : 0.02000000 [Myr] 
Tentative time step : 0.00200000 [Myr] 
--------------------------------------------------------------------------
  0 SNES Function norm 2.584332711168e-05 
  0 PICARD ||F||/||F0||=1.000000e+00 
    Residual norms for js_ solve.
    0 KSP Residual norm 2.951944078406e-07 
    1 KSP Residual norm 2.564873439184e-12 
  Linear js_ solve converged due to CONVERGED_ATOL iterations 1
  1 SNES Function norm 7.264514242444e-16 
--------------------------------------------------------------------------
SNES Convergence Reason : ||F|| < atol 
Number of iterations    : 1
SNES solution time      : 0.00560934 (sec)
--------------------------------------------------------------------------
Residual summary: 
   Continuity: 
      |Div|_inf = 2.032879073410e-20 
      |Div|_2   = 1.264095579119e-19 
   Momentum: 
      |mRes|_2  = 7.264514132461e-16 
--------------------------------------------------------------------------
Actual time step : 0.00200 [Myr] 
--------------------------------------------------------------------------
Saving output ... done (0.000286076 sec)
--------------------------------------------------------------------------
================================ STEP 12 =================================
--------------------------------------------------------------------------
Current time        : 0.02200000 [Myr] 
Tentative time step : 0.00200000 [Myr] 
--------------------------------------------------------------------------
  0 SNES Function norm 2.584332952944e-05 
  0 PICARD ||F||/||F0||=1.000000e+00 
    Residual norms for js_ solve.
    0 KSP Residual norm 2.951944295911e-07 
    1 KSP Residual norm 1.997404599241e-12 
  Linear js_ solve converged due to CONVERGED_ATOL iterations 1
  1 SNES Function norm 7.193261595615e-16 
--------------------------------------------------------------------------
SNES Convergence Reason : ||F|| < atol 
Number of iterations    : 1
SNES solution time      : 0.00213444 (sec)
--------------------------------------------------------------------------
Residual summary: 
   Continuity: 
      |Div|_inf = 2.371692252312e-20 
      |Div|_2   = 1.015874691129e-19 
   Momentum: 
      |mRes|_2  = 7.193261523882e-16 
--------------------------------------------------------------------------
Actual time step : 0.00200 [Myr] 
--------------------------------------------------------------------------
Saving output ... done (0.000282096 sec)
--------------------------------------------------------------------------
================================ STEP 13 =================================
--------------------------------------------------------------------------
Current time        : 0.02400000 [Myr] 
Tentative time step : 0.00200000 [Myr] 
--------------------------------------------------------------------------
  0 SNES Function norm 2.584333215480e-05 
  0 PICARD ||F||/||F0||=1.000000e+00 
    Residual norms for js_ solve.
    0 KSP Residual norm 2.951944536977e-07 
    1 KSP Residual norm 2.069013005713e-12 
  Linear js_ solve converged due to CONVERGED_ATOL iterations 1
  1 SNES Function norm 6.408669078609e-16 
--------------------------------------------------------------------------
SNES Convergence Reason : ||F|| < atol 
Number of iterations    : 1
SNES solution time      : 0.00212577 (sec)
--------------------------------------------------------------------------
Residual summary: 
   Continuity: 
      |Div|_inf = 1.694065894509e-20 
      |Div|_2   = 1.029902898639e-19 
   Momentum: 
      |mRes|_2  = 6.408668995854e-16 
--------------------------------------------------------------------------
Actual time step : 0.00200 [Myr] 
--------------------------------------------------------------------------
Saving output ... done (0.000284206 sec)
--------------------------------------------------------------------------
================================ STEP 14 =================================
--------------------------------------------------------------------------
Current time        : 0.02600000 [Myr] 
Tentative time step : 0.00200000 [Myr] 
--------------------------------------------------------------------------
  0 SNES Function norm 2.584333498548e-05 
  0 PICARD ||F||/||F0||=1.000000e+00 
    Residual norms for js_ solve.
    0 KSP Residual norm 2.951944801634e-07 
    1 KSP Residual norm 3.010154916398e-12 
  Linear js_ solve converged due to CONVERGED_ATOL iterations 1
  1 SNES Function norm 6.952650577531e-16 
--------------------------------------------------------------------------
SNES Convergence Reason : ||F|| < atol 
Number of iterations    : 1
SNES solution time      : 0.00719711 (sec)
--------------------------------------------------------------------------
Residual summary: 
   Continuity: 
      |Div|_inf = 3.049318610115e-20 
      |Div|_2   = 1.518624014451e-19 
   Momentum: 
      |mRes|_2  = 6.952650411680e-16 
--------------------------------------------------------------------------
Actual time step : 0.00200 [Myr] 
--------------------------------------------------------------------------
Saving output ... done (0.000283786 sec)
--------------------------------------------------------------------------
================================ STEP 15 =================================
--------------------------------------------------------------------------
Current time        : 0.02800000 [Myr] 
Tentative time step : 0.00200000 [Myr] 
--------------------------------------------------------------------------
  0 SNES Function norm 2.584333802378e-05 
  0 PICARD ||F||/||F0||=1.000000e+00 
    Residual norms for js_ solve.
    0 KSP Residual norm 2.951945089826e-07 
    1 KSP Residual norm 3.764639657288e-12 
  Linear js_ solve converged due to CONVERGED_ATOL iterations 1
  1 SNES Function norm 6.448324575902e-16 
--------------------------------------------------------------------------
SNES Convergence Reason : ||F|| < atol 
Number of iterations    : 1
SNES solution time      : 0.0014966 (sec)
--------------------------------------------------------------------------
Residual summary: 
   Continuity: 
      |Div|_inf = 2.371692252312e-20 
      |Div|_2   = 1.666051581247e-19 
   Momentum: 
      |mRes|_2  = 6.448324360674e-16 
--------------------------------------------------------------------------
Actual time step : 0.00200 [Myr] 
--------------------------------------------------------------------------
Saving output ... done (0.000278656 sec)
--------------------------------------------------------------------------
================================ STEP 16 =================================
--------------------------------------------------------------------------
Current time        : 0.03000000 [Myr] 
Tentative time step : 0.00200000 [Myr] 
--------------------------------------------------------------------------
  0 SNES Function norm 2.584334126564e-05 
  0 PICARD ||F||/||F0||=1.000000e+00 
    Residual norms for js_ solve.
    0 KSP Residual norm 2.951945401624e-07 
    1 KSP Residual norm 5.022129931759e-12 
  Linear js_ solve converged due to CONVERGED_ATOL iterations 1
  1 SNES Function norm 5.768094701485e-16 
--------------------------------------------------------------------------
SNES Convergence Reason : ||F|| < atol 
Number of iterations    : 1
SNES solution time      : 0.00655064 (sec)
--------------------------------------------------------------------------
Residual summary: 
   Continuity: 
      |Div|_inf = 4.404571325722e-20 
      |Div|_2   = 2.903334394038e-19 
   Momentum: 
      |mRes|_2  = 5.768093970797e-16 
--------------------------------------------------------------------------
Actual time step : 0.00200 [Myr] 
--------------------------------------------------------------------------
Saving output ... done (0.000273316 sec)
--------------------------------------------------------------------------
================================ STEP 17 =================================
--------------------------------------------------------------------------
Current time        : 0.03200000 [Myr] 
Tentative time step : 0.00200000 [Myr] 
--------------------------------------------------------------------------
  0 SNES Function norm 2.584334471424e-05 
  0 PICARD ||F||/||F0||=1.000000e+00 
    Residual norms for js_ solve.
    0 KSP Residual norm 2.951945736850e-07 
    1 KSP Residual norm 5.446104588751e-12 
  Linear js_ solve converged due to CONVERGED_ATOL iterations 1
  1 SNES Function norm 5.821638920659e-16 
--------------------------------------------------------------------------
SNES Convergence Reason : ||F|| < atol 
Number of iterations    : 1
SNES solution time      : 0.00592953 (sec)
--------------------------------------------------------------------------
Residual summary: 
   Continuity: 
      |Div|_inf = 3.726944967919e-20 
      |Div|_2   = 2.341981000785e-19 
   Momentum: 
      |mRes|_2  = 5.821638449582e-16 
--------------------------------------------------------------------------
Actual time step : 0.00200 [Myr] 
--------------------------------------------------------------------------
Saving output ... done (0.000276246 sec)
--------------------------------------------------------------------------
================================ STEP 18 =================================
--------------------------------------------------------------------------
Current time        : 0.03400000 [Myr] 
Tentative time step : 0.00200000 [Myr] 
--------------------------------------------------------------------------
  0 SNES Function norm 2.584334836920e-05 
  0 PICARD ||F||/||F0||=1.000000e+00 
    Residual norms for js_ solve.
    0 KSP Residual norm 2.951946095737e-07 
    1 KSP Residual norm 6.645965626422e-12 
  Linear js_ solve converged due to CONVERGED_ATOL iterations 1
  1 SNES Function norm 6.320517497438e-16 
--------------------------------------------------------------------------
SNES Convergence Reason : ||F|| < atol 
Number of iterations    : 1
SNES solution time      : 0.0021253 (sec)
--------------------------------------------------------------------------
Residual summary: 
   Continuity: 
      |Div|_inf = 4.743384504624e-20 
      |Div|_2   = 3.344997348751e-19 
   Momentum: 
      |mRes|_2  = 6.320516612304e-16 
--------------------------------------------------------------------------
Actual time step : 0.00200 [Myr] 
--------------------------------------------------------------------------
Saving output ... done (0.000273666 sec)
--------------------------------------------------------------------------
================================ STEP 19 =================================
--------------------------------------------------------------------------
Current time        : 0.03600000 [Myr] 
Tentative time step : 0.00200000 [Myr] 
--------------------------------------------------------------------------
  0 SNES Function norm 2.584335223033e-05 
  0 PICARD ||F||/||F0||=1.000000e+00 
    Residual norms for js_ solve.
    0 KSP Residual norm 2.951946478303e-07 
    1 KSP Residual norm 8.183669085128e-12 
  Linear js_ solve converged due to CONVERGED_ATOL iterations 1
  1 SNES Function norm 6.837060583621e-16 
--------------------------------------------------------------------------
SNES Convergence Reason : ||F|| < atol 
Number of iterations    : 1
SNES solution time      : 0.00148723 (sec)
--------------------------------------------------------------------------
Residual summary: 
   Continuity: 
      |Div|_inf = 4.065758146821e-20 
      |Div|_2   = 3.400644770289e-19 
   Momentum: 
      |mRes|_2  = 6.837059737907e-16 
--------------------------------------------------------------------------
Actual time step : 0.00200 [Myr] 
--------------------------------------------------------------------------
Saving output ... done (0.000275696 sec)
--------------------------------------------------------------------------
================================ STEP 20 =================================
--------------------------------------------------------------------------
Current time        : 0.03800000 [Myr] 
Tentative time step : 0.00200000 [Myr] 
--------------------------------------------------------------------------
  0 SNES Function norm 2.584335629606e-05 
  0 PICARD ||F||/||F0||=1.000000e+00 
    Residual norms for js_ solve.
    0 KSP Residual norm 2.951946884118e-07 
    1 KSP Residual norm 8.650673209511e-12 
  Linear js_ solve converged due to CONVERGED_ATOL iterations 1
  1 SNES Function norm 6.250561110647e-16 
--------------------------------------------------------------------------
SNES Convergence Reason : ||F|| < atol 
Number of iterations    : 1
SNES solution time      : 0.00243448 (sec)
--------------------------------------------------------------------------
Residual summary: 
   Continuity: 
      |Div|_inf = 4.404571325722e-20 
      |Div|_2   = 3.634788035915e-19 
   Momentum: 
      |mRes|_2  = 6.250560053807e-16 
--------------------------------------------------------------------------
Actual time step : 0.00200 [Myr] 
--------------------------------------------------------------------------
Saving output ... done (0.000276396 sec)
--------------------------------------------------------------------------
=========================== SOLUTION IS DONE! ============================
--------------------------------------------------------------------------
Total solution time : 0.101316 (sec) 
--------------------------------------------------------------------------
