-------------------------------------------------------------------------- 
                   Lithosphere and Mantle Evolution Model                   
     Compiled: Date: Sep 30 2024 - Time: 10:21:50 	    
     Version : 2.1.4 
-------------------------------------------------------------------------- 
        STAGGERED-GRID FINITE DIFFERENCE CANONICAL IMPLEMENTATION           
-------------------------------------------------------------------------- 
Parsing input file : RTI_FSSA.dat 
   Adding PETSc option: -snes_type ksponly
   Adding PETSc option: -objects_dump
Finished parsing input file 
--------------------------------------------------------------------------
Scaling parameters:
   Temperature : 1300. [C/K] 
   Length      : 100000. [m] 
   Viscosity   : 1e+18 [Pa*s] 
   Stress      : 1e+08 [Pa] 
--------------------------------------------------------------------------
Time stepping parameters:
   Simulation end time          : 5.5 [Myr] 
   Maximum number of steps      : 20 
   Time step                    : 0.01 [Myr] 
   Minimum time step            : 1e-05 [Myr] 
   Maximum time step            : 1. [Myr] 
   Time step increase factor    : 0.1 
   CFL criterion                : 0.75 
   CFLMAX (fixed time steps)    : 0.75 
   Output time step             : 0.25 [Myr] 
   Output every [n] steps       : 100 
   Output [n] initial steps     : 1 
--------------------------------------------------------------------------
Grid parameters:
   Total number of cpu                  : 1 
   Processor grid  [nx, ny, nz]         : [1, 1, 1]
   Fine grid cells [nx, ny, nz]         : [50, 2, 100]
   Number of cells                      :  10000
   Number of faces                      :  35300
   Maximum cell aspect ratio            :  10.00000
   Lower coordinate bounds [bx, by, bz] : [-250., -1., -500.]
   Upper coordinate bounds [ex, ey, ez] : [250., 1., 100.]
--------------------------------------------------------------------------
 Don't expect any magic with this aspect ratio 10. ...
--------------------------------------------------------------------------
Material parameters: 
--------------------------------------------------------------------------
   Phase ID : 0     --   Lithosphere 
   (dens)   : rho = 3300. [kg/m^3]  
   (diff)   : eta = 1e+21 [Pa*s]  Bd = 5e-22 [1/Pa/s]  

   Phase ID : 1     --   Asthenosphere 
   (dens)   : rho = 3200. [kg/m^3]  
   (diff)   : eta = 1e+20 [Pa*s]  Bd = 5e-21 [1/Pa/s]  

   Phase ID : 2     --   StickyAir 
   (diff)   : eta = 1e+16 [Pa*s]  Bd = 5e-17 [1/Pa/s]  

--------------------------------------------------------------------------
--------------------------------------------------------------------------
Free surface parameters: 
   Sticky air phase ID       : 2 
   Initial surface level     : 0. [km] 
   Erosion model             : none
   Sedimentation model       : none
   Correct marker phases     @ 
--------------------------------------------------------------------------
Boundary condition parameters: 
   No-slip boundary mask [lt rt ft bk bm tp]  : 0 0 0 0 1 0 
--------------------------------------------------------------------------
Solution parameters & controls:
   Gravity [gx, gy, gz]                    : [0., 0., -10.] [m/s^2] 
   Surface stabilization (FSSA)            :  1. 
   Use lithostatic pressure for creep      @ 
   Minimum viscosity                       : 1e+16 [Pa*s] 
   Maximum viscosity                       : 1e+23 [Pa*s] 
   Max. melt fraction (viscosity, density) : 1.    
   Rheology iteration number               : 25  
   Rheology iteration tolerance            : 1e-06    
   Ground water level type                 : none 
--------------------------------------------------------------------------
Advection parameters:
   Advection scheme              : Euler 1-st order (basic implementation)
   Periodic marker advection     : 0 0 0 
   Marker setup scheme           : geometric primitives
   Velocity interpolation scheme : STAG (linear)
   Marker control type           : subgrid 
   Markers per cell [nx, ny, nz] : [5, 5, 5] 
   Marker distribution type      : uniform
   Background phase ID           : 0 
--------------------------------------------------------------------------
Reading geometric primitives ... done (0.054531 sec)
--------------------------------------------------------------------------
Output parameters:
   Output file name                        : RT_FSSA 
   Write .pvd file                         : yes 
   Phase                                   @ 
   Density                                 @ 
   Total effective viscosity               @ 
   Creep effective viscosity               @ 
   Velocity                                @ 
   Pressure                                @ 
--------------------------------------------------------------------------
Surface output parameters:
   Write .pvd file : yes 
   Velocity        @ 
   Topography      @ 
   Amplitude       @ 
--------------------------------------------------------------------------
AVD output parameters:
   Write .pvd file       : yes 
   AVD refinement factor : 3 
--------------------------------------------------------------------------
Preconditioner parameters: 
   Matrix type                   : monolithic
   Schur preconditioner type     : inv_eta 
   Preconditioner type           : user-defined
--------------------------------------------------------------------------
Solver parameters specified: 
   Outermost Krylov solver       : gmres 
   Solver type                   : serial direct/lu 
   Solver package                : petsc 
--------------------------------------------------------------------------
Saving output ... done (0.71281 sec)
--------------------------------------------------------------------------
================================= STEP 1 =================================
--------------------------------------------------------------------------
Current time        : 0.00000000 [Myr] 
Tentative time step : 0.01000000 [Myr] 
--------------------------------------------------------------------------
  0 SNES Function norm 2.924250259301e+03 
  0 PICARD ||F||/||F0||=1.000000e+00 
  Linear js_ solve converged due to CONVERGED_RTOL iterations 10
  1 SNES Function norm 3.528014841938e-04 
--------------------------------------------------------------------------
SNES Convergence Reason : maximum iterations reached
Number of iterations    : 1
SNES solution time      : 0.922379 (sec)
--------------------------------------------------------------------------
Residual summary: 
   Continuity: 
      |Div|_inf = 1.419610865337e-05 
      |Div|_2   = 2.394683920155e-04 
   Momentum: 
      |mRes|_2  = 2.590825669064e-04 
--------------------------------------------------------------------------
Actual time step : 0.01100 [Myr] 
--------------------------------------------------------------------------
Performing marker control (subgrid algorithm)
Marker control [0]: (subgrid) cloned 0 markers and merged 0 markers in 5.7904e-02 s
--------------------------------------------------------------------------
Saving output ... done (0.694335 sec)
--------------------------------------------------------------------------
================================= STEP 2 =================================
--------------------------------------------------------------------------
Current time        : 0.01100000 [Myr] 
Tentative time step : 0.01100000 [Myr] 
--------------------------------------------------------------------------
  0 SNES Function norm 2.372067809381e+00 
  0 PICARD ||F||/||F0||=1.000000e+00 
  Linear js_ solve converged due to CONVERGED_RTOL iterations 10
  1 SNES Function norm 2.523715967556e-04 
--------------------------------------------------------------------------
SNES Convergence Reason : maximum iterations reached
Number of iterations    : 1
SNES solution time      : 0.768085 (sec)
--------------------------------------------------------------------------
Residual summary: 
   Continuity: 
      |Div|_inf = 6.044897700282e-08 
      |Div|_2   = 1.092508527591e-06 
   Momentum: 
      |mRes|_2  = 2.523692320273e-04 
--------------------------------------------------------------------------
Actual time step : 0.01210 [Myr] 
--------------------------------------------------------------------------
Performing marker control (subgrid algorithm)
Marker control [0]: (subgrid) cloned 0 markers and merged 0 markers in 5.7228e-02 s
--------------------------------------------------------------------------
================================= STEP 3 =================================
--------------------------------------------------------------------------
Current time        : 0.02310000 [Myr] 
Tentative time step : 0.01210000 [Myr] 
--------------------------------------------------------------------------
  0 SNES Function norm 9.965174334736e-01 
  0 PICARD ||F||/||F0||=1.000000e+00 
  Linear js_ solve converged due to CONVERGED_RTOL iterations 10
  1 SNES Function norm 8.678059745614e-04 
--------------------------------------------------------------------------
SNES Convergence Reason : maximum iterations reached
Number of iterations    : 1
SNES solution time      : 0.771794 (sec)
--------------------------------------------------------------------------
Residual summary: 
   Continuity: 
      |Div|_inf = 1.663525674842e-07 
      |Div|_2   = 3.351524436564e-06 
   Momentum: 
      |mRes|_2  = 8.677995026321e-04 
--------------------------------------------------------------------------
Actual time step : 0.01331 [Myr] 
--------------------------------------------------------------------------
Performing marker control (subgrid algorithm)
Marker control [0]: (subgrid) cloned 0 markers and merged 0 markers in 5.7387e-02 s
--------------------------------------------------------------------------
================================= STEP 4 =================================
--------------------------------------------------------------------------
Current time        : 0.03641000 [Myr] 
Tentative time step : 0.01331000 [Myr] 
--------------------------------------------------------------------------
  0 SNES Function norm 3.998133510048e-01 
  0 PICARD ||F||/||F0||=1.000000e+00 
  Linear js_ solve converged due to CONVERGED_RTOL iterations 11
  1 SNES Function norm 5.575746168431e-05 
--------------------------------------------------------------------------
SNES Convergence Reason : maximum iterations reached
Number of iterations    : 1
SNES solution time      : 0.778567 (sec)
--------------------------------------------------------------------------
Residual summary: 
   Continuity: 
      |Div|_inf = 1.063840242285e-08 
      |Div|_2   = 1.920617033400e-07 
   Momentum: 
      |mRes|_2  = 5.575713089623e-05 
--------------------------------------------------------------------------
Actual time step : 0.01464 [Myr] 
--------------------------------------------------------------------------
Performing marker control (subgrid algorithm)
Marker control [0]: (subgrid) cloned 0 markers and merged 0 markers in 5.6796e-02 s
--------------------------------------------------------------------------
================================= STEP 5 =================================
--------------------------------------------------------------------------
Current time        : 0.05105100 [Myr] 
Tentative time step : 0.01464100 [Myr] 
--------------------------------------------------------------------------
  0 SNES Function norm 1.575401471386e-01 
  0 PICARD ||F||/||F0||=1.000000e+00 
  Linear js_ solve converged due to CONVERGED_RTOL iterations 11
  1 SNES Function norm 6.181646493792e-05 
--------------------------------------------------------------------------
SNES Convergence Reason : maximum iterations reached
Number of iterations    : 1
SNES solution time      : 0.781278 (sec)
--------------------------------------------------------------------------
Residual summary: 
   Continuity: 
      |Div|_inf = 8.565739943947e-09 
      |Div|_2   = 1.630362937388e-07 
   Momentum: 
      |mRes|_2  = 6.181624993955e-05 
--------------------------------------------------------------------------
Actual time step : 0.01611 [Myr] 
--------------------------------------------------------------------------
Performing marker control (subgrid algorithm)
Marker control [0]: (subgrid) cloned 0 markers and merged 0 markers in 5.6603e-02 s
--------------------------------------------------------------------------
================================= STEP 6 =================================
--------------------------------------------------------------------------
Current time        : 0.06715610 [Myr] 
Tentative time step : 0.01610510 [Myr] 
--------------------------------------------------------------------------
  0 SNES Function norm 7.131495825685e-02 
  0 PICARD ||F||/||F0||=1.000000e+00 
  Linear js_ solve converged due to CONVERGED_RTOL iterations 11
  1 SNES Function norm 3.333287020374e-05 
--------------------------------------------------------------------------
SNES Convergence Reason : maximum iterations reached
Number of iterations    : 1
SNES solution time      : 0.778747 (sec)
--------------------------------------------------------------------------
Residual summary: 
   Continuity: 
      |Div|_inf = 3.195972897618e-09 
      |Div|_2   = 5.922506690849e-08 
   Momentum: 
      |mRes|_2  = 3.333281758884e-05 
--------------------------------------------------------------------------
Actual time step : 0.01772 [Myr] 
--------------------------------------------------------------------------
Performing marker control (subgrid algorithm)
Marker control [0]: (subgrid) cloned 0 markers and merged 0 markers in 5.6754e-02 s
--------------------------------------------------------------------------
================================= STEP 7 =================================
--------------------------------------------------------------------------
Current time        : 0.08487171 [Myr] 
Tentative time step : 0.01771561 [Myr] 
--------------------------------------------------------------------------
  0 SNES Function norm 4.667718712177e-02 
  0 PICARD ||F||/||F0||=1.000000e+00 
  Linear js_ solve converged due to CONVERGED_RTOL iterations 11
  1 SNES Function norm 1.932879075133e-05 
--------------------------------------------------------------------------
SNES Convergence Reason : maximum iterations reached
Number of iterations    : 1
SNES solution time      : 0.781737 (sec)
--------------------------------------------------------------------------
Residual summary: 
   Continuity: 
      |Div|_inf = 2.898694521420e-09 
      |Div|_2   = 5.536380753552e-08 
   Momentum: 
      |mRes|_2  = 1.932871146138e-05 
--------------------------------------------------------------------------
Actual time step : 0.01949 [Myr] 
--------------------------------------------------------------------------
Performing marker control (subgrid algorithm)
Marker control [0]: (subgrid) cloned 0 markers and merged 0 markers in 5.7708e-02 s
--------------------------------------------------------------------------
================================= STEP 8 =================================
--------------------------------------------------------------------------
Current time        : 0.10435888 [Myr] 
Tentative time step : 0.01948717 [Myr] 
--------------------------------------------------------------------------
  0 SNES Function norm 4.296220919269e-02 
  0 PICARD ||F||/||F0||=1.000000e+00 
  Linear js_ solve converged due to CONVERGED_RTOL iterations 10
  1 SNES Function norm 1.835438471156e-05 
--------------------------------------------------------------------------
SNES Convergence Reason : maximum iterations reached
Number of iterations    : 1
SNES solution time      : 0.768239 (sec)
--------------------------------------------------------------------------
Residual summary: 
   Continuity: 
      |Div|_inf = 5.911244300729e-09 
      |Div|_2   = 1.176466194995e-07 
   Momentum: 
      |mRes|_2  = 1.835400766625e-05 
--------------------------------------------------------------------------
Actual time step : 0.02144 [Myr] 
--------------------------------------------------------------------------
Performing marker control (subgrid algorithm)
Marker control [0]: (subgrid) cloned 0 markers and merged 0 markers in 5.7299e-02 s
--------------------------------------------------------------------------
================================= STEP 9 =================================
--------------------------------------------------------------------------
Current time        : 0.12579477 [Myr] 
Tentative time step : 0.02143589 [Myr] 
--------------------------------------------------------------------------
  0 SNES Function norm 4.544027927643e-02 
  0 PICARD ||F||/||F0||=1.000000e+00 
  Linear js_ solve converged due to CONVERGED_RTOL iterations 10
  1 SNES Function norm 1.367567774542e-05 
--------------------------------------------------------------------------
SNES Convergence Reason : maximum iterations reached
Number of iterations    : 1
SNES solution time      : 0.768017 (sec)
--------------------------------------------------------------------------
Residual summary: 
   Continuity: 
      |Div|_inf = 6.055997127875e-09 
      |Div|_2   = 1.206568827501e-07 
   Momentum: 
      |mRes|_2  = 1.367514547320e-05 
--------------------------------------------------------------------------
Actual time step : 0.02358 [Myr] 
--------------------------------------------------------------------------
Performing marker control (subgrid algorithm)
Marker control [0]: (subgrid) cloned 740 markers and merged 0 markers in 5.9988e-02 s
--------------------------------------------------------------------------
================================ STEP 10 =================================
--------------------------------------------------------------------------
Current time        : 0.14937425 [Myr] 
Tentative time step : 0.02357948 [Myr] 
--------------------------------------------------------------------------
  0 SNES Function norm 4.959427272079e-01 
  0 PICARD ||F||/||F0||=1.000000e+00 
  Linear js_ solve converged due to CONVERGED_RTOL iterations 11
  1 SNES Function norm 4.042972928419e-06 
--------------------------------------------------------------------------
SNES Convergence Reason : maximum iterations reached
Number of iterations    : 1
SNES solution time      : 0.780165 (sec)
--------------------------------------------------------------------------
Residual summary: 
   Continuity: 
      |Div|_inf = 5.465214789157e-09 
      |Div|_2   = 1.092627321992e-07 
   Momentum: 
      |mRes|_2  = 4.041496227300e-06 
--------------------------------------------------------------------------
Actual time step : 0.02594 [Myr] 
--------------------------------------------------------------------------
Performing marker control (subgrid algorithm)
Marker control [0]: (subgrid) cloned 1120 markers and merged 0 markers in 6.2452e-02 s
--------------------------------------------------------------------------
================================ STEP 11 =================================
--------------------------------------------------------------------------
Current time        : 0.17531167 [Myr] 
Tentative time step : 0.02593742 [Myr] 
--------------------------------------------------------------------------
  0 SNES Function norm 5.099067500362e-01 
  0 PICARD ||F||/||F0||=1.000000e+00 
  Linear js_ solve converged due to CONVERGED_RTOL iterations 11
  1 SNES Function norm 1.718993548225e-04 
--------------------------------------------------------------------------
SNES Convergence Reason : maximum iterations reached
Number of iterations    : 1
SNES solution time      : 0.77449 (sec)
--------------------------------------------------------------------------
Residual summary: 
   Continuity: 
      |Div|_inf = 4.266098634970e-08 
      |Div|_2   = 8.749960696516e-07 
   Momentum: 
      |mRes|_2  = 1.718971278709e-04 
--------------------------------------------------------------------------
Actual time step : 0.02853 [Myr] 
--------------------------------------------------------------------------
Performing marker control (subgrid algorithm)
Marker control [0]: (subgrid) cloned 1380 markers and merged 0 markers in 6.3266e-02 s
--------------------------------------------------------------------------
================================ STEP 12 =================================
--------------------------------------------------------------------------
Current time        : 0.20384284 [Myr] 
Tentative time step : 0.02853117 [Myr] 
--------------------------------------------------------------------------
  0 SNES Function norm 4.012210138196e-01 
  0 PICARD ||F||/||F0||=1.000000e+00 
  Linear js_ solve converged due to CONVERGED_RTOL iterations 11
  1 SNES Function norm 3.759689690613e-04 
--------------------------------------------------------------------------
SNES Convergence Reason : maximum iterations reached
Number of iterations    : 1
SNES solution time      : 0.778216 (sec)
--------------------------------------------------------------------------
Residual summary: 
   Continuity: 
      |Div|_inf = 3.405467506062e-08 
      |Div|_2   = 7.008942107838e-07 
   Momentum: 
      |mRes|_2  = 3.759683157452e-04 
--------------------------------------------------------------------------
Actual time step : 0.03138 [Myr] 
--------------------------------------------------------------------------
Performing marker control (subgrid algorithm)
Marker control [0]: (subgrid) cloned 1560 markers and merged 0 markers in 6.4112e-02 s
--------------------------------------------------------------------------
================================ STEP 13 =================================
--------------------------------------------------------------------------
Current time        : 0.23522712 [Myr] 
Tentative time step : 0.03138428 [Myr] 
--------------------------------------------------------------------------
  0 SNES Function norm 2.838989769088e-01 
  0 PICARD ||F||/||F0||=1.000000e+00 
  Linear js_ solve converged due to CONVERGED_RTOL iterations 11
  1 SNES Function norm 1.908869837275e-04 
--------------------------------------------------------------------------
SNES Convergence Reason : maximum iterations reached
Number of iterations    : 1
SNES solution time      : 0.781665 (sec)
--------------------------------------------------------------------------
Residual summary: 
   Continuity: 
      |Div|_inf = 2.262093344117e-08 
      |Div|_2   = 4.622100142450e-07 
   Momentum: 
      |mRes|_2  = 1.908864241335e-04 
--------------------------------------------------------------------------
Actual time step : 0.03452 [Myr] 
--------------------------------------------------------------------------
Performing marker control (subgrid algorithm)
Marker control [0]: (subgrid) cloned 1940 markers and merged 0 markers in 6.6541e-02 s
--------------------------------------------------------------------------
Saving output ... done (0.693043 sec)
--------------------------------------------------------------------------
================================ STEP 14 =================================
--------------------------------------------------------------------------
Current time        : 0.26974983 [Myr] 
Tentative time step : 0.03452271 [Myr] 
--------------------------------------------------------------------------
  0 SNES Function norm 2.147371729146e-01 
  0 PICARD ||F||/||F0||=1.000000e+00 
  Linear js_ solve converged due to CONVERGED_RTOL iterations 11
  1 SNES Function norm 9.960320254381e-05 
--------------------------------------------------------------------------
SNES Convergence Reason : maximum iterations reached
Number of iterations    : 1
SNES solution time      : 0.78103 (sec)
--------------------------------------------------------------------------
Residual summary: 
   Continuity: 
      |Div|_inf = 1.984544537343e-08 
      |Div|_2   = 4.036371543925e-07 
   Momentum: 
      |mRes|_2  = 9.960238468045e-05 
--------------------------------------------------------------------------
Actual time step : 0.03797 [Myr] 
--------------------------------------------------------------------------
Performing marker control (subgrid algorithm)
Marker control [0]: (subgrid) cloned 2780 markers and merged 0 markers in 7.0289e-02 s
--------------------------------------------------------------------------
================================ STEP 15 =================================
--------------------------------------------------------------------------
Current time        : 0.30772482 [Myr] 
Tentative time step : 0.03797498 [Myr] 
--------------------------------------------------------------------------
  0 SNES Function norm 2.382574685418e-01 
  0 PICARD ||F||/||F0||=1.000000e+00 
  Linear js_ solve converged due to CONVERGED_RTOL iterations 11
  1 SNES Function norm 7.612535501745e-05 
--------------------------------------------------------------------------
SNES Convergence Reason : maximum iterations reached
Number of iterations    : 1
SNES solution time      : 0.788822 (sec)
--------------------------------------------------------------------------
Residual summary: 
   Continuity: 
      |Div|_inf = 2.171373860989e-08 
      |Div|_2   = 4.393137788615e-07 
   Momentum: 
      |mRes|_2  = 7.612408738327e-05 
--------------------------------------------------------------------------
Actual time step : 0.04177 [Myr] 
--------------------------------------------------------------------------
Performing marker control (subgrid algorithm)
Marker control [0]: (subgrid) cloned 3240 markers and merged 0 markers in 7.2993e-02 s
--------------------------------------------------------------------------
================================ STEP 16 =================================
--------------------------------------------------------------------------
Current time        : 0.34949730 [Myr] 
Tentative time step : 0.04177248 [Myr] 
--------------------------------------------------------------------------
  0 SNES Function norm 1.908718542008e-01 
  0 PICARD ||F||/||F0||=1.000000e+00 
  Linear js_ solve converged due to CONVERGED_RTOL iterations 11
  1 SNES Function norm 8.557657988858e-05 
--------------------------------------------------------------------------
SNES Convergence Reason : maximum iterations reached
Number of iterations    : 1
SNES solution time      : 0.791829 (sec)
--------------------------------------------------------------------------
Residual summary: 
   Continuity: 
      |Div|_inf = 2.572891322040e-08 
      |Div|_2   = 5.165954035038e-07 
   Momentum: 
      |mRes|_2  = 8.557502062294e-05 
--------------------------------------------------------------------------
Actual time step : 0.04595 [Myr] 
--------------------------------------------------------------------------
Performing marker control (subgrid algorithm)
Marker control [0]: (subgrid) cloned 3900 markers and merged 0 markers in 7.7112e-02 s
--------------------------------------------------------------------------
================================ STEP 17 =================================
--------------------------------------------------------------------------
Current time        : 0.39544703 [Myr] 
Tentative time step : 0.04594973 [Myr] 
--------------------------------------------------------------------------
  0 SNES Function norm 3.736826891071e-01 
  0 PICARD ||F||/||F0||=1.000000e+00 
  Linear js_ solve converged due to CONVERGED_RTOL iterations 11
  1 SNES Function norm 2.814878866594e-05 
--------------------------------------------------------------------------
SNES Convergence Reason : maximum iterations reached
Number of iterations    : 1
SNES solution time      : 0.79 (sec)
--------------------------------------------------------------------------
Residual summary: 
   Continuity: 
      |Div|_inf = 4.225753384936e-08 
      |Div|_2   = 8.453178747514e-07 
   Momentum: 
      |mRes|_2  = 2.813609320873e-05 
--------------------------------------------------------------------------
Actual time step : 0.05054 [Myr] 
--------------------------------------------------------------------------
Performing marker control (subgrid algorithm)
Marker control [0]: (subgrid) cloned 4700 markers and merged 0 markers in 8.1880e-02 s
--------------------------------------------------------------------------
================================ STEP 18 =================================
--------------------------------------------------------------------------
Current time        : 0.44599173 [Myr] 
Tentative time step : 0.05054470 [Myr] 
--------------------------------------------------------------------------
  0 SNES Function norm 5.902333943493e-01 
  0 PICARD ||F||/||F0||=1.000000e+00 
  Linear js_ solve converged due to CONVERGED_RTOL iterations 12
  1 SNES Function norm 3.009615614332e-05 
--------------------------------------------------------------------------
SNES Convergence Reason : maximum iterations reached
Number of iterations    : 1
SNES solution time      : 0.797852 (sec)
--------------------------------------------------------------------------
Residual summary: 
   Continuity: 
      |Div|_inf = 3.522421333646e-08 
      |Div|_2   = 6.868862855844e-07 
   Momentum: 
      |mRes|_2  = 3.008831669991e-05 
--------------------------------------------------------------------------
Actual time step : 0.05560 [Myr] 
--------------------------------------------------------------------------
Performing marker control (subgrid algorithm)
Marker control [0]: (subgrid) cloned 5200 markers and merged 0 markers in 8.5566e-02 s
--------------------------------------------------------------------------
================================ STEP 19 =================================
--------------------------------------------------------------------------
Current time        : 0.50159090 [Myr] 
Tentative time step : 0.05559917 [Myr] 
--------------------------------------------------------------------------
  0 SNES Function norm 5.832921006537e-01 
  0 PICARD ||F||/||F0||=1.000000e+00 
  Linear js_ solve converged due to CONVERGED_RTOL iterations 12
  1 SNES Function norm 1.322496583602e-04 
--------------------------------------------------------------------------
SNES Convergence Reason : maximum iterations reached
Number of iterations    : 1
SNES solution time      : 0.805612 (sec)
--------------------------------------------------------------------------
Residual summary: 
   Continuity: 
      |Div|_inf = 3.660946226227e-08 
      |Div|_2   = 6.954201806624e-07 
   Momentum: 
      |mRes|_2  = 1.322478299526e-04 
--------------------------------------------------------------------------
Actual time step : 0.06116 [Myr] 
--------------------------------------------------------------------------
Performing marker control (subgrid algorithm)
Marker control [0]: (subgrid) cloned 6400 markers and merged 0 markers in 9.4724e-02 s
--------------------------------------------------------------------------
Saving output ... done (0.70243 sec)
--------------------------------------------------------------------------
================================ STEP 20 =================================
--------------------------------------------------------------------------
Current time        : 0.56274999 [Myr] 
Tentative time step : 0.06115909 [Myr] 
--------------------------------------------------------------------------
  0 SNES Function norm 4.803471428913e-01 
  0 PICARD ||F||/||F0||=1.000000e+00 
  Linear js_ solve converged due to CONVERGED_RTOL iterations 12
  1 SNES Function norm 1.089196591626e-04 
--------------------------------------------------------------------------
SNES Convergence Reason : maximum iterations reached
Number of iterations    : 1
SNES solution time      : 0.797037 (sec)
--------------------------------------------------------------------------
Residual summary: 
   Continuity: 
      |Div|_inf = 4.215312756196e-08 
      |Div|_2   = 7.654945201482e-07 
   Momentum: 
      |mRes|_2  = 1.089169691565e-04 
--------------------------------------------------------------------------
Actual time step : 0.06727 [Myr] 
--------------------------------------------------------------------------
Performing marker control (subgrid algorithm)
Marker control [0]: (subgrid) cloned 8400 markers and merged 0 markers in 1.0279e-01 s
--------------------------------------------------------------------------
=========================== SOLUTION IS DONE! ============================
--------------------------------------------------------------------------
Total solution time : 27.5819 (sec) 
--------------------------------------------------------------------------
