-------------------------------------------------------------------------- 
                   Lithosphere and Mantle Evolution Model                   
     Compiled: Date: Oct  2 2024 - Time: 12:03:10 	    
     Version : 2.1.4 
-------------------------------------------------------------------------- 
        STAGGERED-GRID FINITE DIFFERENCE CANONICAL IMPLEMENTATION           
-------------------------------------------------------------------------- 
Parsing input file : TS_Schedule.dat 
   Adding PETSc option: -snes_type ksponly
   Adding PETSc option: -js_ksp_rtol 1e-3
   Adding PETSc option: -js_ksp_atol 1e-5
Finished parsing input file 
--------------------------------------------------------------------------
Time stepping parameters:
   Simulation end time          : 5. [ ] 
   Maximum number of steps      : 14 
   Time step                    : 0.001 [ ] 
   Minimum time step            : 0.0005 [ ] 
   Maximum time step            : 0.5 [ ] 
   Time step increase factor    : 0.5 
   CFL criterion                : 0.5 
   CFLMAX (fixed time steps)    : 0.5 
   Output every [n] steps       : 10 
   Output [n] initial steps     : 1 
--------------------------------------------------------------------------
Grid parameters:
   Total number of cpu                  : 4 
   Processor grid  [nx, ny, nz]         : [1, 2, 2]
   Fine grid cells [nx, ny, nz]         : [8, 8, 8]
   Number of cells                      :  512
   Number of faces                      :  1728
   Maximum cell aspect ratio            :  1.00000
   Lower coordinate bounds [bx, by, bz] : [0., 0., 0.]
   Upper coordinate bounds [ex, ey, ez] : [1., 1., 1.]
--------------------------------------------------------------------------
--------------------------------------------------------------------------
Material parameters: 
--------------------------------------------------------------------------
   Phase ID : 0   
   (dens)   : rho = 1. [ ]  
   (diff)   : eta = 1. [ ]  Bd = 0.5 [ ]  

   Phase ID : 1   
   (dens)   : rho = 2. [ ]  
   (diff)   : eta = 100. [ ]  Bd = 0.005 [ ]  

--------------------------------------------------------------------------
--------------------------------------------------------------------------
Boundary condition parameters: 
   No-slip boundary mask [lt rt ft bk bm tp]  : 0 0 0 0 0 0 
--------------------------------------------------------------------------
Solution parameters & controls:
   Gravity [gx, gy, gz]                    : [0., 0., -1.] [ ] 
   Surface stabilization (FSSA)            :  1. 
   Use lithostatic pressure for creep      @ 
   Minimum viscosity                       : 0.001 [ ] 
   Maximum viscosity                       : 1e+12 [ ] 
   Max. melt fraction (viscosity, density) : 1.    
   Rheology iteration number               : 25  
   Rheology iteration tolerance            : 1e-06    
   Ground water level type                 : none 
--------------------------------------------------------------------------
Advection parameters:
   Advection scheme              : Euler 1-st order (basic implementation)
   Periodic marker advection     : 0 0 0 
   Marker setup scheme           : geometric primitives
   Velocity interpolation scheme : STAG (linear)
   Marker control type           : no marker control
   Markers per cell [nx, ny, nz] : [2, 2, 2] 
   Marker distribution type      : uniform
   Background phase ID           : 0 
--------------------------------------------------------------------------
Reading geometric primitives ... done (4.1111e-05 sec)
--------------------------------------------------------------------------
Output parameters:
   Output file name                        : TS_Schedule 
   Write .pvd file                         : yes 
   Phase                                   @ 
   Total effective viscosity               @ 
   Creep effective viscosity               @ 
   Velocity                                @ 
   Pressure                                @ 
--------------------------------------------------------------------------
AVD output parameters:
   Write .pvd file       : yes 
   AVD refinement factor : 3 
--------------------------------------------------------------------------
Preconditioner parameters: 
   Matrix type                   : monolithic
   Schur preconditioner type     : inv_eta 
   Preconditioner type           : coupled Galerkin geometric multigrid
   Global coarse grid [nx,ny,nz] : [2, 2, 2]
   Local coarse grid  [nx,ny,nz] : [2, 1, 1]
   Number of multigrid levels    :  3
--------------------------------------------------------------------------
Solver parameters specified: 
   Outermost Krylov solver       : gmres 
   Solver type                   : multigrid 
   Multigrid smoother levels KSP : chebyshev 
   Multigrid smoother levels PC  : sor 
   Number of smoothening steps   : 10 
   Coarse level KSP              : preonly 
   Coarse level PC               : lu 
   Coarse level solver package   : (null) 
--------------------------------------------------------------------------
Saving output ... done (0.00111241 sec)
--------------------------------------------------------------------------
================================= STEP 1 =================================
--------------------------------------------------------------------------
Current time        : 0.00000000 [ ] 
Tentative time step : 0.00100000 [ ] 
--------------------------------------------------------------------------
  0 SNES Function norm 2.513961017995e+01 
  0 PICARD ||F||/||F0||=1.000000e+00 
  Linear js_ solve converged due to CONVERGED_RTOL iterations 10
  1 SNES Function norm 1.118679936967e-01 
--------------------------------------------------------------------------
SNES Convergence Reason : maximum iterations reached
Number of iterations    : 1
SNES solution time      : 0.0235542 (sec)
--------------------------------------------------------------------------
Residual summary: 
   Continuity: 
      |Div|_inf = 4.785587322569e-04 
      |Div|_2   = 3.942575906350e-03 
   Momentum: 
      |mRes|_2  = 1.117984977938e-01 
--------------------------------------------------------------------------
Actual time step : 0.00813 [ ] 
--------------------------------------------------------------------------
Saving output ... done (0.00136899 sec)
--------------------------------------------------------------------------
================================= STEP 2 =================================
--------------------------------------------------------------------------
Current time        : 0.00812500 [ ] 
Tentative time step : 0.00812500 [ ] 
--------------------------------------------------------------------------
  0 SNES Function norm 1.118364053814e-01 
  0 PICARD ||F||/||F0||=1.000000e+00 
  Linear js_ solve converged due to CONVERGED_ATOL iterations 10
  1 SNES Function norm 6.136890779018e-04 
--------------------------------------------------------------------------
SNES Convergence Reason : maximum iterations reached
Number of iterations    : 1
SNES solution time      : 0.0179667 (sec)
--------------------------------------------------------------------------
Residual summary: 
   Continuity: 
      |Div|_inf = 1.655034647676e-06 
      |Div|_2   = 1.040625411227e-05 
   Momentum: 
      |mRes|_2  = 6.136008427401e-04 
--------------------------------------------------------------------------
Actual time step : 0.01937 [ ] 
--------------------------------------------------------------------------
================================= STEP 3 =================================
--------------------------------------------------------------------------
Current time        : 0.02750000 [ ] 
Tentative time step : 0.01937500 [ ] 
--------------------------------------------------------------------------
  0 SNES Function norm 2.270370225970e-03 
  0 PICARD ||F||/||F0||=1.000000e+00 
  Linear js_ solve converged due to CONVERGED_ATOL iterations 1
  1 SNES Function norm 1.925988170338e-04 
--------------------------------------------------------------------------
SNES Convergence Reason : maximum iterations reached
Number of iterations    : 1
SNES solution time      : 0.00532245 (sec)
--------------------------------------------------------------------------
Residual summary: 
   Continuity: 
      |Div|_inf = 1.405257603678e-06 
      |Div|_2   = 5.176668026757e-06 
   Momentum: 
      |mRes|_2  = 1.925292352630e-04 
--------------------------------------------------------------------------
Actual time step : 0.03063 [ ] 
--------------------------------------------------------------------------
================================= STEP 4 =================================
--------------------------------------------------------------------------
Current time        : 0.05812500 [ ] 
Tentative time step : 0.03062500 [ ] 
--------------------------------------------------------------------------
  0 SNES Function norm 3.249503183833e-03 
  0 PICARD ||F||/||F0||=1.000000e+00 
  Linear js_ solve converged due to CONVERGED_ATOL iterations 2
  1 SNES Function norm 2.072730842845e-04 
--------------------------------------------------------------------------
SNES Convergence Reason : maximum iterations reached
Number of iterations    : 1
SNES solution time      : 0.0064163 (sec)
--------------------------------------------------------------------------
Residual summary: 
   Continuity: 
      |Div|_inf = 1.496591172783e-06 
      |Div|_2   = 1.063400586249e-05 
   Momentum: 
      |mRes|_2  = 2.070001192949e-04 
--------------------------------------------------------------------------
Actual time step : 0.04188 [ ] 
--------------------------------------------------------------------------
================================= STEP 5 =================================
--------------------------------------------------------------------------
Current time        : 0.10000000 [ ] 
Tentative time step : 0.04187500 [ ] 
--------------------------------------------------------------------------
  0 SNES Function norm 4.631691850860e-03 
  0 PICARD ||F||/||F0||=1.000000e+00 
  Linear js_ solve converged due to CONVERGED_ATOL iterations 2
  1 SNES Function norm 1.357701691766e-04 
--------------------------------------------------------------------------
SNES Convergence Reason : maximum iterations reached
Number of iterations    : 1
SNES solution time      : 0.00648282 (sec)
--------------------------------------------------------------------------
Residual summary: 
   Continuity: 
      |Div|_inf = 1.579732214232e-06 
      |Div|_2   = 7.190270374634e-06 
   Momentum: 
      |mRes|_2  = 1.355796402495e-04 
--------------------------------------------------------------------------
Actual time step : 0.05000 [ ] 
--------------------------------------------------------------------------
================================= STEP 6 =================================
--------------------------------------------------------------------------
Current time        : 0.15000000 [ ] 
Tentative time step : 0.05000000 [ ] 
--------------------------------------------------------------------------
  0 SNES Function norm 5.420659436893e-03 
  0 PICARD ||F||/||F0||=1.000000e+00 
  Linear js_ solve converged due to CONVERGED_ATOL iterations 2
  1 SNES Function norm 1.718782696521e-04 
--------------------------------------------------------------------------
SNES Convergence Reason : maximum iterations reached
Number of iterations    : 1
SNES solution time      : 0.00648151 (sec)
--------------------------------------------------------------------------
Residual summary: 
   Continuity: 
      |Div|_inf = 1.213168307663e-06 
      |Div|_2   = 4.627645315619e-06 
   Momentum: 
      |mRes|_2  = 1.718159610671e-04 
--------------------------------------------------------------------------
Actual time step : 0.05000 [ ] 
--------------------------------------------------------------------------
================================= STEP 7 =================================
--------------------------------------------------------------------------
Current time        : 0.20000000 [ ] 
Tentative time step : 0.05000000 [ ] 
--------------------------------------------------------------------------
  0 SNES Function norm 5.535257320995e-03 
  0 PICARD ||F||/||F0||=1.000000e+00 
  Linear js_ solve converged due to CONVERGED_ATOL iterations 2
  1 SNES Function norm 8.685876814664e-04 
--------------------------------------------------------------------------
SNES Convergence Reason : maximum iterations reached
Number of iterations    : 1
SNES solution time      : 0.00643372 (sec)
--------------------------------------------------------------------------
Residual summary: 
   Continuity: 
      |Div|_inf = 8.584582588357e-07 
      |Div|_2   = 4.338908721329e-06 
   Momentum: 
      |mRes|_2  = 8.685768441919e-04 
--------------------------------------------------------------------------
Actual time step : 0.04337 [ ] 
--------------------------------------------------------------------------
================================= STEP 8 =================================
--------------------------------------------------------------------------
Current time        : 0.24337500 [ ] 
Tentative time step : 0.04337500 [ ] 
--------------------------------------------------------------------------
  0 SNES Function norm 5.695215215521e-03 
  0 PICARD ||F||/||F0||=1.000000e+00 
  Linear js_ solve converged due to CONVERGED_ATOL iterations 2
  1 SNES Function norm 3.403223793569e-04 
--------------------------------------------------------------------------
SNES Convergence Reason : maximum iterations reached
Number of iterations    : 1
SNES solution time      : 0.00651045 (sec)
--------------------------------------------------------------------------
Residual summary: 
   Continuity: 
      |Div|_inf = 8.882243664188e-07 
      |Div|_2   = 4.859926235121e-06 
   Momentum: 
      |mRes|_2  = 3.402876768385e-04 
--------------------------------------------------------------------------
Actual time step : 0.03112 [ ] 
--------------------------------------------------------------------------
================================= STEP 9 =================================
--------------------------------------------------------------------------
Current time        : 0.27450000 [ ] 
Tentative time step : 0.03112500 [ ] 
--------------------------------------------------------------------------
  0 SNES Function norm 4.120485222579e-03 
  0 PICARD ||F||/||F0||=1.000000e+00 
  Linear js_ solve converged due to CONVERGED_ATOL iterations 2
  1 SNES Function norm 1.693502071786e-04 
--------------------------------------------------------------------------
SNES Convergence Reason : maximum iterations reached
Number of iterations    : 1
SNES solution time      : 0.00643593 (sec)
--------------------------------------------------------------------------
Residual summary: 
   Continuity: 
      |Div|_inf = 5.131703820589e-07 
      |Div|_2   = 4.062847260271e-06 
   Momentum: 
      |mRes|_2  = 1.693014646823e-04 
--------------------------------------------------------------------------
Actual time step : 0.01887 [ ] 
--------------------------------------------------------------------------
================================ STEP 10 =================================
--------------------------------------------------------------------------
Current time        : 0.29337500 [ ] 
Tentative time step : 0.01887500 [ ] 
--------------------------------------------------------------------------
  0 SNES Function norm 2.743490046097e-03 
  0 PICARD ||F||/||F0||=1.000000e+00 
  Linear js_ solve converged due to CONVERGED_ATOL iterations 1
  1 SNES Function norm 8.233331046104e-05 
--------------------------------------------------------------------------
SNES Convergence Reason : maximum iterations reached
Number of iterations    : 1
SNES solution time      : 0.00513402 (sec)
--------------------------------------------------------------------------
Residual summary: 
   Continuity: 
      |Div|_inf = 9.867439393916e-07 
      |Div|_2   = 4.641708224522e-06 
   Momentum: 
      |mRes|_2  = 8.220236344676e-05 
--------------------------------------------------------------------------
Actual time step : 0.00662 [ ] 
--------------------------------------------------------------------------
Saving output ... done (0.00142559 sec)
--------------------------------------------------------------------------
================================ STEP 11 =================================
--------------------------------------------------------------------------
Current time        : 0.30000000 [ ] 
Tentative time step : 0.00662500 [ ] 
--------------------------------------------------------------------------
  0 SNES Function norm 1.488815097331e-03 
  0 PICARD ||F||/||F0||=1.000000e+00 
  Linear js_ solve converged due to CONVERGED_ATOL iterations 1
  1 SNES Function norm 5.977373193796e-05 
--------------------------------------------------------------------------
SNES Convergence Reason : maximum iterations reached
Number of iterations    : 1
SNES solution time      : 0.00518076 (sec)
--------------------------------------------------------------------------
Residual summary: 
   Continuity: 
      |Div|_inf = 9.978084795914e-07 
      |Div|_2   = 4.641090768980e-06 
   Momentum: 
      |mRes|_2  = 5.959328239210e-05 
--------------------------------------------------------------------------
Actual time step : 0.23367 [ ] 
--------------------------------------------------------------------------
================================ STEP 12 =================================
--------------------------------------------------------------------------
Current time        : 0.53366667 [ ] 
Tentative time step : 0.23366667 [ ] 
--------------------------------------------------------------------------
  0 SNES Function norm 3.119981257901e-02 
  0 PICARD ||F||/||F0||=1.000000e+00 
  Linear js_ solve converged due to CONVERGED_ATOL iterations 4
  1 SNES Function norm 1.356223436090e-04 
--------------------------------------------------------------------------
SNES Convergence Reason : maximum iterations reached
Number of iterations    : 1
SNES solution time      : 0.00905587 (sec)
--------------------------------------------------------------------------
Residual summary: 
   Continuity: 
      |Div|_inf = 1.151600824688e-06 
      |Div|_2   = 6.918234478447e-06 
   Momentum: 
      |mRes|_2  = 1.354457755624e-04 
--------------------------------------------------------------------------
Actual time step : 0.50000 [ ] 
--------------------------------------------------------------------------
================================ STEP 13 =================================
--------------------------------------------------------------------------
Current time        : 1.03366667 [ ] 
Tentative time step : 0.50000000 [ ] 
--------------------------------------------------------------------------
  0 SNES Function norm 5.577668377809e-02 
  0 PICARD ||F||/||F0||=1.000000e+00 
  Linear js_ solve converged due to CONVERGED_ATOL iterations 4
  1 SNES Function norm 2.761194873161e-04 
--------------------------------------------------------------------------
SNES Convergence Reason : maximum iterations reached
Number of iterations    : 1
SNES solution time      : 0.00898466 (sec)
--------------------------------------------------------------------------
Residual summary: 
   Continuity: 
      |Div|_inf = 1.733912416110e-06 
      |Div|_2   = 1.110226436056e-05 
   Momentum: 
      |mRes|_2  = 2.758961960625e-04 
--------------------------------------------------------------------------
Actual time step : 0.50000 [ ] 
--------------------------------------------------------------------------
================================ STEP 14 =================================
--------------------------------------------------------------------------
Current time        : 1.53366667 [ ] 
Tentative time step : 0.50000000 [ ] 
--------------------------------------------------------------------------
  0 SNES Function norm 5.359815539139e-02 
  0 PICARD ||F||/||F0||=1.000000e+00 
  Linear js_ solve converged due to CONVERGED_ATOL iterations 3
  1 SNES Function norm 8.592798934392e-03 
--------------------------------------------------------------------------
SNES Convergence Reason : maximum iterations reached
Number of iterations    : 1
SNES solution time      : 0.00772367 (sec)
--------------------------------------------------------------------------
Residual summary: 
   Continuity: 
      |Div|_inf = 4.223088360417e-06 
      |Div|_2   = 1.520378903934e-05 
   Momentum: 
      |mRes|_2  = 8.592785483863e-03 
--------------------------------------------------------------------------
Actual time step : 0.46633 [ ] 
--------------------------------------------------------------------------
================================ STEP 15 =================================
--------------------------------------------------------------------------
Current time        : 2.00000000 [ ] 
Tentative time step : 0.46633333 [ ] 
--------------------------------------------------------------------------
  0 SNES Function norm 4.240627411940e-02 
  0 PICARD ||F||/||F0||=1.000000e+00 
  Linear js_ solve converged due to CONVERGED_ATOL iterations 4
  1 SNES Function norm 2.536738172141e-04 
--------------------------------------------------------------------------
SNES Convergence Reason : maximum iterations reached
Number of iterations    : 1
SNES solution time      : 0.00892005 (sec)
--------------------------------------------------------------------------
Residual summary: 
   Continuity: 
      |Div|_inf = 1.439872781731e-06 
      |Div|_2   = 7.535007329064e-06 
   Momentum: 
      |mRes|_2  = 2.535618843685e-04 
--------------------------------------------------------------------------
Actual time step : 0.50000 [ ] 
--------------------------------------------------------------------------
================================ STEP 16 =================================
--------------------------------------------------------------------------
Current time        : 2.50000000 [ ] 
Tentative time step : 0.50000000 [ ] 
--------------------------------------------------------------------------
  0 SNES Function norm 5.363095586649e-02 
  0 PICARD ||F||/||F0||=1.000000e+00 
  Linear js_ solve converged due to CONVERGED_ATOL iterations 4
  1 SNES Function norm 3.479912558590e-04 
--------------------------------------------------------------------------
SNES Convergence Reason : maximum iterations reached
Number of iterations    : 1
SNES solution time      : 0.00906877 (sec)
--------------------------------------------------------------------------
Residual summary: 
   Continuity: 
      |Div|_inf = 1.474767633406e-06 
      |Div|_2   = 8.779072157819e-06 
   Momentum: 
      |mRes|_2  = 3.478804996639e-04 
--------------------------------------------------------------------------
Actual time step : 0.50000 [ ] 
--------------------------------------------------------------------------
=========================== SOLUTION IS DONE! ============================
--------------------------------------------------------------------------
Total solution time : 0.158814 (sec) 
--------------------------------------------------------------------------
