-------------------------------------------------------------------------- 
                   Lithosphere and Mantle Evolution Model                   
     Compiled: Date: Oct  2 2024 - Time: 12:03:10 	    
     Version : 2.1.4 
-------------------------------------------------------------------------- 
        STAGGERED-GRID FINITE DIFFERENCE CANONICAL IMPLEMENTATION           
-------------------------------------------------------------------------- 
Parsing input file : SS.dat 
   Adding PETSc option: -snes_ksp_ew
   Adding PETSc option: -snes_monitor
   Adding PETSc option: -snes_atol 1e-7
   Adding PETSc option: -snes_rtol 1e-4
   Adding PETSc option: -snes_stol 1e-6
   Adding PETSc option: -snes_max_it 200
   Adding PETSc option: -snes_max_funcs 50000
   Adding PETSc option: -js_ksp_atol 1e-10
   Adding PETSc option: -js_ksp_rtol 1e-3
   Adding PETSc option: -js_ksp_max_it 100
   Adding PETSc option: -res_log
   Adding PETSc option: -snes_linesearch_max_it 50
   Adding PETSc option: -snes_linesearch_type l2
   Adding PETSc option: -snes_linesearch_maxstep 1.0
   Adding PETSc option: -snes_PicardSwitchToNewton_rtol 1e-1
   Adding PETSc option: -js_ksp_monitor
Finished parsing input file 
--------------------------------------------------------------------------
Scaling parameters:
   Temperature : 1. [C/K] 
   Length      : 100. [m] 
   Viscosity   : 1e+18 [Pa*s] 
   Stress      : 4e+07 [Pa] 
--------------------------------------------------------------------------
Time stepping parameters:
   Simulation end time          : 100. [Myr] 
   Maximum number of steps      : 3 
   Time step                    : 0.01 [Myr] 
   Minimum time step            : 0.002 [Myr] 
   Maximum time step            : 2. [Myr] 
   Time step increase factor    : 0.1 
   CFL criterion                : 0.5 
   CFLMAX (fixed time steps)    : 0.8 
   Output time step             : 0.1 [Myr] 
   Output every [n] steps       : 1 
   Output [n] initial steps     : 1 
--------------------------------------------------------------------------
Grid parameters:
   Total number of cpu                  : 2 
   Processor grid  [nx, ny, nz]         : [1, 1, 2]
   Fine grid cells [nx, ny, nz]         : [8, 8, 8]
   Number of cells                      :  512
   Number of faces                      :  1728
   Maximum cell aspect ratio            :  1.00000
   Lower coordinate bounds [bx, by, bz] : [-10., -10., -40.]
   Upper coordinate bounds [ex, ey, ez] : [10., 10., -20.]
--------------------------------------------------------------------------
--------------------------------------------------------------------------
Material parameters: 
--------------------------------------------------------------------------
   Phase ID : 0   
   diffusion creep profile  : Dry_Plagioclase_RybackiDresen_2000
   dislocation creep profile: Dry_Plagioclase_RybackiDresen_2000
   (dens)   : rho = 3000. [kg/m^3]  
   (elast)  : G = 5e+10 [Pa]  Vs = 4082.48 [m/s]  
   (diff)   : Bd = 1.88835 [1/Pa/s]  Ed = 460000. [J/mol]  Vd = 2.4e-05 [m^3/mol]  
   (disl)   : Bn = 2.25536e-05 [1/Pa^n/s]  En = 641000. [J/mol]  Vn = 2.4e-05 [m^3/mol]  n = 3. [ ]  
   (plast)  : ch = 2e+07 [Pa]  fr = 20. [deg]  
   (temp)   : Cp = 1000. [J/kg/K]  k = 2.5 [W/m/k]  

   Phase ID : 1   
   (dens)   : rho = 3000. [kg/m^3]  
   (elast)  : G = 5e+10 [Pa]  Vs = 4082.48 [m/s]  
   (diff)   : eta = 1e+20 [Pa*s]  Bd = 5e-21 [1/Pa/s]  
   (plast)  : ch = 2e+07 [Pa]  fr = 20. [deg]  
   (temp)   : Cp = 1000. [J/kg/K]  k = 2.5 [W/m/k]  

--------------------------------------------------------------------------
--------------------------------------------------------------------------
Boundary condition parameters: 
   No-slip boundary mask [lt rt ft bk bm tp]  : 0 0 0 0 0 0 
   Top boundary temperature                   : 650. [C] 
   Bottom boundary temperature                : 650. [C] 
--------------------------------------------------------------------------
 Warning: True pressure-dependent rheology requires open top boundary (Vd, Vn, Vp, fr, Kb, beta, p_litho_visc, p_litho_plast, open_top_bound)
Solution parameters & controls:
   Gravity [gx, gy, gz]                    : [0., 0., -10.] [m/s^2] 
   Surface stabilization (FSSA)            :  1. 
   Compute initial guess                   @ 
   Use lithostatic pressure for creep      @ 
   Limit pressure at first iteration       @ 
   Applying a pressure shift               : 1000. [MPa] 
   Minimum viscosity                       : 1e+19 [Pa*s] 
   Maximum viscosity                       : 1e+27 [Pa*s] 
   Reference viscosity (initial guess)     : 1e+20 [Pa*s] 
   Universal gas constant                  : 8.31446 [J/mol/K] 
   Ultimate yield stress                   : 1e+09 [Pa] 
   Max. melt fraction (viscosity, density) : 1.    
   Rheology iteration number               : 25  
   Rheology iteration tolerance            : 1e-06    
   Ground water level type                 : none 
--------------------------------------------------------------------------
Advection parameters:
   Advection scheme              : Euler 1-st order (basic implementation)
   Periodic marker advection     : 0 0 0 
   Marker setup scheme           : geometric primitives
   Velocity interpolation scheme : STAG (linear)
   Marker control type           : subgrid 
   Markers per cell [nx, ny, nz] : [3, 3, 3] 
   Marker distribution type      : uniform
   Background phase ID           : 0 
--------------------------------------------------------------------------
Reading geometric primitives ... done (0.000229365 sec)
--------------------------------------------------------------------------
Output parameters:
   Output file name                        : SS_test 
   Write .pvd file                         : yes 
   Phase                                   @ 
   Density                                 @ 
   Total effective viscosity               @ 
   Creep effective viscosity               @ 
   Velocity                                @ 
   Pressure                                @ 
   Total Pressure                          @ 
   Temperature                             @ 
   Deviatoric stress tensor                @ 
   Deviatoric stress second invariant      @ 
   Deviatoric strain rate tensor           @ 
   Deviatoric strain rate second invariant @ 
   Yield stress                            @ 
   Accumulated Plastic Strain (APS)        @ 
   Plastic dissipation                     @ 
   Total displacements                     @ 
   Momentum residual                       @ 
   Continuity residual                     @ 
--------------------------------------------------------------------------
AVD output parameters:
   Write .pvd file       : yes 
   AVD refinement factor : 3 
--------------------------------------------------------------------------
Preconditioner parameters: 
   Matrix type                   : monolithic
   Penalty parameter (pgamma)    : 1.000000e+04
   Schur preconditioner type     : inv_eta 
   Preconditioner type           : user-defined
--------------------------------------------------------------------------
Solver parameters specified: 
   Outermost Krylov solver       : gmres 
   Solver type                   : parallel direct/lu 
   Solver package                : mumps 
--------------------------------------------------------------------------
============================== INITIAL GUESS =============================
--------------------------------------------------------------------------
  0 SNES Function norm 1.587586929203e+00 
  0 PICARD ||F||/||F0||=1.000000e+00 
    Residual norms for js_ solve.
    0 KSP Residual norm 9.719816982480e+01 
    1 KSP Residual norm 6.196022086905e-03 
  Linear js_ solve converged due to CONVERGED_RTOL iterations 1
  1 SNES Function norm 9.719815054053e-05 
--------------------------------------------------------------------------
SNES Convergence Reason : ||F|| < rtol*||F_initial|| 
Number of iterations    : 1
SNES solution time      : 0.0234275 (sec)
--------------------------------------------------------------------------
Residual summary: 
   Continuity: 
      |Div|_inf = 6.561625748021e-06 
      |Div|_2   = 9.719815035836e-05 
   Momentum: 
      |mRes|_2  = 5.950841293438e-09 
--------------------------------------------------------------------------
Saving output ... done (0.00378261 sec)
--------------------------------------------------------------------------
================================= STEP 1 =================================
--------------------------------------------------------------------------
Current time        : 0.00000000 [Myr] 
Tentative time step : 0.01000000 [Myr] 
--------------------------------------------------------------------------
  0 SNES Function norm 1.204200554725e-01 
  0 PICARD ||F||/||F0||=1.000000e+00 
    Residual norms for js_ solve.
    0 KSP Residual norm 1.600707599786e+00 
    1 KSP Residual norm 7.113021156215e-05 
  Linear js_ solve converged due to CONVERGED_RTOL iterations 1
  1 SNES Function norm 2.627165447516e-05 
  1 MMFD   ||F||/||F0||=2.181668e-04 
    Residual norms for js_ solve.
    0 KSP Residual norm 1.674107727399e-04 
    1 KSP Residual norm 6.272715386613e-08 
  Linear js_ solve converged due to CONVERGED_RTOL iterations 1
  2 SNES Function norm 6.566183844935e-08 
--------------------------------------------------------------------------
SNES Convergence Reason : ||F|| < atol 
Number of iterations    : 2
SNES solution time      : 0.0414725 (sec)
--------------------------------------------------------------------------
Residual summary: 
   Continuity: 
      |Div|_inf = 2.269396303501e-12 
      |Div|_2   = 4.438568484434e-12 
   Momentum: 
      |mRes|_2  = 6.566183829934e-08 
--------------------------------------------------------------------------
Actual time step : 0.01000 [Myr] 
--------------------------------------------------------------------------
Performing marker control (subgrid algorithm)
Marker control [0]: (subgrid) cloned 0 markers and merged 0 markers in 2.3515e-04 s
--------------------------------------------------------------------------
Saving output ... done (0.00354191 sec)
--------------------------------------------------------------------------
================================= STEP 2 =================================
--------------------------------------------------------------------------
Current time        : 0.01000000 [Myr] 
Tentative time step : 0.01100000 [Myr] 
--------------------------------------------------------------------------
  0 SNES Function norm 1.168156399323e-01 
  0 PICARD ||F||/||F0||=1.000000e+00 
    Residual norms for js_ solve.
    0 KSP Residual norm 1.693451192062e+00 
    1 KSP Residual norm 1.942299988111e-04 
  Linear js_ solve converged due to CONVERGED_RTOL iterations 1
  1 SNES Function norm 4.192401646237e-02 
  1 PICARD ||F||/||F0||=3.588904e-01 
    Residual norms for js_ solve.
    0 KSP Residual norm 3.598721096322e-01 
    1 KSP Residual norm 1.347366698500e-05 
  Linear js_ solve converged due to CONVERGED_RTOL iterations 1
  2 SNES Function norm 2.553121374786e-02 
  2 PICARD ||F||/||F0||=2.185599e-01 
    Residual norms for js_ solve.
    0 KSP Residual norm 1.790990840133e-01 
    1 KSP Residual norm 6.564699162153e-06 
  Linear js_ solve converged due to CONVERGED_RTOL iterations 1
  3 SNES Function norm 1.986042816886e-01 
  3 PICARD ||F||/||F0||=1.700151e+00 
    Residual norms for js_ solve.
    0 KSP Residual norm 1.945210432135e+00 
    1 KSP Residual norm 4.895602489531e-05 
  Linear js_ solve converged due to CONVERGED_RTOL iterations 1
  4 SNES Function norm 5.703820813891e-04 
  4 MMFD   ||F||/||F0||=4.882754e-03 
    Residual norms for js_ solve.
    0 KSP Residual norm 3.102522671081e-03 
    1 KSP Residual norm 6.709885009715e-07 
  Linear js_ solve converged due to CONVERGED_RTOL iterations 1
  5 SNES Function norm 1.412390087134e-06 
--------------------------------------------------------------------------
SNES Convergence Reason : ||F|| < rtol*||F_initial|| 
Number of iterations    : 5
SNES solution time      : 0.0971344 (sec)
--------------------------------------------------------------------------
Residual summary: 
   Continuity: 
      |Div|_inf = 3.396894348403e-12 
      |Div|_2   = 1.034120581120e-11 
   Momentum: 
      |mRes|_2  = 1.412390087096e-06 
--------------------------------------------------------------------------
Actual time step : 0.01100 [Myr] 
--------------------------------------------------------------------------
Performing marker control (subgrid algorithm)
Marker control [0]: (subgrid) cloned 0 markers and merged 0 markers in 2.3933e-04 s
--------------------------------------------------------------------------
Saving output ... done (0.00354924 sec)
--------------------------------------------------------------------------
================================= STEP 3 =================================
--------------------------------------------------------------------------
Current time        : 0.02100000 [Myr] 
Tentative time step : 0.01210000 [Myr] 
--------------------------------------------------------------------------
  0 SNES Function norm 1.069123802382e-01 
  0 PICARD ||F||/||F0||=1.000000e+00 
    Residual norms for js_ solve.
    0 KSP Residual norm 2.755195831698e+00 
    1 KSP Residual norm 1.228254631794e-04 
  Linear js_ solve converged due to CONVERGED_RTOL iterations 1
  1 SNES Function norm 8.674063139005e-05 
  1 MMFD   ||F||/||F0||=8.113245e-04 
    Residual norms for js_ solve.
    0 KSP Residual norm 6.346297436077e-04 
    1 KSP Residual norm 7.862796695889e-07 
  Linear js_ solve converged due to CONVERGED_RTOL iterations 1
  2 SNES Function norm 8.592461228055e-07 
--------------------------------------------------------------------------
SNES Convergence Reason : ||F|| < rtol*||F_initial|| 
Number of iterations    : 2
SNES solution time      : 0.11052 (sec)
--------------------------------------------------------------------------
Residual summary: 
   Continuity: 
      |Div|_inf = 4.612768419609e-12 
      |Div|_2   = 1.053939951191e-11 
   Momentum: 
      |mRes|_2  = 8.592461227408e-07 
--------------------------------------------------------------------------
Actual time step : 0.01210 [Myr] 
--------------------------------------------------------------------------
Performing marker control (subgrid algorithm)
Marker control [0]: (subgrid) cloned 0 markers and merged 0 markers in 2.3554e-04 s
--------------------------------------------------------------------------
Saving output ... done (0.00341939 sec)
--------------------------------------------------------------------------
=========================== SOLUTION IS DONE! ============================
--------------------------------------------------------------------------
Total solution time : 0.300014 (sec) 
--------------------------------------------------------------------------
